###############################################################################
#
# IAR ELF Linker V9.40.1.364/W64 for ARM                  30/Oct/2023  09:03:50
# Copyright 2007-2023 IAR Systems AB.
#
#    Output file  =
#        C:\Users\torok\Dokumentumok\KiCad_projects\Digital synthesizer
#        project\software_plugpot\EWARM\software_plugpot\Exe\software_plugpot.out
#    Map file     =
#        C:\Users\torok\Dokumentumok\KiCad_projects\Digital synthesizer
#        project\software_plugpot\EWARM\software_plugpot\List\software_plugpot.map
#    Command line =
#        -f "C:\Users\torok\Dokumentumok\KiCad_projects\Digital synthesizer
#        project\software_plugpot\EWARM\software_plugpot\Exe\software_plugpot.out.rsp"
#        ("C:\Users\torok\Dokumentumok\KiCad_projects\Digital synthesizer
#        project\software_plugpot\EWARM\software_plugpot\Obj\Core_13247989168731456611.dir\digitalsynth_plug_i2c.o"
#        "C:\Users\torok\Dokumentumok\KiCad_projects\Digital synthesizer
#        project\software_plugpot\EWARM\software_plugpot\Obj\Core_13247989168731456611.dir\main.o"
#        "C:\Users\torok\Dokumentumok\KiCad_projects\Digital synthesizer
#        project\software_plugpot\EWARM\software_plugpot\Obj\EWARM_18443280873093131863.dir\startup_stm32g030xx.o"
#        "C:\Users\torok\Dokumentumok\KiCad_projects\Digital synthesizer
#        project\software_plugpot\EWARM\software_plugpot\Obj\STM32G0xx_HAL_Driver_14800413719917403617.dir\stm32g0xx_hal.o"
#        "C:\Users\torok\Dokumentumok\KiCad_projects\Digital synthesizer
#        project\software_plugpot\EWARM\software_plugpot\Obj\STM32G0xx_HAL_Driver_14800413719917403617.dir\stm32g0xx_hal_adc.o"
#        "C:\Users\torok\Dokumentumok\KiCad_projects\Digital synthesizer
#        project\software_plugpot\EWARM\software_plugpot\Obj\STM32G0xx_HAL_Driver_14800413719917403617.dir\stm32g0xx_hal_adc_ex.o"
#        "C:\Users\torok\Dokumentumok\KiCad_projects\Digital synthesizer
#        project\software_plugpot\EWARM\software_plugpot\Obj\STM32G0xx_HAL_Driver_14800413719917403617.dir\stm32g0xx_hal_cortex.o"
#        "C:\Users\torok\Dokumentumok\KiCad_projects\Digital synthesizer
#        project\software_plugpot\EWARM\software_plugpot\Obj\STM32G0xx_HAL_Driver_14800413719917403617.dir\stm32g0xx_hal_dma.o"
#        "C:\Users\torok\Dokumentumok\KiCad_projects\Digital synthesizer
#        project\software_plugpot\EWARM\software_plugpot\Obj\STM32G0xx_HAL_Driver_14800413719917403617.dir\stm32g0xx_hal_dma_ex.o"
#        "C:\Users\torok\Dokumentumok\KiCad_projects\Digital synthesizer
#        project\software_plugpot\EWARM\software_plugpot\Obj\STM32G0xx_HAL_Driver_14800413719917403617.dir\stm32g0xx_hal_exti.o"
#        "C:\Users\torok\Dokumentumok\KiCad_projects\Digital synthesizer
#        project\software_plugpot\EWARM\software_plugpot\Obj\STM32G0xx_HAL_Driver_14800413719917403617.dir\stm32g0xx_hal_flash.o"
#        "C:\Users\torok\Dokumentumok\KiCad_projects\Digital synthesizer
#        project\software_plugpot\EWARM\software_plugpot\Obj\STM32G0xx_HAL_Driver_14800413719917403617.dir\stm32g0xx_hal_flash_ex.o"
#        "C:\Users\torok\Dokumentumok\KiCad_projects\Digital synthesizer
#        project\software_plugpot\EWARM\software_plugpot\Obj\STM32G0xx_HAL_Driver_14800413719917403617.dir\stm32g0xx_hal_gpio.o"
#        "C:\Users\torok\Dokumentumok\KiCad_projects\Digital synthesizer
#        project\software_plugpot\EWARM\software_plugpot\Obj\STM32G0xx_HAL_Driver_14800413719917403617.dir\stm32g0xx_hal_i2c.o"
#        "C:\Users\torok\Dokumentumok\KiCad_projects\Digital synthesizer
#        project\software_plugpot\EWARM\software_plugpot\Obj\STM32G0xx_HAL_Driver_14800413719917403617.dir\stm32g0xx_hal_i2c_ex.o"
#        "C:\Users\torok\Dokumentumok\KiCad_projects\Digital synthesizer
#        project\software_plugpot\EWARM\software_plugpot\Obj\Core_13247989168731456611.dir\stm32g0xx_hal_msp.o"
#        "C:\Users\torok\Dokumentumok\KiCad_projects\Digital synthesizer
#        project\software_plugpot\EWARM\software_plugpot\Obj\STM32G0xx_HAL_Driver_14800413719917403617.dir\stm32g0xx_hal_pwr.o"
#        "C:\Users\torok\Dokumentumok\KiCad_projects\Digital synthesizer
#        project\software_plugpot\EWARM\software_plugpot\Obj\STM32G0xx_HAL_Driver_14800413719917403617.dir\stm32g0xx_hal_pwr_ex.o"
#        "C:\Users\torok\Dokumentumok\KiCad_projects\Digital synthesizer
#        project\software_plugpot\EWARM\software_plugpot\Obj\STM32G0xx_HAL_Driver_14800413719917403617.dir\stm32g0xx_hal_rcc.o"
#        "C:\Users\torok\Dokumentumok\KiCad_projects\Digital synthesizer
#        project\software_plugpot\EWARM\software_plugpot\Obj\STM32G0xx_HAL_Driver_14800413719917403617.dir\stm32g0xx_hal_rcc_ex.o"
#        "C:\Users\torok\Dokumentumok\KiCad_projects\Digital synthesizer
#        project\software_plugpot\EWARM\software_plugpot\Obj\STM32G0xx_HAL_Driver_14800413719917403617.dir\stm32g0xx_hal_tim.o"
#        "C:\Users\torok\Dokumentumok\KiCad_projects\Digital synthesizer
#        project\software_plugpot\EWARM\software_plugpot\Obj\STM32G0xx_HAL_Driver_14800413719917403617.dir\stm32g0xx_hal_tim_ex.o"
#        "C:\Users\torok\Dokumentumok\KiCad_projects\Digital synthesizer
#        project\software_plugpot\EWARM\software_plugpot\Obj\Core_13247989168731456611.dir\stm32g0xx_it.o"
#        "C:\Users\torok\Dokumentumok\KiCad_projects\Digital synthesizer
#        project\software_plugpot\EWARM\software_plugpot\Obj\STM32G0xx_HAL_Driver_14800413719917403617.dir\stm32g0xx_ll_adc.o"
#        "C:\Users\torok\Dokumentumok\KiCad_projects\Digital synthesizer
#        project\software_plugpot\EWARM\software_plugpot\Obj\STM32G0xx_HAL_Driver_14800413719917403617.dir\stm32g0xx_ll_dma.o"
#        "C:\Users\torok\Dokumentumok\KiCad_projects\Digital synthesizer
#        project\software_plugpot\EWARM\software_plugpot\Obj\STM32G0xx_HAL_Driver_14800413719917403617.dir\stm32g0xx_ll_rcc.o"
#        "C:\Users\torok\Dokumentumok\KiCad_projects\Digital synthesizer
#        project\software_plugpot\EWARM\software_plugpot\Obj\CMSIS_6603591812247902717.dir\system_stm32g0xx.o"
#        --no_out_extension -o
#        "C:\Users\torok\Dokumentumok\KiCad_projects\Digital synthesizer
#        project\software_plugpot\EWARM\software_plugpot\Exe\software_plugpot.out"
#        --redirect _Printf=_PrintfFullNoMb --redirect _Scanf=_ScanfFullNoMb
#        --map "C:\Users\torok\Dokumentumok\KiCad_projects\Digital synthesizer
#        project\software_plugpot\EWARM\software_plugpot\List\software_plugpot.map"
#        --config "C:\Users\torok\Dokumentumok\KiCad_projects\Digital
#        synthesizer project\software_plugpot\EWARM/stm32g030xx_flash.icf"
#        --semihosting --entry __iar_program_start --vfe --text_out locale
#        --cpu=Cortex-M0+ --fpu=None) --dependencies=n
#        "C:\Users\torok\Dokumentumok\KiCad_projects\Digital synthesizer
#        project\software_plugpot\EWARM\software_plugpot\Exe\software_plugpot.out.iar_deps"
#
###############################################################################

*******************************************************************************
*** RUNTIME MODEL ATTRIBUTES
***

CppFlavor       = *
__CPP_Runtime   = 1
__SystemLibrary = DLib
__dlib_version  = 6


*******************************************************************************
*** HEAP SELECTION
***

The basic heap was selected because --advanced_heap
was not specified and the application did not appear to
be primarily optimized for speed.


*******************************************************************************
*** PLACEMENT SUMMARY
***

"A0":  place at address 0x800'0000 { ro section .intvec };
"P1":  place in [from 0x800'0000 to 0x800'ffff] { ro };
define block CSTACK with size = 1K, alignment = 8 { };
define block HEAP with size = 512, alignment = 8 { };
"P2":  place in [from 0x2000'0000 to 0x2000'1fff] {
          rw, block CSTACK, block HEAP };
initialize by copy { rw };

  Section            Kind         Address    Size  Object
  -------            ----         -------    ----  ------
"A0":                                        0xc0
  .intvec            ro code   0x800'0000    0xc0  startup_stm32g030xx.o [3]
                             - 0x800'00c0    0xc0

"P1":                                      0x1b48
  .text              ro code   0x800'00c0   0x5d0  stm32g0xx_hal_rcc.o [4]
  .text              ro code   0x800'0690     0xc  stm32g0xx_hal.o [4]
  .text              ro code   0x800'069c    0x36  I32DivMod.o [6]
  .text              ro code   0x800'06d2    0x3e  packbits_init_single.o [6]
  .text              ro code   0x800'0710    0x4c  stm32g0xx_hal.o [4]
  .text              ro code   0x800'075c     0x2  IntDivZer.o [6]
  .text              ro code   0x800'075e     0x2  startup_stm32g030xx.o [3]
  .text              ro code   0x800'0760    0x78  stm32g0xx_hal_cortex.o [4]
  .text              ro code   0x800'07d8   0x4cc  stm32g0xx_hal_adc.o [4]
  .text              ro code   0x800'0ca4   0x134  stm32g0xx_hal_msp.o [2]
  .text              ro code   0x800'0dd8    0x14  memset.o [6]
  .text              ro code   0x800'0dec   0x198  stm32g0xx_hal_gpio.o [4]
  .text              ro code   0x800'0f84   0x150  stm32g0xx_hal_rcc_ex.o [4]
  .text              ro code   0x800'10d4   0x3ac  main.o [2]
  .text              ro code   0x800'1480    0x4e  ABImemset.o [6]
  .text              ro code   0x800'14ce     0x2  startup_stm32g030xx.o [3]
  .text              ro code   0x800'14d0    0x28  stm32g0xx_hal.o [4]
  .text              ro code   0x800'14f8    0x34  ABImemcpy.o [6]
  .text              ro code   0x800'152c   0x42c  stm32g0xx_hal_i2c.o [4]
  .text              ro code   0x800'1958    0x4c  stm32g0xx_hal_pwr_ex.o [4]
  .text              ro code   0x800'19a4    0x8c  stm32g0xx_hal_i2c_ex.o [4]
  .text              ro code   0x800'1a30    0x28  stm32g0xx_hal.o [4]
  .rodata            const     0x800'1a58    0x40  system_stm32g0xx.o [1]
  .text              ro code   0x800'1a98    0x3c  zero_init3.o [6]
  .text              ro code   0x800'1ad4    0x28  data_init.o [6]
  .iar.init_table    const     0x800'1afc    0x20  - Linker created -
  .text              ro code   0x800'1b1c    0x1e  cmain.o [6]
  .text              ro code   0x800'1b3a     0x4  low_level_init.o [5]
  .text              ro code   0x800'1b3e     0x8  exit.o [5]
  .text              ro code   0x800'1b46     0x2  startup_stm32g030xx.o [3]
  .text              ro code   0x800'1b48     0xa  cexit.o [6]
  .text              ro code   0x800'1b52     0x2  startup_stm32g030xx.o [3]
  .text              ro code   0x800'1b54    0x14  exit.o [7]
  .text              ro code   0x800'1b68    0x1c  cstartup_M.o [6]
  .text              ro code   0x800'1b84    0x10  startup_stm32g030xx.o [3]
  .text              ro code   0x800'1b94    0x10  stm32g0xx_hal.o [4]
  .text              ro code   0x800'1ba4    0x10  stm32g0xx_it.o [2]
  .text              ro code   0x800'1bb4    0x10  system_stm32g0xx.o [1]
  .text              ro code   0x800'1bc4     0x2  startup_stm32g030xx.o [3]
  .text              ro code   0x800'1bc6     0x2  startup_stm32g030xx.o [3]
  .text              ro code   0x800'1bc8     0x2  startup_stm32g030xx.o [3]
  .text              ro code   0x800'1bca     0x2  startup_stm32g030xx.o [3]
  .text              ro code   0x800'1bcc     0x2  startup_stm32g030xx.o [3]
  .text              ro code   0x800'1bce     0x2  startup_stm32g030xx.o [3]
  .text              ro code   0x800'1bd0     0x2  startup_stm32g030xx.o [3]
  .text              ro code   0x800'1bd2     0x2  startup_stm32g030xx.o [3]
  .text              ro code   0x800'1bd4     0x2  startup_stm32g030xx.o [3]
  .text              ro code   0x800'1bd6     0x2  startup_stm32g030xx.o [3]
  .text              ro code   0x800'1bd8     0x2  startup_stm32g030xx.o [3]
  .text              ro code   0x800'1bda     0x2  startup_stm32g030xx.o [3]
  .text              ro code   0x800'1bdc     0x2  startup_stm32g030xx.o [3]
  .text              ro code   0x800'1bde     0x2  startup_stm32g030xx.o [3]
  .text              ro code   0x800'1be0     0x2  startup_stm32g030xx.o [3]
  .text              ro code   0x800'1be2     0x2  startup_stm32g030xx.o [3]
  .text              ro code   0x800'1be4     0x2  startup_stm32g030xx.o [3]
  .text              ro code   0x800'1be6     0x2  startup_stm32g030xx.o [3]
  .text              ro code   0x800'1be8     0x2  startup_stm32g030xx.o [3]
  .rodata            const     0x800'1bea     0x0  zero_init3.o [6]
  .rodata            const     0x800'1bea     0x0  packbits_init_single.o [6]
  Initializer bytes  const     0x800'1bea    0x1e  <for P2-1>
                             - 0x800'1c08  0x1b48

"P2", part 1 of 3:                           0x9c
  P2-1                        0x2000'0000    0x9c  <Init block>
    .data            inited   0x2000'0000    0x8c  main.o [2]
    .data            inited   0x2000'008c     0xc  stm32g0xx_hal.o [4]
    .data            inited   0x2000'0098     0x4  system_stm32g0xx.o [1]
                            - 0x2000'009c    0x9c

"P2", part 2 of 3:                           0x54
  .bss               zero     0x2000'009c    0x54  main.o [2]
                            - 0x2000'00f0    0x54

"P2", part 3 of 3:                          0x400
  CSTACK                      0x2000'00f0   0x400  <Block>
    CSTACK           uninit   0x2000'00f0   0x400  <Block tail>
                            - 0x2000'04f0   0x400

Unused ranges:

         From           To    Size
         ----           --    ----
   0x800'1c08   0x800'ffff  0xe3f8
  0x2000'04f0  0x2000'1fff  0x1b10


*******************************************************************************
*** INIT TABLE
***

          Address      Size
          -------      ----
Zero (__iar_zero_init3)
    1 destination range, total size 0x54:
          0x2000'009c  0x54

Copy/packbits (__iar_packbits_init_single3)
    1 source range, total size 0x1e (19% of destination):
           0x800'1bea  0x1e
    1 destination range, total size 0x9c:
          0x2000'0000  0x9c



*******************************************************************************
*** MODULE SUMMARY
***

    Module                  ro code  ro data  rw data
    ------                  -------  -------  -------
command line/config:
    -------------------------------------------------
    Total:

C:\Users\torok\Dokumentumok\KiCad_projects\Digital synthesizer project\software_plugpot\EWARM\software_plugpot\Obj\CMSIS_6603591812247902717.dir: [1]
    system_stm32g0xx.o           16       65        4
    -------------------------------------------------
    Total:                       16       65        4

C:\Users\torok\Dokumentumok\KiCad_projects\Digital synthesizer project\software_plugpot\EWARM\software_plugpot\Obj\Core_13247989168731456611.dir: [2]
    main.o                      940       26      224
    stm32g0xx_hal_msp.o         308
    stm32g0xx_it.o               16
    -------------------------------------------------
    Total:                    1'264       26      224

C:\Users\torok\Dokumentumok\KiCad_projects\Digital synthesizer project\software_plugpot\EWARM\software_plugpot\Obj\EWARM_18443280873093131863.dir: [3]
    startup_stm32g030xx.o       254
    -------------------------------------------------
    Total:                      254

C:\Users\torok\Dokumentumok\KiCad_projects\Digital synthesizer project\software_plugpot\EWARM\software_plugpot\Obj\STM32G0xx_HAL_Driver_14800413719917403617.dir: [4]
    stm32g0xx_hal.o             184        3       12
    stm32g0xx_hal_adc.o       1'228
    stm32g0xx_hal_cortex.o      120
    stm32g0xx_hal_gpio.o        408
    stm32g0xx_hal_i2c.o       1'068
    stm32g0xx_hal_i2c_ex.o      140
    stm32g0xx_hal_pwr_ex.o       76
    stm32g0xx_hal_rcc.o       1'488
    stm32g0xx_hal_rcc_ex.o      336
    -------------------------------------------------
    Total:                    5'048        3       12

dl6M_tln.a: [5]
    exit.o                        8
    low_level_init.o              4
    -------------------------------------------------
    Total:                       12

rt6M_tl.a: [6]
    ABImemcpy.o                  52
    ABImemset.o                  78
    I32DivMod.o                  54
    IntDivZer.o                   2
    cexit.o                      10
    cmain.o                      30
    cstartup_M.o                 28
    data_init.o                  40
    memset.o                     20
    packbits_init_single.o       62
    zero_init3.o                 60
    -------------------------------------------------
    Total:                      436

shb_l.a: [7]
    exit.o                       20
    -------------------------------------------------
    Total:                       20

    Linker created                        32    1'024
-----------------------------------------------------
    Grand Total:              7'050      126    1'264


*******************************************************************************
*** ENTRY LIST
***

Entry                       Address   Size  Type      Object
-----                       -------   ----  ----      ------
.iar.init_table$$Base    0x800'1afc          --   Gb  - Linker created -
.iar.init_table$$Limit   0x800'1b1c          --   Gb  - Linker created -
?main                    0x800'1b1d         Code  Gb  cmain.o [6]
ADC1_IRQHandler          0x800'1bd1         Code  Wk  startup_stm32g030xx.o [3]
AHBPrescTable            0x800'1a58   0x40  Data  Gb  system_stm32g0xx.o [1]
CSTACK$$Base            0x2000'00f0          --   Gb  - Linker created -
CSTACK$$Limit           0x2000'04f0          --   Gb  - Linker created -
DMA1_Ch4_5_DMAMUX1_OVR_IRQHandler
                         0x800'1bcf         Code  Wk  startup_stm32g030xx.o [3]
DMA1_Channel1_IRQHandler
                         0x800'1bcb         Code  Wk  startup_stm32g030xx.o [3]
DMA1_Channel2_3_IRQHandler
                         0x800'1bcd         Code  Wk  startup_stm32g030xx.o [3]
EXTI0_1_IRQHandler       0x800'1bc5         Code  Wk  startup_stm32g030xx.o [3]
EXTI2_3_IRQHandler       0x800'1bc7         Code  Wk  startup_stm32g030xx.o [3]
EXTI4_15_IRQHandler      0x800'1bc9         Code  Wk  startup_stm32g030xx.o [3]
Error_Handler            0x800'147d    0x4  Code  Gb  main.o [2]
FLASH_IRQHandler         0x800'1b47         Code  Wk  startup_stm32g030xx.o [3]
HAL_ADC_ConfigChannel    0x800'0a11  0x262  Code  Gb  stm32g0xx_hal_adc.o [4]
HAL_ADC_Init             0x800'07ef  0x1fe  Code  Gb  stm32g0xx_hal_adc.o [4]
HAL_ADC_MspInit          0x800'0ccf   0x76  Code  Gb  stm32g0xx_hal_msp.o [2]
HAL_Delay                0x800'1a31   0x28  Code  Wk  stm32g0xx_hal.o [4]
HAL_GPIO_Init            0x800'0ded  0x162  Code  Gb  stm32g0xx_hal_gpio.o [4]
HAL_GPIO_TogglePin       0x800'0f5b   0x10  Code  Gb  stm32g0xx_hal_gpio.o [4]
HAL_GPIO_WritePin        0x800'0f4f    0xc  Code  Gb  stm32g0xx_hal_gpio.o [4]
HAL_GetTick              0x800'0691    0xc  Code  Wk  stm32g0xx_hal.o [4]
HAL_I2CEx_ConfigAnalogFilter
                         0x800'19a5   0x3a  Code  Gb  stm32g0xx_hal_i2c_ex.o [4]
HAL_I2CEx_ConfigDigitalFilter
                         0x800'19df   0x36  Code  Gb  stm32g0xx_hal_i2c_ex.o [4]
HAL_I2C_Init             0x800'152d   0xa8  Code  Gb  stm32g0xx_hal_i2c.o [4]
HAL_I2C_MspInit          0x800'0d45   0x7c  Code  Gb  stm32g0xx_hal_msp.o [2]
HAL_I2C_Slave_Transmit   0x800'15e1  0x13e  Code  Gb  stm32g0xx_hal_i2c.o [4]
HAL_IncTick              0x800'1b95   0x10  Code  Wk  stm32g0xx_hal.o [4]
HAL_Init                 0x800'14d1   0x24  Code  Gb  stm32g0xx_hal.o [4]
HAL_InitTick             0x800'0711   0x4c  Code  Wk  stm32g0xx_hal.o [4]
HAL_MspInit              0x800'0ca5   0x2a  Code  Gb  stm32g0xx_hal_msp.o [2]
HAL_NVIC_SetPriority     0x800'079b    0x8  Code  Gb  stm32g0xx_hal_cortex.o [4]
HAL_PWREx_ControlVoltageScaling
                         0x800'1959   0x3a  Code  Gb  stm32g0xx_hal_pwr_ex.o [4]
HAL_RCCEx_PeriphCLKConfig
                         0x800'0f85  0x130  Code  Gb  stm32g0xx_hal_rcc_ex.o [4]
HAL_RCC_ClockConfig      0x800'0489  0x14e  Code  Gb  stm32g0xx_hal_rcc.o [4]
HAL_RCC_GetSysClockFreq
                         0x800'05e9   0x82  Code  Gb  stm32g0xx_hal_rcc.o [4]
HAL_RCC_OscConfig        0x800'00c1  0x3b2  Code  Gb  stm32g0xx_hal_rcc.o [4]
HAL_SYSTICK_Config       0x800'07a5   0x28  Code  Gb  stm32g0xx_hal_cortex.o [4]
HardFault_Handler        0x800'1ba7    0x2  Code  Gb  stm32g0xx_it.o [2]
I2C1_IRQHandler          0x800'1bdf         Code  Wk  startup_stm32g030xx.o [3]
I2C2_IRQHandler          0x800'1be1         Code  Wk  startup_stm32g030xx.o [3]
I2C_Flush_TXDR           0x800'173d   0x1c  Code  Lc  stm32g0xx_hal_i2c.o [4]
I2C_IsErrorOccurred      0x800'1855  0x100  Code  Lc  stm32g0xx_hal_i2c.o [4]
I2C_WaitOnFlagUntilTimeout
                         0x800'1759   0x5a  Code  Lc  stm32g0xx_hal_i2c.o [4]
I2C_WaitOnSTOPFlagUntilTimeout
                         0x800'1807   0x4e  Code  Lc  stm32g0xx_hal_i2c.o [4]
I2C_WaitOnTXISFlagUntilTimeout
                         0x800'17b3   0x54  Code  Lc  stm32g0xx_hal_i2c.o [4]
LL_ADC_SetSamplingTimeCommonChannels
                         0x800'07d9   0x16  Code  Lc  stm32g0xx_hal_adc.o [4]
MX_I2C1_Init             0x800'13b7   0x50  Code  Lc  main.o [2]
NMI_Handler              0x800'1ba5    0x2  Code  Gb  stm32g0xx_it.o [2]
PendSV_Handler           0x800'1bab    0x2  Code  Gb  stm32g0xx_it.o [2]
RCC_IRQHandler           0x800'1b53         Code  Wk  startup_stm32g030xx.o [3]
RTC_TAMP_IRQHandler      0x800'14cf         Code  Wk  startup_stm32g030xx.o [3]
Region$$Table$$Base      0x800'1afc          --   Gb  - Linker created -
Region$$Table$$Limit     0x800'1b1c          --   Gb  - Linker created -
Reset_Handler            0x800'1b85         Code  Wk  startup_stm32g030xx.o [3]
SPI1_IRQHandler          0x800'1be3         Code  Wk  startup_stm32g030xx.o [3]
SPI2_IRQHandler          0x800'1be5         Code  Wk  startup_stm32g030xx.o [3]
SVC_Handler              0x800'1ba9    0x2  Code  Gb  stm32g0xx_it.o [2]
SysTick_Handler          0x800'1bad    0x8  Code  Gb  stm32g0xx_it.o [2]
SystemClock_Config       0x800'1359   0x5e  Code  Gb  main.o [2]
SystemCoreClock         0x2000'0098    0x4  Data  Gb  system_stm32g0xx.o [1]
SystemInit               0x800'1bb5    0xa  Code  Gb  system_stm32g0xx.o [1]
TIM14_IRQHandler         0x800'1bd9         Code  Wk  startup_stm32g030xx.o [3]
TIM16_IRQHandler         0x800'1bdb         Code  Wk  startup_stm32g030xx.o [3]
TIM17_IRQHandler         0x800'1bdd         Code  Wk  startup_stm32g030xx.o [3]
TIM1_BRK_UP_TRG_COM_IRQHandler
                         0x800'1bd3         Code  Wk  startup_stm32g030xx.o [3]
TIM1_CC_IRQHandler       0x800'1bd5         Code  Wk  startup_stm32g030xx.o [3]
TIM3_IRQHandler          0x800'1bd7         Code  Wk  startup_stm32g030xx.o [3]
TxData                  0x2000'0068   0x10  Data  Gb  main.o [2]
USART1_IRQHandler        0x800'1be7         Code  Wk  startup_stm32g030xx.o [3]
USART2_IRQHandler        0x800'1be9         Code  Wk  startup_stm32g030xx.o [3]
WWDG_IRQHandler          0x800'075f         Code  Wk  startup_stm32g030xx.o [3]
__ICFEDIT_region_RAM_end__ {Abs}
                        0x2000'1fff         Data  Gb  <internal module>
__ICFEDIT_region_RAM_start__ {Abs}
                        0x2000'0000         Data  Gb  <internal module>
__NVIC_SetPriority       0x800'0761   0x3a  Code  Lc  stm32g0xx_hal_cortex.o [4]
__aeabi_idiv0            0x800'075d         Code  Gb  IntDivZer.o [6]
__aeabi_memcpy4          0x800'14f9         Code  Gb  ABImemcpy.o [6]
__aeabi_memcpy8          0x800'14f9         Code  Gb  ABImemcpy.o [6]
__aeabi_memset           0x800'1481         Code  Gb  ABImemset.o [6]
__cmain                  0x800'1b1d         Code  Gb  cmain.o [6]
__exit                   0x800'1b55   0x14  Code  Gb  exit.o [7]
__iar_Memset4_word       0x800'14a1         Code  Gb  ABImemset.o [6]
__iar_Memset_word        0x800'148d         Code  Gb  ABImemset.o [6]
__iar_data_init3         0x800'1ad5   0x28  Code  Gb  data_init.o [6]
__iar_packbits_init_single3
                         0x800'06d3   0x3e  Code  Gb  packbits_init_single.o [6]
__iar_program_start      0x800'1b69         Code  Gb  cstartup_M.o [6]
__iar_small_uidiv        0x800'069d         Code  Gb  I32DivMod.o [6]
__iar_small_uidivmod     0x800'069d         Code  Gb  I32DivMod.o [6]
__iar_zero_init3         0x800'1a99   0x3c  Code  Gb  zero_init3.o [6]
__low_level_init         0x800'1b3b    0x4  Code  Gb  low_level_init.o [5]
__vector_table           0x800'0000         Data  Gb  startup_stm32g030xx.o [3]
_call_main               0x800'1b29         Code  Gb  cmain.o [6]
_exit                    0x800'1b49         Code  Gb  cexit.o [6]
exit                     0x800'1b3f    0x8  Code  Gb  exit.o [5]
hadc1                   0x2000'0000   0x64  Data  Gb  main.o [2]
hi2c1                   0x2000'009c   0x54  Data  Gb  main.o [2]
i2c_reset                0x800'140d   0x26  Code  Gb  main.o [2]
main                     0x800'10d5  0x27c  Code  Gb  main.o [2]
memset                   0x800'0dd9   0x14  Code  Gb  memset.o [6]
sCont                   0x2000'0078   0x10  Data  Gb  main.o [2]
status                  0x2000'0064    0x1  Data  Gb  main.o [2]
u32LastToggleTick       0x2000'0088    0x4  Data  Gb  main.o [2]
uwTick                  0x2000'0090    0x4  Data  Gb  stm32g0xx_hal.o [4]
uwTickFreq              0x2000'008c    0x1  Data  Gb  stm32g0xx_hal.o [4]
uwTickPrio              0x2000'0094    0x4  Data  Gb  stm32g0xx_hal.o [4]


[1] = C:\Users\torok\Dokumentumok\KiCad_projects\Digital synthesizer project\software_plugpot\EWARM\software_plugpot\Obj\CMSIS_6603591812247902717.dir
[2] = C:\Users\torok\Dokumentumok\KiCad_projects\Digital synthesizer project\software_plugpot\EWARM\software_plugpot\Obj\Core_13247989168731456611.dir
[3] = C:\Users\torok\Dokumentumok\KiCad_projects\Digital synthesizer project\software_plugpot\EWARM\software_plugpot\Obj\EWARM_18443280873093131863.dir
[4] = C:\Users\torok\Dokumentumok\KiCad_projects\Digital synthesizer project\software_plugpot\EWARM\software_plugpot\Obj\STM32G0xx_HAL_Driver_14800413719917403617.dir
[5] = dl6M_tln.a
[6] = rt6M_tl.a
[7] = shb_l.a

  7'050 bytes of readonly  code memory
    126 bytes of readonly  data memory
  1'264 bytes of readwrite data memory

Errors: none
Warnings: none
