###############################################################################
#
# IAR ELF Linker V9.40.1.364/W64 for ARM                  22/Nov/2023  19:26:51
# Copyright 2007-2023 IAR Systems AB.
#
#    Output file  =
#        C:\Users\torok\Dokumentumok\KiCad_projects\Digital synthesizer
#        project\software_plugpot\EWARM\software_plugpot\Exe\software_plugpot.out
#    Map file     =
#        C:\Users\torok\Dokumentumok\KiCad_projects\Digital synthesizer
#        project\software_plugpot\EWARM\software_plugpot\List\software_plugpot.map
#    Command line =
#        -f "C:\Users\torok\Dokumentumok\KiCad_projects\Digital synthesizer
#        project\software_plugpot\EWARM\software_plugpot\Exe\software_plugpot.out.rsp"
#        ("C:\Users\torok\Dokumentumok\KiCad_projects\Digital synthesizer
#        project\software_plugpot\EWARM\software_plugpot\Obj\Core_13247989168731456611.dir\digitalsynth_plug_i2c.o"
#        "C:\Users\torok\Dokumentumok\KiCad_projects\Digital synthesizer
#        project\software_plugpot\EWARM\software_plugpot\Obj\Core_13247989168731456611.dir\main.o"
#        "C:\Users\torok\Dokumentumok\KiCad_projects\Digital synthesizer
#        project\software_plugpot\EWARM\software_plugpot\Obj\EWARM_18443280873093131863.dir\startup_stm32g030xx.o"
#        "C:\Users\torok\Dokumentumok\KiCad_projects\Digital synthesizer
#        project\software_plugpot\EWARM\software_plugpot\Obj\STM32G0xx_HAL_Driver_14800413719917403617.dir\stm32g0xx_hal.o"
#        "C:\Users\torok\Dokumentumok\KiCad_projects\Digital synthesizer
#        project\software_plugpot\EWARM\software_plugpot\Obj\STM32G0xx_HAL_Driver_14800413719917403617.dir\stm32g0xx_hal_adc.o"
#        "C:\Users\torok\Dokumentumok\KiCad_projects\Digital synthesizer
#        project\software_plugpot\EWARM\software_plugpot\Obj\STM32G0xx_HAL_Driver_14800413719917403617.dir\stm32g0xx_hal_adc_ex.o"
#        "C:\Users\torok\Dokumentumok\KiCad_projects\Digital synthesizer
#        project\software_plugpot\EWARM\software_plugpot\Obj\STM32G0xx_HAL_Driver_14800413719917403617.dir\stm32g0xx_hal_cortex.o"
#        "C:\Users\torok\Dokumentumok\KiCad_projects\Digital synthesizer
#        project\software_plugpot\EWARM\software_plugpot\Obj\STM32G0xx_HAL_Driver_14800413719917403617.dir\stm32g0xx_hal_dma.o"
#        "C:\Users\torok\Dokumentumok\KiCad_projects\Digital synthesizer
#        project\software_plugpot\EWARM\software_plugpot\Obj\STM32G0xx_HAL_Driver_14800413719917403617.dir\stm32g0xx_hal_dma_ex.o"
#        "C:\Users\torok\Dokumentumok\KiCad_projects\Digital synthesizer
#        project\software_plugpot\EWARM\software_plugpot\Obj\STM32G0xx_HAL_Driver_14800413719917403617.dir\stm32g0xx_hal_exti.o"
#        "C:\Users\torok\Dokumentumok\KiCad_projects\Digital synthesizer
#        project\software_plugpot\EWARM\software_plugpot\Obj\STM32G0xx_HAL_Driver_14800413719917403617.dir\stm32g0xx_hal_flash.o"
#        "C:\Users\torok\Dokumentumok\KiCad_projects\Digital synthesizer
#        project\software_plugpot\EWARM\software_plugpot\Obj\STM32G0xx_HAL_Driver_14800413719917403617.dir\stm32g0xx_hal_flash_ex.o"
#        "C:\Users\torok\Dokumentumok\KiCad_projects\Digital synthesizer
#        project\software_plugpot\EWARM\software_plugpot\Obj\STM32G0xx_HAL_Driver_14800413719917403617.dir\stm32g0xx_hal_gpio.o"
#        "C:\Users\torok\Dokumentumok\KiCad_projects\Digital synthesizer
#        project\software_plugpot\EWARM\software_plugpot\Obj\STM32G0xx_HAL_Driver_14800413719917403617.dir\stm32g0xx_hal_i2c.o"
#        "C:\Users\torok\Dokumentumok\KiCad_projects\Digital synthesizer
#        project\software_plugpot\EWARM\software_plugpot\Obj\STM32G0xx_HAL_Driver_14800413719917403617.dir\stm32g0xx_hal_i2c_ex.o"
#        "C:\Users\torok\Dokumentumok\KiCad_projects\Digital synthesizer
#        project\software_plugpot\EWARM\software_plugpot\Obj\Core_13247989168731456611.dir\stm32g0xx_hal_msp.o"
#        "C:\Users\torok\Dokumentumok\KiCad_projects\Digital synthesizer
#        project\software_plugpot\EWARM\software_plugpot\Obj\STM32G0xx_HAL_Driver_14800413719917403617.dir\stm32g0xx_hal_pwr.o"
#        "C:\Users\torok\Dokumentumok\KiCad_projects\Digital synthesizer
#        project\software_plugpot\EWARM\software_plugpot\Obj\STM32G0xx_HAL_Driver_14800413719917403617.dir\stm32g0xx_hal_pwr_ex.o"
#        "C:\Users\torok\Dokumentumok\KiCad_projects\Digital synthesizer
#        project\software_plugpot\EWARM\software_plugpot\Obj\STM32G0xx_HAL_Driver_14800413719917403617.dir\stm32g0xx_hal_rcc.o"
#        "C:\Users\torok\Dokumentumok\KiCad_projects\Digital synthesizer
#        project\software_plugpot\EWARM\software_plugpot\Obj\STM32G0xx_HAL_Driver_14800413719917403617.dir\stm32g0xx_hal_rcc_ex.o"
#        "C:\Users\torok\Dokumentumok\KiCad_projects\Digital synthesizer
#        project\software_plugpot\EWARM\software_plugpot\Obj\STM32G0xx_HAL_Driver_14800413719917403617.dir\stm32g0xx_hal_tim.o"
#        "C:\Users\torok\Dokumentumok\KiCad_projects\Digital synthesizer
#        project\software_plugpot\EWARM\software_plugpot\Obj\STM32G0xx_HAL_Driver_14800413719917403617.dir\stm32g0xx_hal_tim_ex.o"
#        "C:\Users\torok\Dokumentumok\KiCad_projects\Digital synthesizer
#        project\software_plugpot\EWARM\software_plugpot\Obj\Core_13247989168731456611.dir\stm32g0xx_it.o"
#        "C:\Users\torok\Dokumentumok\KiCad_projects\Digital synthesizer
#        project\software_plugpot\EWARM\software_plugpot\Obj\STM32G0xx_HAL_Driver_14800413719917403617.dir\stm32g0xx_ll_adc.o"
#        "C:\Users\torok\Dokumentumok\KiCad_projects\Digital synthesizer
#        project\software_plugpot\EWARM\software_plugpot\Obj\STM32G0xx_HAL_Driver_14800413719917403617.dir\stm32g0xx_ll_dma.o"
#        "C:\Users\torok\Dokumentumok\KiCad_projects\Digital synthesizer
#        project\software_plugpot\EWARM\software_plugpot\Obj\STM32G0xx_HAL_Driver_14800413719917403617.dir\stm32g0xx_ll_rcc.o"
#        "C:\Users\torok\Dokumentumok\KiCad_projects\Digital synthesizer
#        project\software_plugpot\EWARM\software_plugpot\Obj\CMSIS_6603591812247902717.dir\system_stm32g0xx.o"
#        --no_out_extension -o
#        "C:\Users\torok\Dokumentumok\KiCad_projects\Digital synthesizer
#        project\software_plugpot\EWARM\software_plugpot\Exe\software_plugpot.out"
#        --redirect _Printf=_PrintfFullNoMb --redirect _Scanf=_ScanfFullNoMb
#        --map "C:\Users\torok\Dokumentumok\KiCad_projects\Digital synthesizer
#        project\software_plugpot\EWARM\software_plugpot\List\software_plugpot.map"
#        --config "C:\Users\torok\Dokumentumok\KiCad_projects\Digital
#        synthesizer project\software_plugpot\EWARM/stm32g030xx_flash.icf"
#        --semihosting --entry __iar_program_start --vfe --text_out locale
#        --cpu=Cortex-M0+ --fpu=None) --dependencies=n
#        "C:\Users\torok\Dokumentumok\KiCad_projects\Digital synthesizer
#        project\software_plugpot\EWARM\software_plugpot\Exe\software_plugpot.out.iar_deps"
#
###############################################################################

*******************************************************************************
*** RUNTIME MODEL ATTRIBUTES
***

CppFlavor       = *
__CPP_Runtime   = 1
__SystemLibrary = DLib
__dlib_version  = 6


*******************************************************************************
*** HEAP SELECTION
***

The basic heap was selected because --advanced_heap
was not specified and the application did not appear to
be primarily optimized for speed.


*******************************************************************************
*** PLACEMENT SUMMARY
***

"A0":  place at address 0x800'0000 { ro section .intvec };
"P1":  place in [from 0x800'0000 to 0x800'ffff] { ro };
define block CSTACK with size = 1K, alignment = 8 { };
define block HEAP with size = 512, alignment = 8 { };
"P2":  place in [from 0x2000'0000 to 0x2000'1fff] {
          rw, block CSTACK, block HEAP };
initialize by copy { rw };

  Section            Kind         Address    Size  Object
  -------            ----         -------    ----  ------
"A0":                                        0xc0
  .intvec            ro code   0x800'0000    0xc0  startup_stm32g030xx.o [3]
                             - 0x800'00c0    0xc0

"P1":                                      0x225e
  .text              ro code   0x800'00c0   0x6e0  stm32g0xx_hal_adc.o [4]
  .text              ro code   0x800'07a0   0x18c  stm32g0xx_hal_msp.o [2]
  .text              ro code   0x800'092c    0x36  I32DivMod.o [6]
  .text              ro code   0x800'0962    0x3e  packbits_init_single.o [6]
  .text              ro code   0x800'09a0   0x2c8  stm32g0xx_hal_dma.o [4]
  .text              ro code   0x800'0c68     0xc  stm32g0xx_hal.o [4]
  .text              ro code   0x800'0c74   0x528  main.o [2]
  .text              ro code   0x800'119c     0x2  stm32g0xx_hal_adc.o [4]
  .text              ro code   0x800'119e    0x14  memset.o [6]
  .text              ro code   0x800'11b2     0x2  startup_stm32g030xx.o [3]
  .text              ro code   0x800'11b4   0x150  stm32g0xx_hal_rcc_ex.o [4]
  .text              ro code   0x800'1304   0x1a4  stm32g0xx_hal_gpio.o [4]
  .text              ro code   0x800'14a8     0x2  IntDivZer.o [6]
  .text              ro code   0x800'14aa     0x2  startup_stm32g030xx.o [3]
  .text              ro code   0x800'14ac    0x28  stm32g0xx_hal.o [4]
  .text              ro code   0x800'14d4    0x90  stm32g0xx_hal_cortex.o [4]
  .text              ro code   0x800'1564    0x34  ABImemcpy.o [6]
  .text              ro code   0x800'1598   0x42c  stm32g0xx_hal_i2c.o [4]
  .text              ro code   0x800'19c4    0x4c  stm32g0xx_hal_pwr_ex.o [4]
  .text              ro code   0x800'1a10   0x5d0  stm32g0xx_hal_rcc.o [4]
  .text              ro code   0x800'1fe0    0x8c  stm32g0xx_hal_i2c_ex.o [4]
  .text              ro code   0x800'206c    0x28  stm32g0xx_hal.o [4]
  .text              ro code   0x800'2094    0x4e  ABImemset.o [6]
  .text              ro code   0x800'20e2     0x2  startup_stm32g030xx.o [3]
  .text              ro code   0x800'20e4    0x4c  stm32g0xx_hal.o [4]
  .rodata            const     0x800'2130    0x40  system_stm32g0xx.o [1]
  .text              ro code   0x800'2170    0x3c  zero_init3.o [6]
  .text              ro code   0x800'21ac    0x28  data_init.o [6]
  .iar.init_table    const     0x800'21d4    0x20  - Linker created -
  .text              ro code   0x800'21f4    0x20  stm32g0xx_it.o [2]
  .text              ro code   0x800'2214    0x10  stm32g0xx_hal.o [4]
  .text              ro code   0x800'2224    0x1e  cmain.o [6]
  .text              ro code   0x800'2242     0x4  low_level_init.o [5]
  .text              ro code   0x800'2246     0x8  exit.o [5]
  .text              ro code   0x800'224e     0x2  startup_stm32g030xx.o [3]
  .text              ro code   0x800'2250     0xa  cexit.o [6]
  .text              ro code   0x800'225a     0x2  startup_stm32g030xx.o [3]
  .text              ro code   0x800'225c    0x14  exit.o [7]
  .text              ro code   0x800'2270    0x1c  cstartup_M.o [6]
  .text              ro code   0x800'228c    0x10  startup_stm32g030xx.o [3]
  .text              ro code   0x800'229c    0x10  system_stm32g0xx.o [1]
  .text              ro code   0x800'22ac     0x2  startup_stm32g030xx.o [3]
  .text              ro code   0x800'22ae     0x2  startup_stm32g030xx.o [3]
  .text              ro code   0x800'22b0     0x2  startup_stm32g030xx.o [3]
  .text              ro code   0x800'22b2     0x2  startup_stm32g030xx.o [3]
  .text              ro code   0x800'22b4     0x2  startup_stm32g030xx.o [3]
  .text              ro code   0x800'22b6     0x2  startup_stm32g030xx.o [3]
  .text              ro code   0x800'22b8     0x2  startup_stm32g030xx.o [3]
  .text              ro code   0x800'22ba     0x2  startup_stm32g030xx.o [3]
  .text              ro code   0x800'22bc     0x2  startup_stm32g030xx.o [3]
  .text              ro code   0x800'22be     0x2  startup_stm32g030xx.o [3]
  .text              ro code   0x800'22c0     0x2  startup_stm32g030xx.o [3]
  .text              ro code   0x800'22c2     0x2  startup_stm32g030xx.o [3]
  .text              ro code   0x800'22c4     0x2  startup_stm32g030xx.o [3]
  .text              ro code   0x800'22c6     0x2  startup_stm32g030xx.o [3]
  .text              ro code   0x800'22c8     0x2  startup_stm32g030xx.o [3]
  .text              ro code   0x800'22ca     0x2  startup_stm32g030xx.o [3]
  .text              ro code   0x800'22cc     0x2  startup_stm32g030xx.o [3]
  .rodata            const     0x800'22ce     0x0  zero_init3.o [6]
  .rodata            const     0x800'22ce     0x0  packbits_init_single.o [6]
  Initializer bytes  const     0x800'22ce    0x50  <for P2-1>
                             - 0x800'231e  0x225e

"P2", part 1 of 3:                           0xc0
  P2-1                        0x2000'0000    0xc0  <Init block>
    .data            inited   0x2000'0000    0xb0  main.o [2]
    .data            inited   0x2000'00b0     0xc  stm32g0xx_hal.o [4]
    .data            inited   0x2000'00bc     0x4  system_stm32g0xx.o [1]
                            - 0x2000'00c0    0xc0

"P2", part 2 of 3:                           0xd0
  .bss               zero     0x2000'00c0    0x5c  main.o [2]
  .bss               zero     0x2000'011c    0x54  main.o [2]
  .bss               zero     0x2000'0170    0x10  main.o [2]
  .bss               zero     0x2000'0180    0x10  main.o [2]
                            - 0x2000'0190    0xd0

"P2", part 3 of 3:                          0x400
  CSTACK                      0x2000'0190   0x400  <Block>
    CSTACK           uninit   0x2000'0190   0x400  <Block tail>
                            - 0x2000'0590   0x400

Unused ranges:

         From           To    Size
         ----           --    ----
   0x800'231e   0x800'ffff  0xdce2
  0x2000'0590  0x2000'1fff  0x1a70


*******************************************************************************
*** INIT TABLE
***

          Address      Size
          -------      ----
Zero (__iar_zero_init3)
    1 destination range, total size 0xd0:
          0x2000'00c0  0xd0

Copy/packbits (__iar_packbits_init_single3)
    1 source range, total size 0x50 (41% of destination):
           0x800'22ce  0x50
    1 destination range, total size 0xc0:
          0x2000'0000  0xc0



*******************************************************************************
*** MODULE SUMMARY
***

    Module                  ro code  ro data  rw data
    ------                  -------  -------  -------
command line/config:
    -------------------------------------------------
    Total:

C:\Users\torok\Dokumentumok\KiCad_projects\Digital synthesizer project\software_plugpot\EWARM\software_plugpot\Obj\CMSIS_6603591812247902717.dir: [1]
    system_stm32g0xx.o           16       66        4
    -------------------------------------------------
    Total:                       16       66        4

C:\Users\torok\Dokumentumok\KiCad_projects\Digital synthesizer project\software_plugpot\EWARM\software_plugpot\Obj\Core_13247989168731456611.dir: [2]
    main.o                    1'320       73      384
    stm32g0xx_hal_msp.o         396
    stm32g0xx_it.o               32
    -------------------------------------------------
    Total:                    1'748       73      384

C:\Users\torok\Dokumentumok\KiCad_projects\Digital synthesizer project\software_plugpot\EWARM\software_plugpot\Obj\EWARM_18443280873093131863.dir: [3]
    startup_stm32g030xx.o       252
    -------------------------------------------------
    Total:                      252

C:\Users\torok\Dokumentumok\KiCad_projects\Digital synthesizer project\software_plugpot\EWARM\software_plugpot\Obj\STM32G0xx_HAL_Driver_14800413719917403617.dir: [4]
    stm32g0xx_hal.o             184        5       12
    stm32g0xx_hal_adc.o       1'762
    stm32g0xx_hal_cortex.o      144
    stm32g0xx_hal_dma.o         712
    stm32g0xx_hal_gpio.o        420
    stm32g0xx_hal_i2c.o       1'068
    stm32g0xx_hal_i2c_ex.o      140
    stm32g0xx_hal_pwr_ex.o       76
    stm32g0xx_hal_rcc.o       1'488
    stm32g0xx_hal_rcc_ex.o      336
    -------------------------------------------------
    Total:                    6'330        5       12

dl6M_tln.a: [5]
    exit.o                        8
    low_level_init.o              4
    -------------------------------------------------
    Total:                       12

rt6M_tl.a: [6]
    ABImemcpy.o                  52
    ABImemset.o                  78
    I32DivMod.o                  54
    IntDivZer.o                   2
    cexit.o                      10
    cmain.o                      30
    cstartup_M.o                 28
    data_init.o                  40
    memset.o                     20
    packbits_init_single.o       62
    zero_init3.o                 60
    -------------------------------------------------
    Total:                      436

shb_l.a: [7]
    exit.o                       20
    -------------------------------------------------
    Total:                       20

    Linker created                        32    1'024
-----------------------------------------------------
    Grand Total:              8'814      176    1'424


*******************************************************************************
*** ENTRY LIST
***

Entry                       Address   Size  Type      Object
-----                       -------   ----  ----      ------
.iar.init_table$$Base    0x800'21d4          --   Gb  - Linker created -
.iar.init_table$$Limit   0x800'21f4          --   Gb  - Linker created -
?main                    0x800'2225         Code  Gb  cmain.o [6]
ADC1_IRQHandler          0x800'22b5         Code  Wk  startup_stm32g030xx.o [3]
ADC_DMAConvCplt          0x800'06e7   0x7c  Code  Lc  stm32g0xx_hal_adc.o [4]
ADC_DMAError             0x800'0787   0x1a  Code  Lc  stm32g0xx_hal_adc.o [4]
ADC_DMAHalfConvCplt      0x800'077d    0xa  Code  Lc  stm32g0xx_hal_adc.o [4]
ADC_Enable               0x800'0651   0x96  Code  Gb  stm32g0xx_hal_adc.o [4]
AHBPrescTable            0x800'2130   0x40  Data  Gb  system_stm32g0xx.o [1]
CSTACK$$Base            0x2000'0190          --   Gb  - Linker created -
CSTACK$$Limit           0x2000'0590          --   Gb  - Linker created -
DMA1_Ch4_5_DMAMUX1_OVR_IRQHandler
                         0x800'22b3         Code  Wk  startup_stm32g030xx.o [3]
DMA1_Channel1_IRQHandler
                         0x800'2205    0xa  Code  Gb  stm32g0xx_it.o [2]
DMA1_Channel2_3_IRQHandler
                         0x800'22b1         Code  Wk  startup_stm32g030xx.o [3]
DMA_CalcDMAMUXChannelBaseAndMask
                         0x800'0c05   0x2a  Code  Lc  stm32g0xx_hal_dma.o [4]
DMA_CalcDMAMUXRequestGenBaseAndMask
                         0x800'0c2f   0x20  Code  Lc  stm32g0xx_hal_dma.o [4]
DMA_SetConfig            0x800'0bc7   0x3e  Code  Lc  stm32g0xx_hal_dma.o [4]
EXTI0_1_IRQHandler       0x800'225b         Code  Wk  startup_stm32g030xx.o [3]
EXTI2_3_IRQHandler       0x800'22ad         Code  Wk  startup_stm32g030xx.o [3]
EXTI4_15_IRQHandler      0x800'22af         Code  Wk  startup_stm32g030xx.o [3]
Error_Handler            0x800'1199    0x4  Code  Gb  main.o [2]
FLASH_IRQHandler         0x800'20e3         Code  Wk  startup_stm32g030xx.o [3]
HAL_ADC_ConfigChannel    0x800'03bd  0x262  Code  Gb  stm32g0xx_hal_adc.o [4]
HAL_ADC_ConvCpltCallback
                         0x800'1151   0x26  Code  Gb  main.o [2]
HAL_ADC_ConvHalfCpltCallback
                         0x800'1121   0x26  Code  Gb  main.o [2]
HAL_ADC_ErrorCallback    0x800'119d    0x2  Code  Wk  stm32g0xx_hal_adc.o [4]
HAL_ADC_Init             0x800'00e7  0x1fe  Code  Gb  stm32g0xx_hal_adc.o [4]
HAL_ADC_MspInit          0x800'07cb   0xc4  Code  Gb  stm32g0xx_hal_msp.o [2]
HAL_ADC_Start_DMA        0x800'0309   0x9e  Code  Gb  stm32g0xx_hal_adc.o [4]
HAL_DMA_IRQHandler       0x800'0add   0xea  Code  Gb  stm32g0xx_hal_dma.o [4]
HAL_DMA_Init             0x800'09a1   0xa4  Code  Gb  stm32g0xx_hal_dma.o [4]
HAL_DMA_Start_IT         0x800'0a45   0x8e  Code  Gb  stm32g0xx_hal_dma.o [4]
HAL_Delay                0x800'206d   0x28  Code  Wk  stm32g0xx_hal.o [4]
HAL_GPIO_Init            0x800'1305  0x162  Code  Gb  stm32g0xx_hal_gpio.o [4]
HAL_GPIO_ReadPin         0x800'1467    0xc  Code  Gb  stm32g0xx_hal_gpio.o [4]
HAL_GPIO_TogglePin       0x800'147f   0x10  Code  Gb  stm32g0xx_hal_gpio.o [4]
HAL_GPIO_WritePin        0x800'1473    0xc  Code  Gb  stm32g0xx_hal_gpio.o [4]
HAL_GetTick              0x800'0c69    0xc  Code  Wk  stm32g0xx_hal.o [4]
HAL_I2CEx_ConfigAnalogFilter
                         0x800'1fe1   0x3a  Code  Gb  stm32g0xx_hal_i2c_ex.o [4]
HAL_I2CEx_ConfigDigitalFilter
                         0x800'201b   0x36  Code  Gb  stm32g0xx_hal_i2c_ex.o [4]
HAL_I2C_Init             0x800'1599   0xa8  Code  Gb  stm32g0xx_hal_i2c.o [4]
HAL_I2C_MspInit          0x800'088f   0x7c  Code  Gb  stm32g0xx_hal_msp.o [2]
HAL_I2C_Slave_Transmit   0x800'164d  0x13e  Code  Gb  stm32g0xx_hal_i2c.o [4]
HAL_IncTick              0x800'2215   0x10  Code  Wk  stm32g0xx_hal.o [4]
HAL_Init                 0x800'14ad   0x24  Code  Gb  stm32g0xx_hal.o [4]
HAL_InitTick             0x800'20e5   0x4c  Code  Wk  stm32g0xx_hal.o [4]
HAL_MspInit              0x800'07a1   0x2a  Code  Gb  stm32g0xx_hal_msp.o [2]
HAL_NVIC_EnableIRQ       0x800'1519   0x12  Code  Gb  stm32g0xx_hal_cortex.o [4]
HAL_NVIC_SetPriority     0x800'150f    0x8  Code  Gb  stm32g0xx_hal_cortex.o [4]
HAL_PWREx_ControlVoltageScaling
                         0x800'19c5   0x3a  Code  Gb  stm32g0xx_hal_pwr_ex.o [4]
HAL_RCCEx_PeriphCLKConfig
                         0x800'11b5  0x130  Code  Gb  stm32g0xx_hal_rcc_ex.o [4]
HAL_RCC_ClockConfig      0x800'1dd9  0x14e  Code  Gb  stm32g0xx_hal_rcc.o [4]
HAL_RCC_GetSysClockFreq
                         0x800'1f39   0x82  Code  Gb  stm32g0xx_hal_rcc.o [4]
HAL_RCC_OscConfig        0x800'1a11  0x3b2  Code  Gb  stm32g0xx_hal_rcc.o [4]
HAL_SYSTICK_Config       0x800'152b   0x28  Code  Gb  stm32g0xx_hal_cortex.o [4]
HardFault_Handler        0x800'21f7    0x2  Code  Gb  stm32g0xx_it.o [2]
I2C1_IRQHandler          0x800'22c3         Code  Wk  startup_stm32g030xx.o [3]
I2C2_IRQHandler          0x800'22c5         Code  Wk  startup_stm32g030xx.o [3]
I2C_Flush_TXDR           0x800'17a9   0x1c  Code  Lc  stm32g0xx_hal_i2c.o [4]
I2C_IsErrorOccurred      0x800'18c1  0x100  Code  Lc  stm32g0xx_hal_i2c.o [4]
I2C_WaitOnFlagUntilTimeout
                         0x800'17c5   0x5a  Code  Lc  stm32g0xx_hal_i2c.o [4]
I2C_WaitOnSTOPFlagUntilTimeout
                         0x800'1873   0x4e  Code  Lc  stm32g0xx_hal_i2c.o [4]
I2C_WaitOnTXISFlagUntilTimeout
                         0x800'181f   0x54  Code  Lc  stm32g0xx_hal_i2c.o [4]
LL_ADC_REG_IsTriggerSourceSWStart
                         0x800'00d7   0x10  Code  Lc  stm32g0xx_hal_adc.o [4]
LL_ADC_SetSamplingTimeCommonChannels
                         0x800'00c1   0x16  Code  Lc  stm32g0xx_hal_adc.o [4]
MX_I2C1_Init             0x800'109b   0x50  Code  Lc  main.o [2]
NMI_Handler              0x800'21f5    0x2  Code  Gb  stm32g0xx_it.o [2]
PendSV_Handler           0x800'21fb    0x2  Code  Gb  stm32g0xx_it.o [2]
RCC_IRQHandler           0x800'224f         Code  Wk  startup_stm32g030xx.o [3]
RTC_TAMP_IRQHandler      0x800'14ab         Code  Wk  startup_stm32g030xx.o [3]
Region$$Table$$Base      0x800'21d4          --   Gb  - Linker created -
Region$$Table$$Limit     0x800'21f4          --   Gb  - Linker created -
Reset_Handler            0x800'228d         Code  Wk  startup_stm32g030xx.o [3]
SPI1_IRQHandler          0x800'22c7         Code  Wk  startup_stm32g030xx.o [3]
SPI2_IRQHandler          0x800'22c9         Code  Wk  startup_stm32g030xx.o [3]
SVC_Handler              0x800'21f9    0x2  Code  Gb  stm32g0xx_it.o [2]
SysTick_Handler          0x800'21fd    0x8  Code  Gb  stm32g0xx_it.o [2]
SystemClock_Config       0x800'103d   0x5e  Code  Gb  main.o [2]
SystemCoreClock         0x2000'00bc    0x4  Data  Gb  system_stm32g0xx.o [1]
SystemInit               0x800'229d    0xa  Code  Gb  system_stm32g0xx.o [1]
TIM14_IRQHandler         0x800'22bd         Code  Wk  startup_stm32g030xx.o [3]
TIM16_IRQHandler         0x800'22bf         Code  Wk  startup_stm32g030xx.o [3]
TIM17_IRQHandler         0x800'22c1         Code  Wk  startup_stm32g030xx.o [3]
TIM1_BRK_UP_TRG_COM_IRQHandler
                         0x800'22b7         Code  Wk  startup_stm32g030xx.o [3]
TIM1_CC_IRQHandler       0x800'22b9         Code  Wk  startup_stm32g030xx.o [3]
TIM3_IRQHandler          0x800'22bb         Code  Wk  startup_stm32g030xx.o [3]
TxData                  0x2000'0068   0x10  Data  Gb  main.o [2]
USART1_IRQHandler        0x800'22cb         Code  Wk  startup_stm32g030xx.o [3]
USART2_IRQHandler        0x800'22cd         Code  Wk  startup_stm32g030xx.o [3]
WWDG_IRQHandler          0x800'11b3         Code  Wk  startup_stm32g030xx.o [3]
__ICFEDIT_region_RAM_end__ {Abs}
                        0x2000'1fff         Data  Gb  <internal module>
__ICFEDIT_region_RAM_start__ {Abs}
                        0x2000'0000         Data  Gb  <internal module>
__NVIC_SetPriority       0x800'14d5   0x3a  Code  Lc  stm32g0xx_hal_cortex.o [4]
__aeabi_idiv0            0x800'14a9         Code  Gb  IntDivZer.o [6]
__aeabi_memcpy4          0x800'1565         Code  Gb  ABImemcpy.o [6]
__aeabi_memcpy8          0x800'1565         Code  Gb  ABImemcpy.o [6]
__aeabi_memset           0x800'2095         Code  Gb  ABImemset.o [6]
__cmain                  0x800'2225         Code  Gb  cmain.o [6]
__exit                   0x800'225d   0x14  Code  Gb  exit.o [7]
__iar_Memset4_word       0x800'20b5         Code  Gb  ABImemset.o [6]
__iar_Memset_word        0x800'20a1         Code  Gb  ABImemset.o [6]
__iar_data_init3         0x800'21ad   0x28  Code  Gb  data_init.o [6]
__iar_packbits_init_single3
                         0x800'0963   0x3e  Code  Gb  packbits_init_single.o [6]
__iar_program_start      0x800'2271         Code  Gb  cstartup_M.o [6]
__iar_small_uidiv        0x800'092d         Code  Gb  I32DivMod.o [6]
__iar_small_uidivmod     0x800'092d         Code  Gb  I32DivMod.o [6]
__iar_zero_init3         0x800'2171   0x3c  Code  Gb  zero_init3.o [6]
__low_level_init         0x800'2243    0x4  Code  Gb  low_level_init.o [5]
__vector_table           0x800'0000         Data  Gb  startup_stm32g030xx.o [3]
_call_main               0x800'2231         Code  Gb  cmain.o [6]
_exit                    0x800'2251         Code  Gb  cexit.o [6]
arrSWGPIOPort           0x2000'0088   0x20  Data  Gb  main.o [2]
arrSWPin                0x2000'0078   0x10  Data  Gb  main.o [2]
arru8adc_buf            0x2000'0180   0x10  Data  Gb  main.o [2]
exit                     0x800'2247    0x8  Code  Gb  exit.o [5]
hadc1                   0x2000'0000   0x64  Data  Gb  main.o [2]
hdma_adc1               0x2000'00c0   0x5c  Data  Gb  main.o [2]
hi2c1                   0x2000'011c   0x54  Data  Gb  main.o [2]
i2c_reset                0x800'10f1   0x26  Code  Gb  main.o [2]
main                     0x800'0c75  0x3a0  Code  Gb  main.o [2]
memset                   0x800'119f   0x14  Code  Gb  memset.o [6]
sCont                   0x2000'0170   0x10  Data  Gb  main.o [2]
status                  0x2000'0064    0x1  Data  Gb  main.o [2]
u32LastToggleTick       0x2000'00a8    0x4  Data  Gb  main.o [2]
u32SWReadTick           0x2000'00ac    0x4  Data  Gb  main.o [2]
uwTick                  0x2000'00b4    0x4  Data  Gb  stm32g0xx_hal.o [4]
uwTickFreq              0x2000'00b0    0x1  Data  Gb  stm32g0xx_hal.o [4]
uwTickPrio              0x2000'00b8    0x4  Data  Gb  stm32g0xx_hal.o [4]


[1] = C:\Users\torok\Dokumentumok\KiCad_projects\Digital synthesizer project\software_plugpot\EWARM\software_plugpot\Obj\CMSIS_6603591812247902717.dir
[2] = C:\Users\torok\Dokumentumok\KiCad_projects\Digital synthesizer project\software_plugpot\EWARM\software_plugpot\Obj\Core_13247989168731456611.dir
[3] = C:\Users\torok\Dokumentumok\KiCad_projects\Digital synthesizer project\software_plugpot\EWARM\software_plugpot\Obj\EWARM_18443280873093131863.dir
[4] = C:\Users\torok\Dokumentumok\KiCad_projects\Digital synthesizer project\software_plugpot\EWARM\software_plugpot\Obj\STM32G0xx_HAL_Driver_14800413719917403617.dir
[5] = dl6M_tln.a
[6] = rt6M_tl.a
[7] = shb_l.a

  8'814 bytes of readonly  code memory
    176 bytes of readonly  data memory
  1'424 bytes of readwrite data memory

Errors: none
Warnings: none
