###############################################################################
#
# IAR ELF Linker V9.40.1.364/W64 for ARM                  18/Oct/2023  16:57:48
# Copyright 2007-2023 IAR Systems AB.
#
#    Output file  =
#        C:\Users\torok\Dokumentumok\KiCad_projects\Digital synthesizer
#        project\software_plugpot\EWARM\software_plugpot\Exe\software_plugpot.out
#    Map file     =
#        C:\Users\torok\Dokumentumok\KiCad_projects\Digital synthesizer
#        project\software_plugpot\EWARM\software_plugpot\List\software_plugpot.map
#    Command line =
#        -f "C:\Users\torok\Dokumentumok\KiCad_projects\Digital synthesizer
#        project\software_plugpot\EWARM\software_plugpot\Exe\software_plugpot.out.rsp"
#        ("C:\Users\torok\Dokumentumok\KiCad_projects\Digital synthesizer
#        project\software_plugpot\EWARM\software_plugpot\Obj\Core_13247989168731456611.dir\digitalsynth_plug_i2c.o"
#        "C:\Users\torok\Dokumentumok\KiCad_projects\Digital synthesizer
#        project\software_plugpot\EWARM\software_plugpot\Obj\Core_13247989168731456611.dir\main.o"
#        "C:\Users\torok\Dokumentumok\KiCad_projects\Digital synthesizer
#        project\software_plugpot\EWARM\software_plugpot\Obj\EWARM_18443280873093131863.dir\startup_stm32g030xx.o"
#        "C:\Users\torok\Dokumentumok\KiCad_projects\Digital synthesizer
#        project\software_plugpot\EWARM\software_plugpot\Obj\STM32G0xx_HAL_Driver_14800413719917403617.dir\stm32g0xx_hal.o"
#        "C:\Users\torok\Dokumentumok\KiCad_projects\Digital synthesizer
#        project\software_plugpot\EWARM\software_plugpot\Obj\STM32G0xx_HAL_Driver_14800413719917403617.dir\stm32g0xx_hal_adc.o"
#        "C:\Users\torok\Dokumentumok\KiCad_projects\Digital synthesizer
#        project\software_plugpot\EWARM\software_plugpot\Obj\STM32G0xx_HAL_Driver_14800413719917403617.dir\stm32g0xx_hal_adc_ex.o"
#        "C:\Users\torok\Dokumentumok\KiCad_projects\Digital synthesizer
#        project\software_plugpot\EWARM\software_plugpot\Obj\STM32G0xx_HAL_Driver_14800413719917403617.dir\stm32g0xx_hal_cortex.o"
#        "C:\Users\torok\Dokumentumok\KiCad_projects\Digital synthesizer
#        project\software_plugpot\EWARM\software_plugpot\Obj\STM32G0xx_HAL_Driver_14800413719917403617.dir\stm32g0xx_hal_dma.o"
#        "C:\Users\torok\Dokumentumok\KiCad_projects\Digital synthesizer
#        project\software_plugpot\EWARM\software_plugpot\Obj\STM32G0xx_HAL_Driver_14800413719917403617.dir\stm32g0xx_hal_dma_ex.o"
#        "C:\Users\torok\Dokumentumok\KiCad_projects\Digital synthesizer
#        project\software_plugpot\EWARM\software_plugpot\Obj\STM32G0xx_HAL_Driver_14800413719917403617.dir\stm32g0xx_hal_exti.o"
#        "C:\Users\torok\Dokumentumok\KiCad_projects\Digital synthesizer
#        project\software_plugpot\EWARM\software_plugpot\Obj\STM32G0xx_HAL_Driver_14800413719917403617.dir\stm32g0xx_hal_flash.o"
#        "C:\Users\torok\Dokumentumok\KiCad_projects\Digital synthesizer
#        project\software_plugpot\EWARM\software_plugpot\Obj\STM32G0xx_HAL_Driver_14800413719917403617.dir\stm32g0xx_hal_flash_ex.o"
#        "C:\Users\torok\Dokumentumok\KiCad_projects\Digital synthesizer
#        project\software_plugpot\EWARM\software_plugpot\Obj\STM32G0xx_HAL_Driver_14800413719917403617.dir\stm32g0xx_hal_gpio.o"
#        "C:\Users\torok\Dokumentumok\KiCad_projects\Digital synthesizer
#        project\software_plugpot\EWARM\software_plugpot\Obj\STM32G0xx_HAL_Driver_14800413719917403617.dir\stm32g0xx_hal_i2c.o"
#        "C:\Users\torok\Dokumentumok\KiCad_projects\Digital synthesizer
#        project\software_plugpot\EWARM\software_plugpot\Obj\STM32G0xx_HAL_Driver_14800413719917403617.dir\stm32g0xx_hal_i2c_ex.o"
#        "C:\Users\torok\Dokumentumok\KiCad_projects\Digital synthesizer
#        project\software_plugpot\EWARM\software_plugpot\Obj\Core_13247989168731456611.dir\stm32g0xx_hal_msp.o"
#        "C:\Users\torok\Dokumentumok\KiCad_projects\Digital synthesizer
#        project\software_plugpot\EWARM\software_plugpot\Obj\STM32G0xx_HAL_Driver_14800413719917403617.dir\stm32g0xx_hal_pwr.o"
#        "C:\Users\torok\Dokumentumok\KiCad_projects\Digital synthesizer
#        project\software_plugpot\EWARM\software_plugpot\Obj\STM32G0xx_HAL_Driver_14800413719917403617.dir\stm32g0xx_hal_pwr_ex.o"
#        "C:\Users\torok\Dokumentumok\KiCad_projects\Digital synthesizer
#        project\software_plugpot\EWARM\software_plugpot\Obj\STM32G0xx_HAL_Driver_14800413719917403617.dir\stm32g0xx_hal_rcc.o"
#        "C:\Users\torok\Dokumentumok\KiCad_projects\Digital synthesizer
#        project\software_plugpot\EWARM\software_plugpot\Obj\STM32G0xx_HAL_Driver_14800413719917403617.dir\stm32g0xx_hal_rcc_ex.o"
#        "C:\Users\torok\Dokumentumok\KiCad_projects\Digital synthesizer
#        project\software_plugpot\EWARM\software_plugpot\Obj\STM32G0xx_HAL_Driver_14800413719917403617.dir\stm32g0xx_hal_tim.o"
#        "C:\Users\torok\Dokumentumok\KiCad_projects\Digital synthesizer
#        project\software_plugpot\EWARM\software_plugpot\Obj\STM32G0xx_HAL_Driver_14800413719917403617.dir\stm32g0xx_hal_tim_ex.o"
#        "C:\Users\torok\Dokumentumok\KiCad_projects\Digital synthesizer
#        project\software_plugpot\EWARM\software_plugpot\Obj\Core_13247989168731456611.dir\stm32g0xx_it.o"
#        "C:\Users\torok\Dokumentumok\KiCad_projects\Digital synthesizer
#        project\software_plugpot\EWARM\software_plugpot\Obj\STM32G0xx_HAL_Driver_14800413719917403617.dir\stm32g0xx_ll_adc.o"
#        "C:\Users\torok\Dokumentumok\KiCad_projects\Digital synthesizer
#        project\software_plugpot\EWARM\software_plugpot\Obj\STM32G0xx_HAL_Driver_14800413719917403617.dir\stm32g0xx_ll_dma.o"
#        "C:\Users\torok\Dokumentumok\KiCad_projects\Digital synthesizer
#        project\software_plugpot\EWARM\software_plugpot\Obj\STM32G0xx_HAL_Driver_14800413719917403617.dir\stm32g0xx_ll_rcc.o"
#        "C:\Users\torok\Dokumentumok\KiCad_projects\Digital synthesizer
#        project\software_plugpot\EWARM\software_plugpot\Obj\CMSIS_6603591812247902717.dir\system_stm32g0xx.o"
#        --no_out_extension -o
#        "C:\Users\torok\Dokumentumok\KiCad_projects\Digital synthesizer
#        project\software_plugpot\EWARM\software_plugpot\Exe\software_plugpot.out"
#        --redirect _Printf=_PrintfFullNoMb --redirect _Scanf=_ScanfFullNoMb
#        --map "C:\Users\torok\Dokumentumok\KiCad_projects\Digital synthesizer
#        project\software_plugpot\EWARM\software_plugpot\List\software_plugpot.map"
#        --config "C:\Users\torok\Dokumentumok\KiCad_projects\Digital
#        synthesizer project\software_plugpot\EWARM/stm32g030xx_flash.icf"
#        --semihosting --entry __iar_program_start --vfe --text_out locale
#        --cpu=Cortex-M0+ --fpu=None) --dependencies=n
#        "C:\Users\torok\Dokumentumok\KiCad_projects\Digital synthesizer
#        project\software_plugpot\EWARM\software_plugpot\Exe\software_plugpot.out.iar_deps"
#
###############################################################################

*******************************************************************************
*** RUNTIME MODEL ATTRIBUTES
***

CppFlavor       = *
__CPP_Runtime   = 1
__SystemLibrary = DLib
__dlib_version  = 6


*******************************************************************************
*** HEAP SELECTION
***

The basic heap was selected because --advanced_heap
was not specified and the application did not appear to
be primarily optimized for speed.


*******************************************************************************
*** PLACEMENT SUMMARY
***

"A0":  place at address 0x800'0000 { ro section .intvec };
"P1":  place in [from 0x800'0000 to 0x800'ffff] { ro };
define block CSTACK with size = 1K, alignment = 8 { };
define block HEAP with size = 512, alignment = 8 { };
"P2":  place in [from 0x2000'0000 to 0x2000'1fff] {
          rw, block CSTACK, block HEAP };
initialize by copy { rw };

  Section            Kind         Address    Size  Object
  -------            ----         -------    ----  ------
"A0":                                        0xc0
  .intvec            ro code   0x800'0000    0xc0  startup_stm32g030xx.o [3]
                             - 0x800'00c0    0xc0

"P1":                                      0x1a76
  .text              ro code   0x800'00c0   0x5d0  stm32g0xx_hal_rcc.o [4]
  .text              ro code   0x800'0690     0xc  stm32g0xx_hal.o [4]
  .text              ro code   0x800'069c    0x36  I32DivMod.o [6]
  .text              ro code   0x800'06d2    0x3e  packbits_init_single.o [6]
  .text              ro code   0x800'0710    0x4c  stm32g0xx_hal.o [4]
  .text              ro code   0x800'075c     0x2  IntDivZer.o [6]
  .text              ro code   0x800'075e     0x2  startup_stm32g030xx.o [3]
  .text              ro code   0x800'0760    0x78  stm32g0xx_hal_cortex.o [4]
  .text              ro code   0x800'07d8   0x4cc  stm32g0xx_hal_adc.o [4]
  .text              ro code   0x800'0ca4   0x134  stm32g0xx_hal_msp.o [2]
  .text              ro code   0x800'0dd8    0x14  memset.o [6]
  .text              ro code   0x800'0dec   0x198  stm32g0xx_hal_gpio.o [4]
  .text              ro code   0x800'0f84   0x150  stm32g0xx_hal_rcc_ex.o [4]
  .text              ro code   0x800'10d4   0x34e  main.o [2]
  .text              ro code   0x800'1422     0x2  startup_stm32g030xx.o [3]
  .text              ro code   0x800'1424    0x4e  ABImemset.o [6]
  .text              ro code   0x800'1472     0x2  startup_stm32g030xx.o [3]
  .text              ro code   0x800'1474    0x28  stm32g0xx_hal.o [4]
  .text              ro code   0x800'149c   0x42c  stm32g0xx_hal_i2c.o [4]
  .text              ro code   0x800'18c8    0x8c  stm32g0xx_hal_i2c_ex.o [4]
  .text              ro code   0x800'1954    0x34  ABImemcpy.o [6]
  .text              ro code   0x800'1988    0x4c  stm32g0xx_hal_pwr_ex.o [4]
  .rodata            const     0x800'19d4    0x40  system_stm32g0xx.o [1]
  .text              ro code   0x800'1a14    0x28  data_init.o [6]
  .iar.init_table    const     0x800'1a3c    0x10  - Linker created -
  .text              ro code   0x800'1a4c    0x1e  cmain.o [6]
  .text              ro code   0x800'1a6a     0x4  low_level_init.o [5]
  .text              ro code   0x800'1a6e     0x8  exit.o [5]
  .text              ro code   0x800'1a76     0x2  startup_stm32g030xx.o [3]
  .text              ro code   0x800'1a78     0xa  cexit.o [6]
  .text              ro code   0x800'1a82     0x2  startup_stm32g030xx.o [3]
  .text              ro code   0x800'1a84    0x14  exit.o [7]
  .text              ro code   0x800'1a98    0x1c  cstartup_M.o [6]
  .text              ro code   0x800'1ab4    0x10  startup_stm32g030xx.o [3]
  .text              ro code   0x800'1ac4    0x10  stm32g0xx_hal.o [4]
  .text              ro code   0x800'1ad4    0x10  stm32g0xx_it.o [2]
  .text              ro code   0x800'1ae4    0x10  system_stm32g0xx.o [1]
  .text              ro code   0x800'1af4     0x2  startup_stm32g030xx.o [3]
  .text              ro code   0x800'1af6     0x2  startup_stm32g030xx.o [3]
  .text              ro code   0x800'1af8     0x2  startup_stm32g030xx.o [3]
  .text              ro code   0x800'1afa     0x2  startup_stm32g030xx.o [3]
  .text              ro code   0x800'1afc     0x2  startup_stm32g030xx.o [3]
  .text              ro code   0x800'1afe     0x2  startup_stm32g030xx.o [3]
  .text              ro code   0x800'1b00     0x2  startup_stm32g030xx.o [3]
  .text              ro code   0x800'1b02     0x2  startup_stm32g030xx.o [3]
  .text              ro code   0x800'1b04     0x2  startup_stm32g030xx.o [3]
  .text              ro code   0x800'1b06     0x2  startup_stm32g030xx.o [3]
  .text              ro code   0x800'1b08     0x2  startup_stm32g030xx.o [3]
  .text              ro code   0x800'1b0a     0x2  startup_stm32g030xx.o [3]
  .text              ro code   0x800'1b0c     0x2  startup_stm32g030xx.o [3]
  .text              ro code   0x800'1b0e     0x2  startup_stm32g030xx.o [3]
  .text              ro code   0x800'1b10     0x2  startup_stm32g030xx.o [3]
  .text              ro code   0x800'1b12     0x2  startup_stm32g030xx.o [3]
  .text              ro code   0x800'1b14     0x2  startup_stm32g030xx.o [3]
  .text              ro code   0x800'1b16     0x2  startup_stm32g030xx.o [3]
  .rodata            const     0x800'1b18     0x0  packbits_init_single.o [6]
  Initializer bytes  const     0x800'1b18    0x1e  <for P2-1>
                             - 0x800'1b36  0x1a76

"P2", part 1 of 2:                           0xf4
  P2-1                        0x2000'0000    0xf4  <Init block>
    .data            inited   0x2000'0000    0xe4  main.o [2]
    .data            inited   0x2000'00e4     0xc  stm32g0xx_hal.o [4]
    .data            inited   0x2000'00f0     0x4  system_stm32g0xx.o [1]
                            - 0x2000'00f4    0xf4

"P2", part 2 of 2:                          0x400
  CSTACK                      0x2000'00f8   0x400  <Block>
    CSTACK           uninit   0x2000'00f8   0x400  <Block tail>
                            - 0x2000'04f8   0x400

Unused ranges:

         From           To    Size
         ----           --    ----
   0x800'1b36   0x800'ffff  0xe4ca
  0x2000'00f4  0x2000'00f7     0x4
  0x2000'04f8  0x2000'1fff  0x1b08


*******************************************************************************
*** INIT TABLE
***

          Address      Size
          -------      ----
Copy/packbits (__iar_packbits_init_single3)
    1 source range, total size 0x1e (12% of destination):
           0x800'1b18  0x1e
    1 destination range, total size 0xf4:
          0x2000'0000  0xf4



*******************************************************************************
*** MODULE SUMMARY
***

    Module                  ro code  ro data  rw data
    ------                  -------  -------  -------
command line/config:
    -------------------------------------------------
    Total:

C:\Users\torok\Dokumentumok\KiCad_projects\Digital synthesizer project\software_plugpot\EWARM\software_plugpot\Obj\CMSIS_6603591812247902717.dir: [1]
    system_stm32g0xx.o           16       65        4
    -------------------------------------------------
    Total:                       16       65        4

C:\Users\torok\Dokumentumok\KiCad_projects\Digital synthesizer project\software_plugpot\EWARM\software_plugpot\Obj\Core_13247989168731456611.dir: [2]
    main.o                      846       28      228
    stm32g0xx_hal_msp.o         308
    stm32g0xx_it.o               16
    -------------------------------------------------
    Total:                    1'170       28      228

C:\Users\torok\Dokumentumok\KiCad_projects\Digital synthesizer project\software_plugpot\EWARM\software_plugpot\Obj\EWARM_18443280873093131863.dir: [3]
    startup_stm32g030xx.o       254
    -------------------------------------------------
    Total:                      254

C:\Users\torok\Dokumentumok\KiCad_projects\Digital synthesizer project\software_plugpot\EWARM\software_plugpot\Obj\STM32G0xx_HAL_Driver_14800413719917403617.dir: [4]
    stm32g0xx_hal.o             144        1       12
    stm32g0xx_hal_adc.o       1'228
    stm32g0xx_hal_cortex.o      120
    stm32g0xx_hal_gpio.o        408
    stm32g0xx_hal_i2c.o       1'068
    stm32g0xx_hal_i2c_ex.o      140
    stm32g0xx_hal_pwr_ex.o       76
    stm32g0xx_hal_rcc.o       1'488
    stm32g0xx_hal_rcc_ex.o      336
    -------------------------------------------------
    Total:                    5'008        1       12

dl6M_tln.a: [5]
    exit.o                        8
    low_level_init.o              4
    -------------------------------------------------
    Total:                       12

rt6M_tl.a: [6]
    ABImemcpy.o                  52
    ABImemset.o                  78
    I32DivMod.o                  54
    IntDivZer.o                   2
    cexit.o                      10
    cmain.o                      30
    cstartup_M.o                 28
    data_init.o                  40
    memset.o                     20
    packbits_init_single.o       62
    -------------------------------------------------
    Total:                      376

shb_l.a: [7]
    exit.o                       20
    -------------------------------------------------
    Total:                       20

    Linker created                        16    1'024
-----------------------------------------------------
    Grand Total:              6'856      110    1'268


*******************************************************************************
*** ENTRY LIST
***

Entry                       Address   Size  Type      Object
-----                       -------   ----  ----      ------
.iar.init_table$$Base    0x800'1a3c          --   Gb  - Linker created -
.iar.init_table$$Limit   0x800'1a4c          --   Gb  - Linker created -
?main                    0x800'1a4d         Code  Gb  cmain.o [6]
ADC1_IRQHandler          0x800'1aff         Code  Wk  startup_stm32g030xx.o [3]
AHBPrescTable            0x800'19d4   0x40  Data  Gb  system_stm32g0xx.o [1]
CSTACK$$Base            0x2000'00f8          --   Gb  - Linker created -
CSTACK$$Limit           0x2000'04f8          --   Gb  - Linker created -
DMA1_Ch4_5_DMAMUX1_OVR_IRQHandler
                         0x800'1afd         Code  Wk  startup_stm32g030xx.o [3]
DMA1_Channel1_IRQHandler
                         0x800'1af9         Code  Wk  startup_stm32g030xx.o [3]
DMA1_Channel2_3_IRQHandler
                         0x800'1afb         Code  Wk  startup_stm32g030xx.o [3]
EXTI0_1_IRQHandler       0x800'1a83         Code  Wk  startup_stm32g030xx.o [3]
EXTI2_3_IRQHandler       0x800'1af5         Code  Wk  startup_stm32g030xx.o [3]
EXTI4_15_IRQHandler      0x800'1af7         Code  Wk  startup_stm32g030xx.o [3]
Error_Handler            0x800'141f    0x4  Code  Gb  main.o [2]
FLASH_IRQHandler         0x800'1473         Code  Wk  startup_stm32g030xx.o [3]
HAL_ADC_ConfigChannel    0x800'0a11  0x262  Code  Gb  stm32g0xx_hal_adc.o [4]
HAL_ADC_Init             0x800'07ef  0x1fe  Code  Gb  stm32g0xx_hal_adc.o [4]
HAL_ADC_MspInit          0x800'0ccf   0x76  Code  Gb  stm32g0xx_hal_msp.o [2]
HAL_GPIO_Init            0x800'0ded  0x162  Code  Gb  stm32g0xx_hal_gpio.o [4]
HAL_GPIO_TogglePin       0x800'0f5b   0x10  Code  Gb  stm32g0xx_hal_gpio.o [4]
HAL_GPIO_WritePin        0x800'0f4f    0xc  Code  Gb  stm32g0xx_hal_gpio.o [4]
HAL_GetTick              0x800'0691    0xc  Code  Wk  stm32g0xx_hal.o [4]
HAL_I2CEx_ConfigAnalogFilter
                         0x800'18c9   0x3a  Code  Gb  stm32g0xx_hal_i2c_ex.o [4]
HAL_I2CEx_ConfigDigitalFilter
                         0x800'1903   0x36  Code  Gb  stm32g0xx_hal_i2c_ex.o [4]
HAL_I2C_Init             0x800'149d   0xa8  Code  Gb  stm32g0xx_hal_i2c.o [4]
HAL_I2C_MspInit          0x800'0d45   0x7c  Code  Gb  stm32g0xx_hal_msp.o [2]
HAL_I2C_Slave_Transmit   0x800'1551  0x13e  Code  Gb  stm32g0xx_hal_i2c.o [4]
HAL_IncTick              0x800'1ac5   0x10  Code  Wk  stm32g0xx_hal.o [4]
HAL_Init                 0x800'1475   0x24  Code  Gb  stm32g0xx_hal.o [4]
HAL_InitTick             0x800'0711   0x4c  Code  Wk  stm32g0xx_hal.o [4]
HAL_MspInit              0x800'0ca5   0x2a  Code  Gb  stm32g0xx_hal_msp.o [2]
HAL_NVIC_SetPriority     0x800'079b    0x8  Code  Gb  stm32g0xx_hal_cortex.o [4]
HAL_PWREx_ControlVoltageScaling
                         0x800'1989   0x3a  Code  Gb  stm32g0xx_hal_pwr_ex.o [4]
HAL_RCCEx_PeriphCLKConfig
                         0x800'0f85  0x130  Code  Gb  stm32g0xx_hal_rcc_ex.o [4]
HAL_RCC_ClockConfig      0x800'0489  0x14e  Code  Gb  stm32g0xx_hal_rcc.o [4]
HAL_RCC_GetSysClockFreq
                         0x800'05e9   0x82  Code  Gb  stm32g0xx_hal_rcc.o [4]
HAL_RCC_OscConfig        0x800'00c1  0x3b2  Code  Gb  stm32g0xx_hal_rcc.o [4]
HAL_SYSTICK_Config       0x800'07a5   0x28  Code  Gb  stm32g0xx_hal_cortex.o [4]
HardFault_Handler        0x800'1ad7    0x2  Code  Gb  stm32g0xx_it.o [2]
I2C1_IRQHandler          0x800'1b0d         Code  Wk  startup_stm32g030xx.o [3]
I2C2_IRQHandler          0x800'1b0f         Code  Wk  startup_stm32g030xx.o [3]
I2C_Flush_TXDR           0x800'16ad   0x1c  Code  Lc  stm32g0xx_hal_i2c.o [4]
I2C_IsErrorOccurred      0x800'17c5  0x100  Code  Lc  stm32g0xx_hal_i2c.o [4]
I2C_WaitOnFlagUntilTimeout
                         0x800'16c9   0x5a  Code  Lc  stm32g0xx_hal_i2c.o [4]
I2C_WaitOnSTOPFlagUntilTimeout
                         0x800'1777   0x4e  Code  Lc  stm32g0xx_hal_i2c.o [4]
I2C_WaitOnTXISFlagUntilTimeout
                         0x800'1723   0x54  Code  Lc  stm32g0xx_hal_i2c.o [4]
LL_ADC_SetSamplingTimeCommonChannels
                         0x800'07d9   0x16  Code  Lc  stm32g0xx_hal_adc.o [4]
NMI_Handler              0x800'1ad5    0x2  Code  Gb  stm32g0xx_it.o [2]
PendSV_Handler           0x800'1adb    0x2  Code  Gb  stm32g0xx_it.o [2]
RCC_IRQHandler           0x800'1a77         Code  Wk  startup_stm32g030xx.o [3]
RTC_TAMP_IRQHandler      0x800'1423         Code  Wk  startup_stm32g030xx.o [3]
Region$$Table$$Base      0x800'1a3c          --   Gb  - Linker created -
Region$$Table$$Limit     0x800'1a4c          --   Gb  - Linker created -
Reset_Handler            0x800'1ab5         Code  Wk  startup_stm32g030xx.o [3]
SPI1_IRQHandler          0x800'1b11         Code  Wk  startup_stm32g030xx.o [3]
SPI2_IRQHandler          0x800'1b13         Code  Wk  startup_stm32g030xx.o [3]
SVC_Handler              0x800'1ad9    0x2  Code  Gb  stm32g0xx_it.o [2]
SysTick_Handler          0x800'1add    0x8  Code  Gb  stm32g0xx_it.o [2]
SystemClock_Config       0x800'13c1   0x5e  Code  Gb  main.o [2]
SystemCoreClock         0x2000'00f0    0x4  Data  Gb  system_stm32g0xx.o [1]
SystemInit               0x800'1ae5    0xa  Code  Gb  system_stm32g0xx.o [1]
TIM14_IRQHandler         0x800'1b07         Code  Wk  startup_stm32g030xx.o [3]
TIM16_IRQHandler         0x800'1b09         Code  Wk  startup_stm32g030xx.o [3]
TIM17_IRQHandler         0x800'1b0b         Code  Wk  startup_stm32g030xx.o [3]
TIM1_BRK_UP_TRG_COM_IRQHandler
                         0x800'1b01         Code  Wk  startup_stm32g030xx.o [3]
TIM1_CC_IRQHandler       0x800'1b03         Code  Wk  startup_stm32g030xx.o [3]
TIM3_IRQHandler          0x800'1b05         Code  Wk  startup_stm32g030xx.o [3]
TxData                  0x2000'0068   0x10  Data  Gb  main.o [2]
USART1_IRQHandler        0x800'1b15         Code  Wk  startup_stm32g030xx.o [3]
USART2_IRQHandler        0x800'1b17         Code  Wk  startup_stm32g030xx.o [3]
WWDG_IRQHandler          0x800'075f         Code  Wk  startup_stm32g030xx.o [3]
__ICFEDIT_region_RAM_end__ {Abs}
                        0x2000'1fff         Data  Gb  <internal module>
__ICFEDIT_region_RAM_start__ {Abs}
                        0x2000'0000         Data  Gb  <internal module>
__NVIC_SetPriority       0x800'0761   0x3a  Code  Lc  stm32g0xx_hal_cortex.o [4]
__aeabi_idiv0            0x800'075d         Code  Gb  IntDivZer.o [6]
__aeabi_memcpy4          0x800'1955         Code  Gb  ABImemcpy.o [6]
__aeabi_memcpy8          0x800'1955         Code  Gb  ABImemcpy.o [6]
__aeabi_memset           0x800'1425         Code  Gb  ABImemset.o [6]
__cmain                  0x800'1a4d         Code  Gb  cmain.o [6]
__exit                   0x800'1a85   0x14  Code  Gb  exit.o [7]
__iar_Memset4_word       0x800'1445         Code  Gb  ABImemset.o [6]
__iar_Memset_word        0x800'1431         Code  Gb  ABImemset.o [6]
__iar_data_init3         0x800'1a15   0x28  Code  Gb  data_init.o [6]
__iar_packbits_init_single3
                         0x800'06d3   0x3e  Code  Gb  packbits_init_single.o [6]
__iar_program_start      0x800'1a99         Code  Gb  cstartup_M.o [6]
__iar_small_uidiv        0x800'069d         Code  Gb  I32DivMod.o [6]
__iar_small_uidivmod     0x800'069d         Code  Gb  I32DivMod.o [6]
__low_level_init         0x800'1a6b    0x4  Code  Gb  low_level_init.o [5]
__vector_table           0x800'0000         Data  Gb  startup_stm32g030xx.o [3]
_call_main               0x800'1a59         Code  Gb  cmain.o [6]
_exit                    0x800'1a79         Code  Gb  cexit.o [6]
exit                     0x800'1a6f    0x8  Code  Gb  exit.o [5]
hadc1                   0x2000'0000   0x64  Data  Gb  main.o [2]
hi2c1                   0x2000'0088   0x54  Data  Gb  main.o [2]
main                     0x800'10d5  0x2a0  Code  Gb  main.o [2]
memset                   0x800'0dd9   0x14  Code  Gb  memset.o [6]
sCont                   0x2000'0078   0x10  Data  Gb  main.o [2]
status                  0x2000'0064    0x1  Data  Gb  main.o [2]
u32LastReadTick         0x2000'00dc    0x4  Data  Gb  main.o [2]
u32LastToggleTick       0x2000'00e0    0x4  Data  Gb  main.o [2]
uwTick                  0x2000'00e8    0x4  Data  Gb  stm32g0xx_hal.o [4]
uwTickFreq              0x2000'00e4    0x1  Data  Gb  stm32g0xx_hal.o [4]
uwTickPrio              0x2000'00ec    0x4  Data  Gb  stm32g0xx_hal.o [4]


[1] = C:\Users\torok\Dokumentumok\KiCad_projects\Digital synthesizer project\software_plugpot\EWARM\software_plugpot\Obj\CMSIS_6603591812247902717.dir
[2] = C:\Users\torok\Dokumentumok\KiCad_projects\Digital synthesizer project\software_plugpot\EWARM\software_plugpot\Obj\Core_13247989168731456611.dir
[3] = C:\Users\torok\Dokumentumok\KiCad_projects\Digital synthesizer project\software_plugpot\EWARM\software_plugpot\Obj\EWARM_18443280873093131863.dir
[4] = C:\Users\torok\Dokumentumok\KiCad_projects\Digital synthesizer project\software_plugpot\EWARM\software_plugpot\Obj\STM32G0xx_HAL_Driver_14800413719917403617.dir
[5] = dl6M_tln.a
[6] = rt6M_tl.a
[7] = shb_l.a

  6'856 bytes of readonly  code memory
    110 bytes of readonly  data memory
  1'268 bytes of readwrite data memory

Errors: none
Warnings: none
