###############################################################################
#
# IAR ELF Linker V9.40.1.364/W64 for ARM                  14/Sep/2023  14:24:41
# Copyright 2007-2023 IAR Systems AB.
#
#    Output file  =
#        C:\Users\torok\Dokumentumok\KiCad_projects\Digital synthesizer
#        project\software\EWARM\software\Exe\software.out
#    Map file     =
#        C:\Users\torok\Dokumentumok\KiCad_projects\Digital synthesizer
#        project\software\EWARM\software\List\software.map
#    Command line =
#        -f "C:\Users\torok\Dokumentumok\KiCad_projects\Digital synthesizer
#        project\software\EWARM\software\Exe\software.out.rsp"
#        ("C:\Users\torok\Dokumentumok\KiCad_projects\Digital synthesizer
#        project\software\EWARM\software\Obj\Core_13247989168731456611.dir\main.o"
#        "C:\Users\torok\Dokumentumok\KiCad_projects\Digital synthesizer
#        project\software\EWARM\software\Obj\Core_13247989168731456611.dir\sinwave.o"
#        "C:\Users\torok\Dokumentumok\KiCad_projects\Digital synthesizer
#        project\software\EWARM\software\Obj\EWARM_18443280873093131863.dir\startup_stm32f446xx.o"
#        "C:\Users\torok\Dokumentumok\KiCad_projects\Digital synthesizer
#        project\software\EWARM\software\Obj\STM32F4xx_HAL_Driver_1244631019742807970.dir\stm32f4xx_hal.o"
#        "C:\Users\torok\Dokumentumok\KiCad_projects\Digital synthesizer
#        project\software\EWARM\software\Obj\STM32F4xx_HAL_Driver_1244631019742807970.dir\stm32f4xx_hal_cortex.o"
#        "C:\Users\torok\Dokumentumok\KiCad_projects\Digital synthesizer
#        project\software\EWARM\software\Obj\STM32F4xx_HAL_Driver_1244631019742807970.dir\stm32f4xx_hal_dma.o"
#        "C:\Users\torok\Dokumentumok\KiCad_projects\Digital synthesizer
#        project\software\EWARM\software\Obj\STM32F4xx_HAL_Driver_1244631019742807970.dir\stm32f4xx_hal_dma_ex.o"
#        "C:\Users\torok\Dokumentumok\KiCad_projects\Digital synthesizer
#        project\software\EWARM\software\Obj\STM32F4xx_HAL_Driver_1244631019742807970.dir\stm32f4xx_hal_exti.o"
#        "C:\Users\torok\Dokumentumok\KiCad_projects\Digital synthesizer
#        project\software\EWARM\software\Obj\STM32F4xx_HAL_Driver_1244631019742807970.dir\stm32f4xx_hal_flash.o"
#        "C:\Users\torok\Dokumentumok\KiCad_projects\Digital synthesizer
#        project\software\EWARM\software\Obj\STM32F4xx_HAL_Driver_1244631019742807970.dir\stm32f4xx_hal_flash_ex.o"
#        "C:\Users\torok\Dokumentumok\KiCad_projects\Digital synthesizer
#        project\software\EWARM\software\Obj\STM32F4xx_HAL_Driver_1244631019742807970.dir\stm32f4xx_hal_flash_ramfunc.o"
#        "C:\Users\torok\Dokumentumok\KiCad_projects\Digital synthesizer
#        project\software\EWARM\software\Obj\STM32F4xx_HAL_Driver_1244631019742807970.dir\stm32f4xx_hal_gpio.o"
#        "C:\Users\torok\Dokumentumok\KiCad_projects\Digital synthesizer
#        project\software\EWARM\software\Obj\STM32F4xx_HAL_Driver_1244631019742807970.dir\stm32f4xx_hal_i2c.o"
#        "C:\Users\torok\Dokumentumok\KiCad_projects\Digital synthesizer
#        project\software\EWARM\software\Obj\STM32F4xx_HAL_Driver_1244631019742807970.dir\stm32f4xx_hal_i2c_ex.o"
#        "C:\Users\torok\Dokumentumok\KiCad_projects\Digital synthesizer
#        project\software\EWARM\software\Obj\STM32F4xx_HAL_Driver_1244631019742807970.dir\stm32f4xx_hal_i2s.o"
#        "C:\Users\torok\Dokumentumok\KiCad_projects\Digital synthesizer
#        project\software\EWARM\software\Obj\STM32F4xx_HAL_Driver_1244631019742807970.dir\stm32f4xx_hal_i2s_ex.o"
#        "C:\Users\torok\Dokumentumok\KiCad_projects\Digital synthesizer
#        project\software\EWARM\software\Obj\Core_13247989168731456611.dir\stm32f4xx_hal_msp.o"
#        "C:\Users\torok\Dokumentumok\KiCad_projects\Digital synthesizer
#        project\software\EWARM\software\Obj\STM32F4xx_HAL_Driver_1244631019742807970.dir\stm32f4xx_hal_pcd.o"
#        "C:\Users\torok\Dokumentumok\KiCad_projects\Digital synthesizer
#        project\software\EWARM\software\Obj\STM32F4xx_HAL_Driver_1244631019742807970.dir\stm32f4xx_hal_pcd_ex.o"
#        "C:\Users\torok\Dokumentumok\KiCad_projects\Digital synthesizer
#        project\software\EWARM\software\Obj\STM32F4xx_HAL_Driver_1244631019742807970.dir\stm32f4xx_hal_pwr.o"
#        "C:\Users\torok\Dokumentumok\KiCad_projects\Digital synthesizer
#        project\software\EWARM\software\Obj\STM32F4xx_HAL_Driver_1244631019742807970.dir\stm32f4xx_hal_pwr_ex.o"
#        "C:\Users\torok\Dokumentumok\KiCad_projects\Digital synthesizer
#        project\software\EWARM\software\Obj\STM32F4xx_HAL_Driver_1244631019742807970.dir\stm32f4xx_hal_rcc.o"
#        "C:\Users\torok\Dokumentumok\KiCad_projects\Digital synthesizer
#        project\software\EWARM\software\Obj\STM32F4xx_HAL_Driver_1244631019742807970.dir\stm32f4xx_hal_rcc_ex.o"
#        "C:\Users\torok\Dokumentumok\KiCad_projects\Digital synthesizer
#        project\software\EWARM\software\Obj\STM32F4xx_HAL_Driver_1244631019742807970.dir\stm32f4xx_hal_spi.o"
#        "C:\Users\torok\Dokumentumok\KiCad_projects\Digital synthesizer
#        project\software\EWARM\software\Obj\STM32F4xx_HAL_Driver_1244631019742807970.dir\stm32f4xx_hal_tim.o"
#        "C:\Users\torok\Dokumentumok\KiCad_projects\Digital synthesizer
#        project\software\EWARM\software\Obj\STM32F4xx_HAL_Driver_1244631019742807970.dir\stm32f4xx_hal_tim_ex.o"
#        "C:\Users\torok\Dokumentumok\KiCad_projects\Digital synthesizer
#        project\software\EWARM\software\Obj\STM32F4xx_HAL_Driver_1244631019742807970.dir\stm32f4xx_hal_uart.o"
#        "C:\Users\torok\Dokumentumok\KiCad_projects\Digital synthesizer
#        project\software\EWARM\software\Obj\Core_13247989168731456611.dir\stm32f4xx_it.o"
#        "C:\Users\torok\Dokumentumok\KiCad_projects\Digital synthesizer
#        project\software\EWARM\software\Obj\STM32F4xx_HAL_Driver_1244631019742807970.dir\stm32f4xx_ll_usb.o"
#        "C:\Users\torok\Dokumentumok\KiCad_projects\Digital synthesizer
#        project\software\EWARM\software\Obj\CMSIS_6603591812247902717.dir\system_stm32f4xx.o"
#        --no_out_extension -o
#        "C:\Users\torok\Dokumentumok\KiCad_projects\Digital synthesizer
#        project\software\EWARM\software\Exe\software.out" --redirect
#        _Printf=_PrintfFullNoMb --redirect _Scanf=_ScanfFullNoMb --map
#        "C:\Users\torok\Dokumentumok\KiCad_projects\Digital synthesizer
#        project\software\EWARM\software\List\software.map" --config
#        "C:\Users\torok\Dokumentumok\KiCad_projects\Digital synthesizer
#        project\software\EWARM/stm32f446xx_flash.icf" --semihosting --entry
#        __iar_program_start
#        E:\iar_systems\arm\CMSIS\Lib\IAR\iar_cortexM4lf_math.a --vfe
#        --text_out locale --cpu=Cortex-M4 --fpu=VFPv4_sp) --dependencies=n
#        "C:\Users\torok\Dokumentumok\KiCad_projects\Digital synthesizer
#        project\software\EWARM\software\Exe\software.out.iar_deps"
#
###############################################################################

*******************************************************************************
*** RUNTIME MODEL ATTRIBUTES
***

CppFlavor       = *
__CPP_Runtime   = 1
__SystemLibrary = DLib
__dlib_version  = 6


*******************************************************************************
*** HEAP SELECTION
***

The basic heap was selected because --advanced_heap
was not specified and the application did not appear to
be primarily optimized for speed.


*******************************************************************************
*** PLACEMENT SUMMARY
***

"A0":  place at address 0x800'0000 { ro section .intvec };
"P1":  place in [from 0x800'0000 to 0x807'ffff] { ro };
define block CSTACK with size = 1K, alignment = 8 { };
define block HEAP with size = 512, alignment = 8 { };
"P2":  place in [from 0x2000'0000 to 0x2001'ffff] {
          rw, block CSTACK, block HEAP };
initialize by copy { rw };

  Section            Kind         Address    Size  Object
  -------            ----         -------    ----  ------
"A0":                                       0x1c4
  .intvec            ro code   0x800'0000   0x1c4  startup_stm32f446xx.o [3]
                             - 0x800'01c4   0x1c4

"P1":                                      0x2c43
  .text              ro code   0x800'01c4   0x940  stm32f4xx_hal_rcc_ex.o [4]
  .text              ro code   0x800'0b04     0xc  stm32f4xx_hal.o [4]
  .text              ro code   0x800'0b10   0x106  I64DivMod_small.o [7]
  .text              ro code   0x800'0c16    0x7e  lz77_init_single.o [7]
  .text              ro code   0x800'0c94     0x2  I64DivZer.o [7]
  .text              ro code   0x800'0c98   0x3b0  stm32f4xx_hal_msp.o [2]
  .text              ro code   0x800'1048   0x312  main.o [2]
  .text              ro code   0x800'135c   0x1f4  stm32f4xx_hal_gpio.o [4]
  .text              ro code   0x800'1550   0x368  stm32f4xx_hal_dma.o [4]
  .text              ro code   0x800'18b8    0x14  memset.o [7]
  .text              ro code   0x800'18cc   0x380  stm32f4xx_hal_spi.o [4]
  .text              ro code   0x800'1c4c    0x34  stm32f4xx_hal.o [4]
  .text              ro code   0x800'1c80    0xc4  stm32f4xx_hal_cortex.o [4]
  .text              ro code   0x800'1d44   0x154  stm32f4xx_hal_i2c.o [4]
  .text              ro code   0x800'1e98   0x320  stm32f4xx_hal_i2s.o [4]
  .text              ro code   0x800'21b8   0x144  stm32f4xx_hal_uart.o [4]
  .text              ro code   0x800'22fc    0xdc  stm32f4xx_hal_pcd.o [4]
  .text              ro code   0x800'23d8   0x14c  stm32f4xx_hal_rcc.o [4]
  .text              ro code   0x800'2524    0x66  ABImemset.o [7]
  .text              ro code   0x800'258c    0x40  stm32f4xx_hal.o [4]
  .text              ro code   0x800'25cc     0x2  stm32f4xx_hal_i2s.o [4]
  .text              ro code   0x800'25ce     0x2  stm32f4xx_hal_i2s.o [4]
  .text              ro code   0x800'25d0     0x2  stm32f4xx_hal_i2s.o [4]
  .text              ro code   0x800'25d4   0x34c  stm32f4xx_ll_usb.o [4]
  .text              ro code   0x800'2920    0x26  stm32f4xx_hal_pcd_ex.o [4]
  .text              ro code   0x800'2948    0x18  ABImemcpy_small.o [7]
  .text              ro code   0x800'2960    0x28  stm32f4xx_hal.o [4]
  .text              ro code   0x800'2988    0x38  zero_init3.o [7]
  .text              ro code   0x800'29c0    0x28  stm32f4xx_it.o [2]
  .text              ro code   0x800'29e8    0x10  stm32f4xx_hal.o [4]
  .text              ro code   0x800'29f8    0x28  data_init.o [7]
  .text              ro code   0x800'2a20    0x22  fpinit_M.o [6]
  .iar.init_table    const     0x800'2a44    0x20  - Linker created -
  .text              ro code   0x800'2a64    0x20  system_stm32f4xx.o [1]
  .text              ro code   0x800'2a84    0x1e  cmain.o [7]
  .text              ro code   0x800'2aa2     0x4  low_level_init.o [5]
  .text              ro code   0x800'2aa6     0x4  exit.o [5]
  .text              ro code   0x800'2aac     0xa  cexit.o [7]
  .text              ro code   0x800'2ab8    0x14  exit.o [8]
  .text              ro code   0x800'2acc    0x1c  cstartup_M.o [7]
  .text              ro code   0x800'2ae8    0x10  startup_stm32f446xx.o [3]
  .rodata            const     0x800'2af8     0x8  system_stm32f4xx.o [1]
  .text              ro code   0x800'2b00     0x4  startup_stm32f446xx.o [3]
  .text              ro code   0x800'2b04     0x4  startup_stm32f446xx.o [3]
  .text              ro code   0x800'2b08     0x4  startup_stm32f446xx.o [3]
  .text              ro code   0x800'2b0c     0x4  startup_stm32f446xx.o [3]
  .text              ro code   0x800'2b10     0x4  startup_stm32f446xx.o [3]
  .text              ro code   0x800'2b14     0x4  startup_stm32f446xx.o [3]
  .text              ro code   0x800'2b18     0x4  startup_stm32f446xx.o [3]
  .text              ro code   0x800'2b1c     0x4  startup_stm32f446xx.o [3]
  .text              ro code   0x800'2b20     0x4  startup_stm32f446xx.o [3]
  .text              ro code   0x800'2b24     0x4  startup_stm32f446xx.o [3]
  .text              ro code   0x800'2b28     0x4  startup_stm32f446xx.o [3]
  .text              ro code   0x800'2b2c     0x4  startup_stm32f446xx.o [3]
  .text              ro code   0x800'2b30     0x4  startup_stm32f446xx.o [3]
  .text              ro code   0x800'2b34     0x4  startup_stm32f446xx.o [3]
  .text              ro code   0x800'2b38     0x4  startup_stm32f446xx.o [3]
  .text              ro code   0x800'2b3c     0x4  startup_stm32f446xx.o [3]
  .text              ro code   0x800'2b40     0x4  startup_stm32f446xx.o [3]
  .text              ro code   0x800'2b44     0x4  startup_stm32f446xx.o [3]
  .text              ro code   0x800'2b48     0x4  startup_stm32f446xx.o [3]
  .text              ro code   0x800'2b4c     0x4  startup_stm32f446xx.o [3]
  .text              ro code   0x800'2b50     0x4  startup_stm32f446xx.o [3]
  .text              ro code   0x800'2b54     0x4  startup_stm32f446xx.o [3]
  .text              ro code   0x800'2b58     0x4  startup_stm32f446xx.o [3]
  .text              ro code   0x800'2b5c     0x4  startup_stm32f446xx.o [3]
  .text              ro code   0x800'2b60     0x4  startup_stm32f446xx.o [3]
  .text              ro code   0x800'2b64     0x4  startup_stm32f446xx.o [3]
  .text              ro code   0x800'2b68     0x4  startup_stm32f446xx.o [3]
  .text              ro code   0x800'2b6c     0x4  startup_stm32f446xx.o [3]
  .text              ro code   0x800'2b70     0x4  startup_stm32f446xx.o [3]
  .text              ro code   0x800'2b74     0x4  startup_stm32f446xx.o [3]
  .text              ro code   0x800'2b78     0x4  startup_stm32f446xx.o [3]
  .text              ro code   0x800'2b7c     0x4  startup_stm32f446xx.o [3]
  .text              ro code   0x800'2b80     0x4  startup_stm32f446xx.o [3]
  .text              ro code   0x800'2b84     0x4  startup_stm32f446xx.o [3]
  .text              ro code   0x800'2b88     0x4  startup_stm32f446xx.o [3]
  .text              ro code   0x800'2b8c     0x4  startup_stm32f446xx.o [3]
  .text              ro code   0x800'2b90     0x4  startup_stm32f446xx.o [3]
  .text              ro code   0x800'2b94     0x4  startup_stm32f446xx.o [3]
  .text              ro code   0x800'2b98     0x4  startup_stm32f446xx.o [3]
  .text              ro code   0x800'2b9c     0x4  startup_stm32f446xx.o [3]
  .text              ro code   0x800'2ba0     0x4  startup_stm32f446xx.o [3]
  .text              ro code   0x800'2ba4     0x4  startup_stm32f446xx.o [3]
  .text              ro code   0x800'2ba8     0x4  startup_stm32f446xx.o [3]
  .text              ro code   0x800'2bac     0x4  startup_stm32f446xx.o [3]
  .text              ro code   0x800'2bb0     0x4  startup_stm32f446xx.o [3]
  .text              ro code   0x800'2bb4     0x4  startup_stm32f446xx.o [3]
  .text              ro code   0x800'2bb8     0x4  startup_stm32f446xx.o [3]
  .text              ro code   0x800'2bbc     0x4  startup_stm32f446xx.o [3]
  .text              ro code   0x800'2bc0     0x4  startup_stm32f446xx.o [3]
  .text              ro code   0x800'2bc4     0x4  startup_stm32f446xx.o [3]
  .text              ro code   0x800'2bc8     0x4  startup_stm32f446xx.o [3]
  .text              ro code   0x800'2bcc     0x4  startup_stm32f446xx.o [3]
  .text              ro code   0x800'2bd0     0x4  startup_stm32f446xx.o [3]
  .text              ro code   0x800'2bd4     0x4  startup_stm32f446xx.o [3]
  .text              ro code   0x800'2bd8     0x4  startup_stm32f446xx.o [3]
  .text              ro code   0x800'2bdc     0x4  startup_stm32f446xx.o [3]
  .text              ro code   0x800'2be0     0x4  startup_stm32f446xx.o [3]
  .text              ro code   0x800'2be4     0x4  startup_stm32f446xx.o [3]
  .text              ro code   0x800'2be8     0x4  startup_stm32f446xx.o [3]
  .text              ro code   0x800'2bec     0x4  startup_stm32f446xx.o [3]
  .text              ro code   0x800'2bf0     0x4  startup_stm32f446xx.o [3]
  .text              ro code   0x800'2bf4     0x4  startup_stm32f446xx.o [3]
  .text              ro code   0x800'2bf8     0x4  startup_stm32f446xx.o [3]
  .text              ro code   0x800'2bfc     0x4  startup_stm32f446xx.o [3]
  .text              ro code   0x800'2c00     0x4  startup_stm32f446xx.o [3]
  .text              ro code   0x800'2c04     0x4  startup_stm32f446xx.o [3]
  .text              ro code   0x800'2c08     0x4  startup_stm32f446xx.o [3]
  .text              ro code   0x800'2c0c     0x4  startup_stm32f446xx.o [3]
  .text              ro code   0x800'2c10     0x4  startup_stm32f446xx.o [3]
  .text              ro code   0x800'2c14     0x4  startup_stm32f446xx.o [3]
  .text              ro code   0x800'2c18     0x4  startup_stm32f446xx.o [3]
  .text              ro code   0x800'2c1c     0x4  startup_stm32f446xx.o [3]
  .text              ro code   0x800'2c20     0x4  startup_stm32f446xx.o [3]
  .text              ro code   0x800'2c24     0x4  startup_stm32f446xx.o [3]
  .text              ro code   0x800'2c28     0x4  startup_stm32f446xx.o [3]
  .text              ro code   0x800'2c2c     0x4  startup_stm32f446xx.o [3]
  .text              ro code   0x800'2c30     0x4  startup_stm32f446xx.o [3]
  .text              ro code   0x800'2c34     0x4  startup_stm32f446xx.o [3]
  .text              ro code   0x800'2c38     0x4  startup_stm32f446xx.o [3]
  .text              ro code   0x800'2c3c     0x4  startup_stm32f446xx.o [3]
  .text              ro code   0x800'2c40     0x4  startup_stm32f446xx.o [3]
  .text              ro code   0x800'2c44     0x4  startup_stm32f446xx.o [3]
  .text              ro code   0x800'2c48     0x4  startup_stm32f446xx.o [3]
  .text              ro code   0x800'2c4c     0x4  startup_stm32f446xx.o [3]
  .rodata            const     0x800'2c50     0x0  zero_init3.o [7]
  .rodata            const     0x800'2c50     0x0  lz77_init_single.o [7]
  Initializer bytes  const     0x800'2c50   0x1b7  <for P2-1>
                             - 0x800'2e07  0x2c43

"P2", part 1 of 3:                          0x26c
  P2-1                        0x2000'0000   0x26c  <Init block>
    .data            inited   0x2000'0000   0x25c  main.o [2]
    .data            inited   0x2000'025c     0xc  stm32f4xx_hal.o [4]
    .data            inited   0x2000'0268     0x4  system_stm32f4xx.o [1]
                            - 0x2000'026c   0x26c

"P2", part 2 of 3:                          0x6f0
  .bss               zero     0x2000'026c   0x630  main.o [2]
  .bss               zero     0x2000'089c    0x60  main.o [2]
  .bss               zero     0x2000'08fc    0x60  main.o [2]
                            - 0x2000'095c   0x6f0

"P2", part 3 of 3:                          0x400
  CSTACK                      0x2000'0960   0x400  <Block>
    CSTACK           uninit   0x2000'0960   0x400  <Block tail>
                            - 0x2000'0d60   0x400

Unused ranges:

         From           To      Size
         ----           --      ----
   0x800'2e07   0x807'ffff  0x7'd1f9
  0x2000'095c  0x2000'095f       0x4
  0x2000'0d60  0x2001'ffff  0x1'f2a0


*******************************************************************************
*** INIT TABLE
***

          Address      Size
          -------      ----
Zero (__iar_zero_init3)
    1 destination range, total size 0x6f0:
          0x2000'026c  0x6f0

Copy/lz77 (__iar_lz77_init_single3)
    1 source range, total size 0x1b7 (70% of destination):
           0x800'2c50  0x1b7
    1 destination range, total size 0x26c:
          0x2000'0000  0x26c



*******************************************************************************
*** MODULE SUMMARY
***

    Module                  ro code  ro data  rw data
    ------                  -------  -------  -------
command line/config:
    -------------------------------------------------
    Total:

C:\Users\torok\Dokumentumok\KiCad_projects\Digital synthesizer project\software\EWARM\software\Obj\CMSIS_6603591812247902717.dir: [1]
    system_stm32f4xx.o           32       10        4
    -------------------------------------------------
    Total:                       32       10        4

C:\Users\torok\Dokumentumok\KiCad_projects\Digital synthesizer project\software\EWARM\software\Obj\Core_13247989168731456611.dir: [2]
    main.o                      786      427    2'380
    stm32f4xx_hal_msp.o         944
    stm32f4xx_it.o               40
    -------------------------------------------------
    Total:                    1'770      427    2'380

C:\Users\torok\Dokumentumok\KiCad_projects\Digital synthesizer project\software\EWARM\software\Obj\EWARM_18443280873093131863.dir: [3]
    startup_stm32f446xx.o       804
    -------------------------------------------------
    Total:                      804

C:\Users\torok\Dokumentumok\KiCad_projects\Digital synthesizer project\software\EWARM\software\Obj\STM32F4xx_HAL_Driver_1244631019742807970.dir: [4]
    stm32f4xx_hal.o             184        9       12
    stm32f4xx_hal_cortex.o      196
    stm32f4xx_hal_dma.o         872
    stm32f4xx_hal_gpio.o        500
    stm32f4xx_hal_i2c.o         340
    stm32f4xx_hal_i2s.o         806
    stm32f4xx_hal_pcd.o         220
    stm32f4xx_hal_pcd_ex.o       38
    stm32f4xx_hal_rcc.o         332
    stm32f4xx_hal_rcc_ex.o    2'368
    stm32f4xx_hal_spi.o         896
    stm32f4xx_hal_uart.o        324
    stm32f4xx_ll_usb.o          844
    -------------------------------------------------
    Total:                    7'920        9       12

dl7M_tln.a: [5]
    exit.o                        4
    low_level_init.o              4
    -------------------------------------------------
    Total:                        8

m7M_tls.a: [6]
    fpinit_M.o                   34
    -------------------------------------------------
    Total:                       34

rt7M_tl.a: [7]
    ABImemcpy_small.o            24
    ABImemset.o                 102
    I64DivMod_small.o           262
    I64DivZer.o                   2
    cexit.o                      10
    cmain.o                      30
    cstartup_M.o                 28
    data_init.o                  40
    lz77_init_single.o          126
    memset.o                     20
    zero_init3.o                 56
    -------------------------------------------------
    Total:                      700

shb_l.a: [8]
    exit.o                       20
    -------------------------------------------------
    Total:                       20

    Gaps                         14        2
    Linker created                        33    1'024
-----------------------------------------------------
    Grand Total:             11'302      481    3'420


*******************************************************************************
*** ENTRY LIST
***

Entry                       Address   Size  Type      Object
-----                       -------   ----  ----      ------
.iar.init_table$$Base    0x800'2a44          --   Gb  - Linker created -
.iar.init_table$$Limit   0x800'2a64          --   Gb  - Linker created -
?main                    0x800'2a85         Code  Gb  cmain.o [7]
ADC_IRQHandler           0x800'2b45         Code  Wk  startup_stm32f446xx.o [3]
AHBPrescTable            0x800'2a74   0x10  Data  Gb  system_stm32f4xx.o [1]
APBPrescTable            0x800'2af8    0x8  Data  Gb  system_stm32f4xx.o [1]
BufPtr                  0x2000'0058    0x4  Data  Lc  main.o [2]
BusFault_Handler         0x800'29c7    0x2  Code  Gb  stm32f4xx_it.o [2]
CAN1_RX0_IRQHandler      0x800'2b4d         Code  Wk  startup_stm32f446xx.o [3]
CAN1_RX1_IRQHandler      0x800'2b51         Code  Wk  startup_stm32f446xx.o [3]
CAN1_SCE_IRQHandler      0x800'2b55         Code  Wk  startup_stm32f446xx.o [3]
CAN1_TX_IRQHandler       0x800'2b49         Code  Wk  startup_stm32f446xx.o [3]
CAN2_RX0_IRQHandler      0x800'2bf1         Code  Wk  startup_stm32f446xx.o [3]
CAN2_RX1_IRQHandler      0x800'2bf5         Code  Wk  startup_stm32f446xx.o [3]
CAN2_SCE_IRQHandler      0x800'2bf9         Code  Wk  startup_stm32f446xx.o [3]
CAN2_TX_IRQHandler       0x800'2bed         Code  Wk  startup_stm32f446xx.o [3]
CEC_IRQHandler           0x800'2c41         Code  Wk  startup_stm32f446xx.o [3]
CSTACK$$Base            0x2000'0960          --   Gb  - Linker created -
CSTACK$$Limit           0x2000'0d60          --   Gb  - Linker created -
DCMI_IRQHandler          0x800'2c29         Code  Wk  startup_stm32f446xx.o [3]
DMA1_Stream0_IRQHandler
                         0x800'2b2d         Code  Wk  startup_stm32f446xx.o [3]
DMA1_Stream1_IRQHandler
                         0x800'2b31         Code  Wk  startup_stm32f446xx.o [3]
DMA1_Stream2_IRQHandler
                         0x800'2b35         Code  Wk  startup_stm32f446xx.o [3]
DMA1_Stream3_IRQHandler
                         0x800'2b39         Code  Wk  startup_stm32f446xx.o [3]
DMA1_Stream4_IRQHandler
                         0x800'29d5    0x6  Code  Gb  stm32f4xx_it.o [2]
DMA1_Stream5_IRQHandler
                         0x800'2b3d         Code  Wk  startup_stm32f446xx.o [3]
DMA1_Stream6_IRQHandler
                         0x800'2b41         Code  Wk  startup_stm32f446xx.o [3]
DMA1_Stream7_IRQHandler
                         0x800'2bb9         Code  Wk  startup_stm32f446xx.o [3]
DMA2_Stream0_IRQHandler
                         0x800'2bdd         Code  Wk  startup_stm32f446xx.o [3]
DMA2_Stream1_IRQHandler
                         0x800'2be1         Code  Wk  startup_stm32f446xx.o [3]
DMA2_Stream2_IRQHandler
                         0x800'2be5         Code  Wk  startup_stm32f446xx.o [3]
DMA2_Stream3_IRQHandler
                         0x800'29db    0x6  Code  Gb  stm32f4xx_it.o [2]
DMA2_Stream4_IRQHandler
                         0x800'2be9         Code  Wk  startup_stm32f446xx.o [3]
DMA2_Stream5_IRQHandler
                         0x800'2c01         Code  Wk  startup_stm32f446xx.o [3]
DMA2_Stream6_IRQHandler
                         0x800'2c05         Code  Wk  startup_stm32f446xx.o [3]
DMA2_Stream7_IRQHandler
                         0x800'2c09         Code  Wk  startup_stm32f446xx.o [3]
DMA_CalcBaseAndBitshift
                         0x800'1889   0x26  Code  Lc  stm32f4xx_hal_dma.o [4]
DMA_CalcBaseAndBitshift::flagBitshiftOffset
                         0x800'18b0    0x8  Data  Lc  stm32f4xx_hal_dma.o [4]
DMA_SetConfig            0x800'1869   0x20  Code  Lc  stm32f4xx_hal_dma.o [4]
DebugMon_Handler         0x800'29cd    0x2  Code  Gb  stm32f4xx_it.o [2]
EXTI0_IRQHandler         0x800'2b19         Code  Wk  startup_stm32f446xx.o [3]
EXTI15_10_IRQHandler     0x800'2b9d         Code  Wk  startup_stm32f446xx.o [3]
EXTI1_IRQHandler         0x800'2b1d         Code  Wk  startup_stm32f446xx.o [3]
EXTI2_IRQHandler         0x800'2b21         Code  Wk  startup_stm32f446xx.o [3]
EXTI3_IRQHandler         0x800'2b25         Code  Wk  startup_stm32f446xx.o [3]
EXTI4_IRQHandler         0x800'2b29         Code  Wk  startup_stm32f446xx.o [3]
EXTI9_5_IRQHandler       0x800'2b59         Code  Wk  startup_stm32f446xx.o [3]
Error_Handler            0x800'1341    0x4  Code  Gb  main.o [2]
FLASH_IRQHandler         0x800'2b11         Code  Wk  startup_stm32f446xx.o [3]
FMC_IRQHandler           0x800'2bbd         Code  Wk  startup_stm32f446xx.o [3]
FMPI2C1_ER_IRQHandler    0x800'2c4d         Code  Wk  startup_stm32f446xx.o [3]
FMPI2C1_EV_IRQHandler    0x800'2c49         Code  Wk  startup_stm32f446xx.o [3]
FPU_IRQHandler           0x800'2c2d         Code  Wk  startup_stm32f446xx.o [3]
HAL_DMA_IRQHandler       0x800'16ab  0x18e  Code  Gb  stm32f4xx_hal_dma.o [4]
HAL_DMA_Init             0x800'1551   0xee  Code  Gb  stm32f4xx_hal_dma.o [4]
HAL_DMA_Start_IT         0x800'163f   0x6c  Code  Gb  stm32f4xx_hal_dma.o [4]
HAL_Delay                0x800'2961   0x28  Code  Wk  stm32f4xx_hal.o [4]
HAL_GPIO_Init            0x800'135d  0x1ca  Code  Gb  stm32f4xx_hal_gpio.o [4]
HAL_GetTick              0x800'0b05    0xc  Code  Wk  stm32f4xx_hal.o [4]
HAL_I2C_Init             0x800'1d45  0x12e  Code  Gb  stm32f4xx_hal_i2c.o [4]
HAL_I2C_MspInit          0x800'0ccf   0x58  Code  Gb  stm32f4xx_hal_msp.o [2]
HAL_I2S_ErrorCallback    0x800'25cf    0x2  Code  Wk  stm32f4xx_hal_i2s.o [4]
HAL_I2S_Init             0x800'1e99  0x100  Code  Gb  stm32f4xx_hal_i2s.o [4]
HAL_I2S_MspInit          0x800'0d27   0xd4  Code  Gb  stm32f4xx_hal_msp.o [2]
HAL_I2S_RxCpltCallback   0x800'25d1    0x2  Code  Wk  stm32f4xx_hal_i2s.o [4]
HAL_I2S_Transmit_DMA     0x800'1faf   0x8e  Code  Gb  stm32f4xx_hal_i2s.o [4]
HAL_I2S_TxCpltCallback   0x800'109d    0xa  Code  Gb  main.o [2]
HAL_I2S_TxHalfCpltCallback
                         0x800'25cd    0x2  Code  Wk  stm32f4xx_hal_i2s.o [4]
HAL_IncTick              0x800'29e9   0x10  Code  Wk  stm32f4xx_hal.o [4]
HAL_Init                 0x800'1c4d   0x30  Code  Gb  stm32f4xx_hal.o [4]
HAL_InitTick             0x800'258d   0x40  Code  Wk  stm32f4xx_hal.o [4]
HAL_MspInit              0x800'0c99   0x36  Code  Gb  stm32f4xx_hal_msp.o [2]
HAL_NVIC_EnableIRQ       0x800'1cef   0x16  Code  Gb  stm32f4xx_hal_cortex.o [4]
HAL_NVIC_SetPriority     0x800'1cb5   0x3a  Code  Gb  stm32f4xx_hal_cortex.o [4]
HAL_NVIC_SetPriorityGrouping
                         0x800'1c9b   0x1a  Code  Gb  stm32f4xx_hal_cortex.o [4]
HAL_PCDEx_ActivateLPM    0x800'2921   0x26  Code  Gb  stm32f4xx_hal_pcd_ex.o [4]
HAL_PCD_Init             0x800'22fd   0xc4  Code  Gb  stm32f4xx_hal_pcd.o [4]
HAL_PCD_MspInit          0x800'0f85   0x72  Code  Gb  stm32f4xx_hal_msp.o [2]
HAL_RCCEx_GetPeriphCLKFreq
                         0x800'0557  0x17c  Code  Gb  stm32f4xx_hal_rcc_ex.o [4]
HAL_RCCEx_PeriphCLKConfig
                         0x800'01c5  0x37e  Code  Gb  stm32f4xx_hal_rcc_ex.o [4]
HAL_RCC_ClockConfig      0x800'23d9  0x100  Code  Gb  stm32f4xx_hal_rcc.o [4]
HAL_RCC_GetPCLK1Freq     0x800'24e5   0x10  Code  Gb  stm32f4xx_hal_rcc.o [4]
HAL_RCC_GetPCLK2Freq     0x800'24f5    0xe  Code  Gb  stm32f4xx_hal_rcc.o [4]
HAL_RCC_GetSysClockFreq
                         0x800'06fd   0x7a  Code  Gb  stm32f4xx_hal_rcc_ex.o [4]
HAL_RCC_OscConfig        0x800'0795  0x32e  Code  Gb  stm32f4xx_hal_rcc_ex.o [4]
HAL_SPI_Init             0x800'18cd   0xb6  Code  Gb  stm32f4xx_hal_spi.o [4]
HAL_SPI_MspInit          0x800'0dfb   0xb6  Code  Gb  stm32f4xx_hal_msp.o [2]
HAL_SPI_Transmit         0x800'1983  0x140  Code  Gb  stm32f4xx_hal_spi.o [4]
HAL_SYSTICK_Config       0x800'1d05   0x22  Code  Gb  stm32f4xx_hal_cortex.o [4]
HAL_UART_Init            0x800'21b9   0x1e  Code  Gb  stm32f4xx_hal_uart.o [4]
HAL_UART_MspInit         0x800'0edd   0x80  Code  Gb  stm32f4xx_hal_msp.o [2]
HardFault_Handler        0x800'29c3    0x2  Code  Gb  stm32f4xx_it.o [2]
I2C1_ER_IRQHandler       0x800'2b7d         Code  Wk  startup_stm32f446xx.o [3]
I2C1_EV_IRQHandler       0x800'2b79         Code  Wk  startup_stm32f446xx.o [3]
I2C2_ER_IRQHandler       0x800'2b85         Code  Wk  startup_stm32f446xx.o [3]
I2C2_EV_IRQHandler       0x800'2b81         Code  Wk  startup_stm32f446xx.o [3]
I2C3_ER_IRQHandler       0x800'2c15         Code  Wk  startup_stm32f446xx.o [3]
I2C3_EV_IRQHandler       0x800'2c11         Code  Wk  startup_stm32f446xx.o [3]
I2S_DMAError             0x800'2089   0x26  Code  Lc  stm32f4xx_hal_i2s.o [4]
I2S_DMATxCplt            0x800'2061   0x20  Code  Lc  stm32f4xx_hal_i2s.o [4]
I2S_DMATxHalfCplt        0x800'2081    0x6  Code  Lc  stm32f4xx_hal_i2s.o [4]
I2S_IRQHandler           0x800'20b1   0xf6  Code  Lc  stm32f4xx_hal_i2s.o [4]
MemManage_Handler        0x800'29c5    0x2  Code  Gb  stm32f4xx_it.o [2]
NMI_Handler              0x800'29c1    0x2  Code  Gb  stm32f4xx_it.o [2]
OTG_FS_IRQHandler        0x800'2bfd         Code  Wk  startup_stm32f446xx.o [3]
OTG_FS_WKUP_IRQHandler   0x800'2ba5         Code  Wk  startup_stm32f446xx.o [3]
OTG_HS_EP1_IN_IRQHandler
                         0x800'2c1d         Code  Wk  startup_stm32f446xx.o [3]
OTG_HS_EP1_OUT_IRQHandler
                         0x800'2c19         Code  Wk  startup_stm32f446xx.o [3]
OTG_HS_IRQHandler        0x800'2c25         Code  Wk  startup_stm32f446xx.o [3]
OTG_HS_WKUP_IRQHandler   0x800'2c21         Code  Wk  startup_stm32f446xx.o [3]
PVD_IRQHandler           0x800'2b05         Code  Wk  startup_stm32f446xx.o [3]
PendSV_Handler           0x800'29cf    0x2  Code  Gb  stm32f4xx_it.o [2]
QUADSPI_IRQHandler       0x800'2c3d         Code  Wk  startup_stm32f446xx.o [3]
RCC_IRQHandler           0x800'2b15         Code  Wk  startup_stm32f446xx.o [3]
RTC_Alarm_IRQHandler     0x800'2ba1         Code  Wk  startup_stm32f446xx.o [3]
RTC_WKUP_IRQHandler      0x800'2b0d         Code  Wk  startup_stm32f446xx.o [3]
Region$$Table$$Base      0x800'2a44          --   Gb  - Linker created -
Region$$Table$$Limit     0x800'2a64          --   Gb  - Linker created -
Reset_Handler            0x800'2ae9         Code  Wk  startup_stm32f446xx.o [3]
SAI1_IRQHandler          0x800'2c35         Code  Wk  startup_stm32f446xx.o [3]
SAI2_IRQHandler          0x800'2c39         Code  Wk  startup_stm32f446xx.o [3]
SDIO_IRQHandler          0x800'2bc1         Code  Wk  startup_stm32f446xx.o [3]
SPDIF_RX_IRQHandler      0x800'2c45         Code  Wk  startup_stm32f446xx.o [3]
SPI1_IRQHandler          0x800'2b89         Code  Wk  startup_stm32f446xx.o [3]
SPI2_IRQHandler          0x800'2b8d         Code  Wk  startup_stm32f446xx.o [3]
SPI3_IRQHandler          0x800'2bc9         Code  Wk  startup_stm32f446xx.o [3]
SPI4_IRQHandler          0x800'2c31         Code  Wk  startup_stm32f446xx.o [3]
SPI_EndRxTxTransaction   0x800'1be9   0x50  Code  Lc  stm32f4xx_hal_spi.o [4]
SPI_R16                  0x800'1344    0x2  Data  Gb  main.o [2]
SPI_R17                  0x800'1348    0x2  Data  Gb  main.o [2]
SPI_R18                  0x800'134c    0x2  Data  Gb  main.o [2]
SPI_R19                  0x800'1350    0x2  Data  Gb  main.o [2]
SPI_R20                  0x800'1354    0x2  Data  Gb  main.o [2]
SPI_R22                  0x800'1358    0x2  Data  Gb  main.o [2]
SPI_WaitFlagStateUntilTimeout
                         0x800'1b29   0xb4  Code  Lc  stm32f4xx_hal_spi.o [4]
SVC_Handler              0x800'29cb    0x2  Code  Gb  stm32f4xx_it.o [2]
SysTick_Handler          0x800'29d1    0x4  Code  Gb  stm32f4xx_it.o [2]
SystemClock_Config       0x800'1273   0xa2  Code  Gb  main.o [2]
SystemCoreClock         0x2000'0268    0x4  Data  Gb  system_stm32f4xx.o [1]
SystemInit               0x800'2a65    0xc  Code  Gb  system_stm32f4xx.o [1]
TAMP_STAMP_IRQHandler    0x800'2b09         Code  Wk  startup_stm32f446xx.o [3]
TIM1_BRK_TIM9_IRQHandler
                         0x800'2b5d         Code  Wk  startup_stm32f446xx.o [3]
TIM1_CC_IRQHandler       0x800'2b69         Code  Wk  startup_stm32f446xx.o [3]
TIM1_TRG_COM_TIM11_IRQHandler
                         0x800'2b65         Code  Wk  startup_stm32f446xx.o [3]
TIM1_UP_TIM10_IRQHandler
                         0x800'2b61         Code  Wk  startup_stm32f446xx.o [3]
TIM2_IRQHandler          0x800'2b6d         Code  Wk  startup_stm32f446xx.o [3]
TIM3_IRQHandler          0x800'2b71         Code  Wk  startup_stm32f446xx.o [3]
TIM4_IRQHandler          0x800'2b75         Code  Wk  startup_stm32f446xx.o [3]
TIM5_IRQHandler          0x800'2bc5         Code  Wk  startup_stm32f446xx.o [3]
TIM6_DAC_IRQHandler      0x800'2bd5         Code  Wk  startup_stm32f446xx.o [3]
TIM7_IRQHandler          0x800'2bd9         Code  Wk  startup_stm32f446xx.o [3]
TIM8_BRK_TIM12_IRQHandler
                         0x800'2ba9         Code  Wk  startup_stm32f446xx.o [3]
TIM8_CC_IRQHandler       0x800'2bb5         Code  Wk  startup_stm32f446xx.o [3]
TIM8_TRG_COM_TIM14_IRQHandler
                         0x800'2bb1         Code  Wk  startup_stm32f446xx.o [3]
TIM8_UP_TIM13_IRQHandler
                         0x800'2bad         Code  Wk  startup_stm32f446xx.o [3]
UART4_IRQHandler         0x800'2bcd         Code  Wk  startup_stm32f446xx.o [3]
UART5_IRQHandler         0x800'2bd1         Code  Wk  startup_stm32f446xx.o [3]
UART_SetConfig           0x800'2233   0xb0  Code  Lc  stm32f4xx_hal_uart.o [4]
USART1_IRQHandler        0x800'2b91         Code  Wk  startup_stm32f446xx.o [3]
USART2_IRQHandler        0x800'2b95         Code  Wk  startup_stm32f446xx.o [3]
USART3_IRQHandler        0x800'2b99         Code  Wk  startup_stm32f446xx.o [3]
USART6_IRQHandler        0x800'2c0d         Code  Wk  startup_stm32f446xx.o [3]
USB_CoreInit             0x800'25d5   0x78  Code  Gb  stm32f4xx_ll_usb.o [4]
USB_CoreReset            0x800'28bf   0x46  Code  Lc  stm32f4xx_ll_usb.o [4]
USB_DevDisconnect        0x800'28a3   0x16  Code  Gb  stm32f4xx_ll_usb.o [4]
USB_DevInit              0x800'26b1  0x15c  Code  Gb  stm32f4xx_ll_usb.o [4]
USB_DisableGlobalInt     0x800'264d    0x6  Code  Gb  stm32f4xx_ll_usb.o [4]
USB_FlushRxFifo          0x800'2851   0x42  Code  Gb  stm32f4xx_ll_usb.o [4]
USB_FlushTxFifo          0x800'280d   0x44  Code  Gb  stm32f4xx_ll_usb.o [4]
USB_SetCurrentMode       0x800'2659   0x58  Code  Gb  stm32f4xx_ll_usb.o [4]
USB_SetDevSpeed          0x800'2893    0xa  Code  Gb  stm32f4xx_ll_usb.o [4]
UsageFault_Handler       0x800'29c9    0x2  Code  Gb  stm32f4xx_it.o [2]
WWDG_IRQHandler          0x800'2b01         Code  Wk  startup_stm32f446xx.o [3]
__NVIC_SetPriority       0x800'1c81   0x1a  Code  Lc  stm32f4xx_hal_cortex.o [4]
__aeabi_ldiv0            0x800'0c95         Code  Gb  I64DivZer.o [7]
__aeabi_memset           0x800'2525         Code  Gb  ABImemset.o [7]
__cmain                  0x800'2a85         Code  Gb  cmain.o [7]
__exit                   0x800'2ab9   0x14  Code  Gb  exit.o [8]
__iar_Memset             0x800'2525         Code  Gb  ABImemset.o [7]
__iar_Memset_word        0x800'252d         Code  Gb  ABImemset.o [7]
__iar_data_init3         0x800'29f9   0x28  Code  Gb  data_init.o [7]
__iar_init_vfp           0x800'2a21         Code  Gb  fpinit_M.o [6]
__iar_lz77_init_single3
                         0x800'0c17   0x7e  Code  Gb  lz77_init_single.o [7]
__iar_program_start      0x800'2acd         Code  Gb  cstartup_M.o [7]
__iar_small_Memcpy       0x800'294d         Code  Gb  ABImemcpy_small.o [7]
__iar_small_memcpy       0x800'2949         Code  Gb  ABImemcpy_small.o [7]
__iar_small_memcpy4      0x800'2949         Code  Gb  ABImemcpy_small.o [7]
__iar_small_memcpy8      0x800'2949         Code  Gb  ABImemcpy_small.o [7]
__iar_small_uldivmod     0x800'0b11         Code  Gb  I64DivMod_small.o [7]
__iar_zero_init3         0x800'2989   0x38  Code  Gb  zero_init3.o [7]
__low_level_init         0x800'2aa3    0x4  Code  Gb  low_level_init.o [5]
__vector_table           0x800'0000         Data  Gb  startup_stm32f446xx.o [3]
_call_main               0x800'2a91         Code  Gb  cmain.o [7]
_exit                    0x800'2aad         Code  Gb  cexit.o [7]
exit                     0x800'2aa7    0x4  Code  Gb  exit.o [5]
hdma_spi1_tx            0x2000'089c   0x60  Data  Gb  main.o [2]
hdma_spi2_tx            0x2000'08fc   0x60  Data  Gb  main.o [2]
hi2c1                   0x2000'0778   0x54  Data  Gb  main.o [2]
hi2s1                   0x2000'07cc   0x48  Data  Gb  main.o [2]
hpcd_USB_OTG_FS         0x2000'026c  0x50c  Data  Gb  main.o [2]
hspi2                   0x2000'0000   0x58  Data  Gb  main.o [2]
huart1                  0x2000'0814   0x44  Data  Gb  main.o [2]
huart3                  0x2000'0858   0x44  Data  Gb  main.o [2]
main                     0x800'10a7  0x1c2  Code  Gb  main.o [2]
memset                   0x800'18b9   0x14  Code  Gb  memset.o [7]
sinwave                 0x2000'005c  0x200  Data  Gb  main.o [2]
spi_setup_dac            0x800'1049   0x4e  Code  Gb  main.o [2]
uwTick                  0x2000'0260    0x4  Data  Gb  stm32f4xx_hal.o [4]
uwTickFreq              0x2000'025c    0x1  Data  Gb  stm32f4xx_hal.o [4]
uwTickPrio              0x2000'0264    0x4  Data  Gb  stm32f4xx_hal.o [4]


[1] = C:\Users\torok\Dokumentumok\KiCad_projects\Digital synthesizer project\software\EWARM\software\Obj\CMSIS_6603591812247902717.dir
[2] = C:\Users\torok\Dokumentumok\KiCad_projects\Digital synthesizer project\software\EWARM\software\Obj\Core_13247989168731456611.dir
[3] = C:\Users\torok\Dokumentumok\KiCad_projects\Digital synthesizer project\software\EWARM\software\Obj\EWARM_18443280873093131863.dir
[4] = C:\Users\torok\Dokumentumok\KiCad_projects\Digital synthesizer project\software\EWARM\software\Obj\STM32F4xx_HAL_Driver_1244631019742807970.dir
[5] = dl7M_tln.a
[6] = m7M_tls.a
[7] = rt7M_tl.a
[8] = shb_l.a

  11'302 bytes of readonly  code memory
     481 bytes of readonly  data memory
   3'420 bytes of readwrite data memory

Errors: none
Warnings: none
