###############################################################################
#
# IAR ELF Linker V9.40.1.364/W64 for ARM                  26/Oct/2023  15:35:38
# Copyright 2007-2023 IAR Systems AB.
#
#    Output file  =
#        C:\Users\torok\Dokumentumok\KiCad_projects\Digital synthesizer
#        project\software\EWARM\software\Exe\software.out
#    Map file     =
#        C:\Users\torok\Dokumentumok\KiCad_projects\Digital synthesizer
#        project\software\EWARM\software\List\software.map
#    Command line =
#        -f "C:\Users\torok\Dokumentumok\KiCad_projects\Digital synthesizer
#        project\software\EWARM\software\Exe\software.out.rsp"
#        ("C:\Users\torok\Dokumentumok\KiCad_projects\Digital synthesizer
#        project\software\EWARM\software\Obj\Core_13247989168731456611.dir\digitalsynth_dsp.o"
#        "C:\Users\torok\Dokumentumok\KiCad_projects\Digital synthesizer
#        project\software\EWARM\software\Obj\Core_13247989168731456611.dir\digitalsynth_main_i2c.o"
#        "C:\Users\torok\Dokumentumok\KiCad_projects\Digital synthesizer
#        project\software\EWARM\software\Obj\Core_13247989168731456611.dir\main.o"
#        "C:\Users\torok\Dokumentumok\KiCad_projects\Digital synthesizer
#        project\software\EWARM\software\Obj\EWARM_18443280873093131863.dir\startup_stm32f446xx.o"
#        "C:\Users\torok\Dokumentumok\KiCad_projects\Digital synthesizer
#        project\software\EWARM\software\Obj\STM32F4xx_HAL_Driver_1244631019742807970.dir\stm32f4xx_hal.o"
#        "C:\Users\torok\Dokumentumok\KiCad_projects\Digital synthesizer
#        project\software\EWARM\software\Obj\STM32F4xx_HAL_Driver_1244631019742807970.dir\stm32f4xx_hal_cortex.o"
#        "C:\Users\torok\Dokumentumok\KiCad_projects\Digital synthesizer
#        project\software\EWARM\software\Obj\STM32F4xx_HAL_Driver_1244631019742807970.dir\stm32f4xx_hal_dma.o"
#        "C:\Users\torok\Dokumentumok\KiCad_projects\Digital synthesizer
#        project\software\EWARM\software\Obj\STM32F4xx_HAL_Driver_1244631019742807970.dir\stm32f4xx_hal_dma_ex.o"
#        "C:\Users\torok\Dokumentumok\KiCad_projects\Digital synthesizer
#        project\software\EWARM\software\Obj\STM32F4xx_HAL_Driver_1244631019742807970.dir\stm32f4xx_hal_exti.o"
#        "C:\Users\torok\Dokumentumok\KiCad_projects\Digital synthesizer
#        project\software\EWARM\software\Obj\STM32F4xx_HAL_Driver_1244631019742807970.dir\stm32f4xx_hal_flash.o"
#        "C:\Users\torok\Dokumentumok\KiCad_projects\Digital synthesizer
#        project\software\EWARM\software\Obj\STM32F4xx_HAL_Driver_1244631019742807970.dir\stm32f4xx_hal_flash_ex.o"
#        "C:\Users\torok\Dokumentumok\KiCad_projects\Digital synthesizer
#        project\software\EWARM\software\Obj\STM32F4xx_HAL_Driver_1244631019742807970.dir\stm32f4xx_hal_flash_ramfunc.o"
#        "C:\Users\torok\Dokumentumok\KiCad_projects\Digital synthesizer
#        project\software\EWARM\software\Obj\STM32F4xx_HAL_Driver_1244631019742807970.dir\stm32f4xx_hal_gpio.o"
#        "C:\Users\torok\Dokumentumok\KiCad_projects\Digital synthesizer
#        project\software\EWARM\software\Obj\STM32F4xx_HAL_Driver_1244631019742807970.dir\stm32f4xx_hal_i2c.o"
#        "C:\Users\torok\Dokumentumok\KiCad_projects\Digital synthesizer
#        project\software\EWARM\software\Obj\STM32F4xx_HAL_Driver_1244631019742807970.dir\stm32f4xx_hal_i2c_ex.o"
#        "C:\Users\torok\Dokumentumok\KiCad_projects\Digital synthesizer
#        project\software\EWARM\software\Obj\STM32F4xx_HAL_Driver_1244631019742807970.dir\stm32f4xx_hal_i2s.o"
#        "C:\Users\torok\Dokumentumok\KiCad_projects\Digital synthesizer
#        project\software\EWARM\software\Obj\STM32F4xx_HAL_Driver_1244631019742807970.dir\stm32f4xx_hal_i2s_ex.o"
#        "C:\Users\torok\Dokumentumok\KiCad_projects\Digital synthesizer
#        project\software\EWARM\software\Obj\Core_13247989168731456611.dir\stm32f4xx_hal_msp.o"
#        "C:\Users\torok\Dokumentumok\KiCad_projects\Digital synthesizer
#        project\software\EWARM\software\Obj\STM32F4xx_HAL_Driver_1244631019742807970.dir\stm32f4xx_hal_pcd.o"
#        "C:\Users\torok\Dokumentumok\KiCad_projects\Digital synthesizer
#        project\software\EWARM\software\Obj\STM32F4xx_HAL_Driver_1244631019742807970.dir\stm32f4xx_hal_pcd_ex.o"
#        "C:\Users\torok\Dokumentumok\KiCad_projects\Digital synthesizer
#        project\software\EWARM\software\Obj\STM32F4xx_HAL_Driver_1244631019742807970.dir\stm32f4xx_hal_pwr.o"
#        "C:\Users\torok\Dokumentumok\KiCad_projects\Digital synthesizer
#        project\software\EWARM\software\Obj\STM32F4xx_HAL_Driver_1244631019742807970.dir\stm32f4xx_hal_pwr_ex.o"
#        "C:\Users\torok\Dokumentumok\KiCad_projects\Digital synthesizer
#        project\software\EWARM\software\Obj\STM32F4xx_HAL_Driver_1244631019742807970.dir\stm32f4xx_hal_rcc.o"
#        "C:\Users\torok\Dokumentumok\KiCad_projects\Digital synthesizer
#        project\software\EWARM\software\Obj\STM32F4xx_HAL_Driver_1244631019742807970.dir\stm32f4xx_hal_rcc_ex.o"
#        "C:\Users\torok\Dokumentumok\KiCad_projects\Digital synthesizer
#        project\software\EWARM\software\Obj\STM32F4xx_HAL_Driver_1244631019742807970.dir\stm32f4xx_hal_tim.o"
#        "C:\Users\torok\Dokumentumok\KiCad_projects\Digital synthesizer
#        project\software\EWARM\software\Obj\STM32F4xx_HAL_Driver_1244631019742807970.dir\stm32f4xx_hal_tim_ex.o"
#        "C:\Users\torok\Dokumentumok\KiCad_projects\Digital synthesizer
#        project\software\EWARM\software\Obj\STM32F4xx_HAL_Driver_1244631019742807970.dir\stm32f4xx_hal_uart.o"
#        "C:\Users\torok\Dokumentumok\KiCad_projects\Digital synthesizer
#        project\software\EWARM\software\Obj\Core_13247989168731456611.dir\stm32f4xx_it.o"
#        "C:\Users\torok\Dokumentumok\KiCad_projects\Digital synthesizer
#        project\software\EWARM\software\Obj\STM32F4xx_HAL_Driver_1244631019742807970.dir\stm32f4xx_ll_dma.o"
#        "C:\Users\torok\Dokumentumok\KiCad_projects\Digital synthesizer
#        project\software\EWARM\software\Obj\STM32F4xx_HAL_Driver_1244631019742807970.dir\stm32f4xx_ll_exti.o"
#        "C:\Users\torok\Dokumentumok\KiCad_projects\Digital synthesizer
#        project\software\EWARM\software\Obj\STM32F4xx_HAL_Driver_1244631019742807970.dir\stm32f4xx_ll_gpio.o"
#        "C:\Users\torok\Dokumentumok\KiCad_projects\Digital synthesizer
#        project\software\EWARM\software\Obj\STM32F4xx_HAL_Driver_1244631019742807970.dir\stm32f4xx_ll_rcc.o"
#        "C:\Users\torok\Dokumentumok\KiCad_projects\Digital synthesizer
#        project\software\EWARM\software\Obj\STM32F4xx_HAL_Driver_1244631019742807970.dir\stm32f4xx_ll_spi.o"
#        "C:\Users\torok\Dokumentumok\KiCad_projects\Digital synthesizer
#        project\software\EWARM\software\Obj\STM32F4xx_HAL_Driver_1244631019742807970.dir\stm32f4xx_ll_usb.o"
#        "C:\Users\torok\Dokumentumok\KiCad_projects\Digital synthesizer
#        project\software\EWARM\software\Obj\STM32F4xx_HAL_Driver_1244631019742807970.dir\stm32f4xx_ll_utils.o"
#        "C:\Users\torok\Dokumentumok\KiCad_projects\Digital synthesizer
#        project\software\EWARM\software\Obj\CMSIS_6603591812247902717.dir\system_stm32f4xx.o"
#        --no_out_extension -o
#        "C:\Users\torok\Dokumentumok\KiCad_projects\Digital synthesizer
#        project\software\EWARM\software\Exe\software.out" --redirect
#        _Printf=_PrintfFullNoMb --redirect _Scanf=_ScanfFullNoMb --map
#        "C:\Users\torok\Dokumentumok\KiCad_projects\Digital synthesizer
#        project\software\EWARM\software\List\software.map" --config
#        "C:\Users\torok\Dokumentumok\KiCad_projects\Digital synthesizer
#        project\software\EWARM/stm32f446xx_flash.icf" --semihosting --entry
#        __iar_program_start
#        E:\iar_systems\arm\CMSIS\Lib\IAR\iar_cortexM4lf_math.a --vfe
#        --text_out locale --cpu=Cortex-M4 --fpu=VFPv4_sp) --dependencies=n
#        "C:\Users\torok\Dokumentumok\KiCad_projects\Digital synthesizer
#        project\software\EWARM\software\Exe\software.out.iar_deps"
#
###############################################################################

*******************************************************************************
*** RUNTIME MODEL ATTRIBUTES
***

CppFlavor       = *
__CPP_Runtime   = 1
__SystemLibrary = DLib
__dlib_version  = 6


*******************************************************************************
*** HEAP SELECTION
***

The basic heap was selected because --advanced_heap
was not specified and the application did not appear to
be primarily optimized for speed.


*******************************************************************************
*** PLACEMENT SUMMARY
***

"A0":  place at address 0x800'0000 { ro section .intvec };
"P1":  place in [from 0x800'0000 to 0x807'ffff] { ro };
define block CSTACK with size = 1K, alignment = 8 { };
define block HEAP with size = 512, alignment = 8 { };
"P2":  place in [from 0x2000'0000 to 0x2001'ffff] {
          rw, block CSTACK, block HEAP };
initialize by copy { rw };

  Section            Kind         Address    Size  Object
  -------            ----         -------    ----  ------
"A0":                                       0x1c4
  .intvec            ro code   0x800'0000   0x1c4  startup_stm32f446xx.o [3]
                             - 0x800'01c4   0x1c4

"P1":                                      0x5908
  .text              ro code   0x800'01c4   0xdbc  stm32f4xx_hal_rcc_ex.o [4]
  .text              ro code   0x800'0f80     0xc  stm32f4xx_hal.o [4]
  .text              ro code   0x800'0f8c   0x230  I64DivMod.o [7]
  .text              ro code   0x800'11bc     0x2  I64DivZer.o [7]
  .text              ro code   0x800'11be    0x2a  copy_init3.o [7]
  .text              ro code   0x800'11e8   0x7fa  stm32f4xx_hal_i2c.o [4]
  .text              ro code   0x800'19e4   0x38c  stm32f4xx_hal_msp.o [2]
  .text              ro code   0x800'1d70   0x190  stm32f4xx_hal_rcc.o [4]
  .text              ro code   0x800'1f00    0x14  memset.o [7]
  .text              ro code   0x800'1f14   0x248  stm32f4xx_hal_gpio.o [4]
  .text              ro code   0x800'215c   0x724  main.o [2]
  .text              ro code   0x800'2880   0x480  stm32f4xx_hal_dma.o [4]
  .text              ro code   0x800'2d00   0x158  stm32f4xx_hal_cortex.o [4]
  .text              ro code   0x800'2e58    0x4c  stm32f4xx_hal.o [4]
  .text              ro code   0x800'2ea4    0x66  ABImemset.o [7]
  .text              ro code   0x800'2f0c    0x28  stm32f4xx_hal.o [4]
  .text              ro code   0x800'2f34   0x7c4  digitalsynth_dsp.o [2]
  .text              ro code   0x800'36f8    0x34  stm32f4xx_hal.o [4]
  .text              ro code   0x800'372c   0x3d6  stm32f4xx_hal_i2s.o [4]
  .text              ro code   0x800'3b04   0x17a  stm32f4xx_ll_gpio.o [4]
  .text              ro code   0x800'3c80    0x84  stm32f4xx_ll_spi.o [4]
  .text              ro code   0x800'3d04   0x2dc  stm32f4xx_hal_tim.o [4]
  .text              ro code   0x800'3fe0    0xb0  stm32f4xx_hal_tim_ex.o [4]
  .text              ro code   0x800'4090   0x2ec  stm32f4xx_hal_uart.o [4]
  .text              ro code   0x800'437c   0x180  stm32f4xx_hal_pcd.o [4]
  .text              ro code   0x800'44fc    0x1c  U32ToDbl.o [6]
  .text              ro code   0x800'4518   0x1aa  DblMul.o [6]
  .text              ro code   0x800'46c4   0x246  DblDiv.o [6]
  .text              ro code   0x800'490c    0x12  math_wrappers64.o [6]
  .text              ro code   0x800'4920    0x36  DblToS32.o [6]
  .text              ro code   0x800'4958    0x3c  floorf.o [6]
  .text              ro code   0x800'4994    0x48  FltToDbl.o [6]
  .text              ro code   0x800'49dc    0x68  floor.o [6]
  .text              ro code   0x800'4a44    0x1e  sqrtf.o [6]
  .text              ro code   0x800'4a62     0x2  stm32f4xx_hal_i2s.o [4]
  .text              ro code   0x800'4a64     0x2  stm32f4xx_hal_i2s.o [4]
  .text              ro code   0x800'4a66     0x2  stm32f4xx_hal_tim.o [4]
  .text              ro code   0x800'4a68     0x2  stm32f4xx_hal_tim.o [4]
  .text              ro code   0x800'4a6a     0x2  stm32f4xx_hal_tim.o [4]
  .text              ro code   0x800'4a6c     0x2  stm32f4xx_hal_tim.o [4]
  .text              ro code   0x800'4a6e     0x2  stm32f4xx_hal_tim_ex.o [4]
  .text              ro code   0x800'4a70     0x2  stm32f4xx_hal_tim.o [4]
  .text              ro code   0x800'4a72     0x2  stm32f4xx_hal_tim_ex.o [4]
  .text              ro code   0x800'4a74   0x424  stm32f4xx_ll_usb.o [4]
  .text              ro code   0x800'4e98    0x86  ABImemcpy.o [7]
  .text              ro code   0x800'4f20    0x28  stm32f4xx_hal_pcd_ex.o [4]
  .text              ro code   0x800'4f48   0x404  cos_sin64.o [6]
  .text              ro code   0x800'534c    0x34  DblCmpLe.o [6]
  .text              ro code   0x800'5380   0x24e  DblAddSub.o [6]
  .text              ro code   0x800'55d0    0x22  S32ToDbl.o [6]
  Initializer bytes  const     0x800'55f4   0x1dc  <for P2-1>
  .text              ro code   0x800'57d0    0x38  zero_init3.o [7]
  .text              ro code   0x800'5808    0x34  stm32f4xx_it.o [2]
  .text              ro code   0x800'583c    0x18  stm32f4xx_hal.o [4]
  .text              ro code   0x800'5854    0x28  data_init.o [7]
  .text              ro code   0x800'587c    0x22  fpinit_M.o [6]
  .iar.init_table    const     0x800'58a0    0x24  - Linker created -
  .text              ro code   0x800'58c4    0x1e  cmain.o [7]
  .text              ro code   0x800'58e2     0x4  low_level_init.o [5]
  .text              ro code   0x800'58e6     0x4  exit.o [5]
  .text              ro code   0x800'58ec     0xa  cexit.o [7]
  .text              ro code   0x800'58f8    0x14  exit.o [8]
  .text              ro code   0x800'590c    0x1c  cstartup_M.o [7]
  .rodata            const     0x800'5928    0x10  system_stm32f4xx.o [1]
  .text              ro code   0x800'5938    0x10  startup_stm32f446xx.o [3]
  .text              ro code   0x800'5948    0x10  system_stm32f4xx.o [1]
  .rodata            const     0x800'5958     0xc  main.o [2]
  .rodata            const     0x800'5964     0x8  stm32f4xx_hal_dma.o [4]
  .rodata            const     0x800'596c     0x8  system_stm32f4xx.o [1]
  .rodata            const     0x800'5974     0x4  main.o [2]
  .rodata            const     0x800'5978     0x4  main.o [2]
  .text              ro code   0x800'597c     0x4  startup_stm32f446xx.o [3]
  .text              ro code   0x800'5980     0x4  startup_stm32f446xx.o [3]
  .text              ro code   0x800'5984     0x4  startup_stm32f446xx.o [3]
  .text              ro code   0x800'5988     0x4  startup_stm32f446xx.o [3]
  .text              ro code   0x800'598c     0x4  startup_stm32f446xx.o [3]
  .text              ro code   0x800'5990     0x4  startup_stm32f446xx.o [3]
  .text              ro code   0x800'5994     0x4  startup_stm32f446xx.o [3]
  .text              ro code   0x800'5998     0x4  startup_stm32f446xx.o [3]
  .text              ro code   0x800'599c     0x4  startup_stm32f446xx.o [3]
  .text              ro code   0x800'59a0     0x4  startup_stm32f446xx.o [3]
  .text              ro code   0x800'59a4     0x4  startup_stm32f446xx.o [3]
  .text              ro code   0x800'59a8     0x4  startup_stm32f446xx.o [3]
  .text              ro code   0x800'59ac     0x4  startup_stm32f446xx.o [3]
  .text              ro code   0x800'59b0     0x4  startup_stm32f446xx.o [3]
  .text              ro code   0x800'59b4     0x4  startup_stm32f446xx.o [3]
  .text              ro code   0x800'59b8     0x4  startup_stm32f446xx.o [3]
  .text              ro code   0x800'59bc     0x4  startup_stm32f446xx.o [3]
  .text              ro code   0x800'59c0     0x4  startup_stm32f446xx.o [3]
  .text              ro code   0x800'59c4     0x4  startup_stm32f446xx.o [3]
  .text              ro code   0x800'59c8     0x4  startup_stm32f446xx.o [3]
  .text              ro code   0x800'59cc     0x4  startup_stm32f446xx.o [3]
  .text              ro code   0x800'59d0     0x4  startup_stm32f446xx.o [3]
  .text              ro code   0x800'59d4     0x4  startup_stm32f446xx.o [3]
  .text              ro code   0x800'59d8     0x4  startup_stm32f446xx.o [3]
  .text              ro code   0x800'59dc     0x4  startup_stm32f446xx.o [3]
  .text              ro code   0x800'59e0     0x4  startup_stm32f446xx.o [3]
  .text              ro code   0x800'59e4     0x4  startup_stm32f446xx.o [3]
  .text              ro code   0x800'59e8     0x4  startup_stm32f446xx.o [3]
  .text              ro code   0x800'59ec     0x4  startup_stm32f446xx.o [3]
  .text              ro code   0x800'59f0     0x4  startup_stm32f446xx.o [3]
  .text              ro code   0x800'59f4     0x4  startup_stm32f446xx.o [3]
  .text              ro code   0x800'59f8     0x4  startup_stm32f446xx.o [3]
  .text              ro code   0x800'59fc     0x4  startup_stm32f446xx.o [3]
  .text              ro code   0x800'5a00     0x4  startup_stm32f446xx.o [3]
  .text              ro code   0x800'5a04     0x4  startup_stm32f446xx.o [3]
  .text              ro code   0x800'5a08     0x4  startup_stm32f446xx.o [3]
  .text              ro code   0x800'5a0c     0x4  startup_stm32f446xx.o [3]
  .text              ro code   0x800'5a10     0x4  startup_stm32f446xx.o [3]
  .text              ro code   0x800'5a14     0x4  startup_stm32f446xx.o [3]
  .text              ro code   0x800'5a18     0x4  startup_stm32f446xx.o [3]
  .text              ro code   0x800'5a1c     0x4  startup_stm32f446xx.o [3]
  .text              ro code   0x800'5a20     0x4  startup_stm32f446xx.o [3]
  .text              ro code   0x800'5a24     0x4  startup_stm32f446xx.o [3]
  .text              ro code   0x800'5a28     0x4  startup_stm32f446xx.o [3]
  .text              ro code   0x800'5a2c     0x4  startup_stm32f446xx.o [3]
  .text              ro code   0x800'5a30     0x4  startup_stm32f446xx.o [3]
  .text              ro code   0x800'5a34     0x4  startup_stm32f446xx.o [3]
  .text              ro code   0x800'5a38     0x4  startup_stm32f446xx.o [3]
  .text              ro code   0x800'5a3c     0x4  startup_stm32f446xx.o [3]
  .text              ro code   0x800'5a40     0x4  startup_stm32f446xx.o [3]
  .text              ro code   0x800'5a44     0x4  startup_stm32f446xx.o [3]
  .text              ro code   0x800'5a48     0x4  startup_stm32f446xx.o [3]
  .text              ro code   0x800'5a4c     0x4  startup_stm32f446xx.o [3]
  .text              ro code   0x800'5a50     0x4  startup_stm32f446xx.o [3]
  .text              ro code   0x800'5a54     0x4  startup_stm32f446xx.o [3]
  .text              ro code   0x800'5a58     0x4  startup_stm32f446xx.o [3]
  .text              ro code   0x800'5a5c     0x4  startup_stm32f446xx.o [3]
  .text              ro code   0x800'5a60     0x4  startup_stm32f446xx.o [3]
  .text              ro code   0x800'5a64     0x4  startup_stm32f446xx.o [3]
  .text              ro code   0x800'5a68     0x4  startup_stm32f446xx.o [3]
  .text              ro code   0x800'5a6c     0x4  startup_stm32f446xx.o [3]
  .text              ro code   0x800'5a70     0x4  startup_stm32f446xx.o [3]
  .text              ro code   0x800'5a74     0x4  startup_stm32f446xx.o [3]
  .text              ro code   0x800'5a78     0x4  startup_stm32f446xx.o [3]
  .text              ro code   0x800'5a7c     0x4  startup_stm32f446xx.o [3]
  .text              ro code   0x800'5a80     0x4  startup_stm32f446xx.o [3]
  .text              ro code   0x800'5a84     0x4  startup_stm32f446xx.o [3]
  .text              ro code   0x800'5a88     0x4  startup_stm32f446xx.o [3]
  .text              ro code   0x800'5a8c     0x4  startup_stm32f446xx.o [3]
  .text              ro code   0x800'5a90     0x4  startup_stm32f446xx.o [3]
  .text              ro code   0x800'5a94     0x4  startup_stm32f446xx.o [3]
  .text              ro code   0x800'5a98     0x4  startup_stm32f446xx.o [3]
  .text              ro code   0x800'5a9c     0x4  startup_stm32f446xx.o [3]
  .text              ro code   0x800'5aa0     0x4  startup_stm32f446xx.o [3]
  .text              ro code   0x800'5aa4     0x4  startup_stm32f446xx.o [3]
  .text              ro code   0x800'5aa8     0x4  startup_stm32f446xx.o [3]
  .text              ro code   0x800'5aac     0x4  startup_stm32f446xx.o [3]
  .text              ro code   0x800'5ab0     0x4  startup_stm32f446xx.o [3]
  .text              ro code   0x800'5ab4     0x4  startup_stm32f446xx.o [3]
  .text              ro code   0x800'5ab8     0x4  startup_stm32f446xx.o [3]
  .text              ro code   0x800'5abc     0x4  startup_stm32f446xx.o [3]
  .text              ro code   0x800'5ac0     0x4  startup_stm32f446xx.o [3]
  .text              ro code   0x800'5ac4     0x4  startup_stm32f446xx.o [3]
  .text              ro code   0x800'5ac8     0x4  startup_stm32f446xx.o [3]
  .rodata            const     0x800'5acc     0x0  zero_init3.o [7]
  .rodata            const     0x800'5acc     0x0  copy_init3.o [7]
                             - 0x800'5acc  0x5908

"P2", part 1 of 3:                          0x1dc
  P2-1                        0x2000'0000   0x1da  <Init block>
    .data            inited   0x2000'0000   0x1b0  digitalsynth_dsp.o [2]
    .data            inited   0x2000'01b0    0x20  digitalsynth_dsp.o [2]
    .data            inited   0x2000'01d0     0x4  stm32f4xx_hal.o [4]
    .data            inited   0x2000'01d4     0x4  system_stm32f4xx.o [1]
    .data            inited   0x2000'01d8     0x1  main.o [2]
    .data            inited   0x2000'01d9     0x1  stm32f4xx_hal.o [4]
                            - 0x2000'01da   0x1da

"P2", part 2 of 3:                         0xe368
  .bss               zero     0x2000'01dc  0x9c40  digitalsynth_dsp.o [2]
  .bss               zero     0x2000'9e1c  0x1000  main.o [2]
  .bss               zero     0x2000'ae1c  0x1000  main.o [2]
  .bss               zero     0x2000'be1c   0x800  digitalsynth_dsp.o [2]
  .bss               zero     0x2000'c61c   0x800  digitalsynth_dsp.o [2]
  .bss               zero     0x2000'ce1c   0x800  digitalsynth_dsp.o [2]
  .bss               zero     0x2000'd61c   0x800  digitalsynth_dsp.o [2]
  .bss               zero     0x2000'de1c   0x50c  main.o [2]
  .bss               zero     0x2000'e328    0x60  main.o [2]
  .bss               zero     0x2000'e388    0x54  main.o [2]
  .bss               zero     0x2000'e3dc    0x48  main.o [2]
  .bss               zero     0x2000'e424    0x48  main.o [2]
  .bss               zero     0x2000'e46c    0x44  main.o [2]
  .bss               zero     0x2000'e4b0    0x44  main.o [2]
  .bss               zero     0x2000'e4f4    0x1c  main.o [2]
  .bss               zero     0x2000'e510     0x4  digitalsynth_dsp.o [2]
  .bss               zero     0x2000'e514     0x4  digitalsynth_dsp.o [2]
  .bss               zero     0x2000'e518     0x4  digitalsynth_dsp.o [2]
  .bss               zero     0x2000'e51c     0x4  digitalsynth_dsp.o [2]
  .bss               zero     0x2000'e520     0x4  digitalsynth_dsp.o [2]
  .bss               zero     0x2000'e524     0x4  main.o [2]
  .bss               zero     0x2000'e528     0x4  main.o [2]
  .bss               zero     0x2000'e52c     0x4  main.o [2]
  .bss               zero     0x2000'e530     0x4  main.o [2]
  .bss               zero     0x2000'e534     0x4  stm32f4xx_hal.o [4]
  .bss               zero     0x2000'e538     0x2  digitalsynth_dsp.o [2]
  .bss               zero     0x2000'e53a     0x2  main.o [2]
  .bss               zero     0x2000'e53c     0x2  main.o [2]
  .bss               zero     0x2000'e53e     0x1  main.o [2]
  .bss               zero     0x2000'e53f     0x1  main.o [2]
  .bss               zero     0x2000'e540     0x1  main.o [2]
  .bss               zero     0x2000'e541     0x1  main.o [2]
                            - 0x2000'e542  0xe366

"P2", part 3 of 3:                          0x400
  CSTACK                      0x2000'e548   0x400  <Block>
    CSTACK           uninit   0x2000'e548   0x400  <Block tail>
                            - 0x2000'e948   0x400

Unused ranges:

         From           To      Size
         ----           --      ----
   0x800'5acc   0x807'ffff  0x7'a534
  0x2000'e544  0x2000'e547       0x4
  0x2000'e948  0x2001'ffff  0x1'16b8


*******************************************************************************
*** INIT TABLE
***

          Address      Size
          -------      ----
Zero (__iar_zero_init3)
    1 destination range, total size 0xe366:
          0x2000'01dc  0xe366

Copy (__iar_copy_init3)
    1 source range, total size 0x1dc (100% of destination):
           0x800'55f4   0x1dc
    1 destination range, total size 0x1da:
          0x2000'0000   0x1da



*******************************************************************************
*** MODULE SUMMARY
***

    Module                  ro code  ro data  rw data
    ------                  -------  -------  -------
command line/config:
    -------------------------------------------------
    Total:

C:\Users\torok\Dokumentumok\KiCad_projects\Digital synthesizer project\software\EWARM\software\Obj\CMSIS_6603591812247902717.dir: [1]
    system_stm32f4xx.o           16       28        4
    -------------------------------------------------
    Total:                       16       28        4

C:\Users\torok\Dokumentumok\KiCad_projects\Digital synthesizer project\software\EWARM\software\Obj\Core_13247989168731456611.dir: [2]
    digitalsynth_dsp.o        1'988      464   48'678
    main.o                    1'828       21    9'997
    stm32f4xx_hal_msp.o         908
    stm32f4xx_it.o               52
    -------------------------------------------------
    Total:                    4'776      485   58'675

C:\Users\torok\Dokumentumok\KiCad_projects\Digital synthesizer project\software\EWARM\software\Obj\EWARM_18443280873093131863.dir: [3]
    startup_stm32f446xx.o       804
    -------------------------------------------------
    Total:                      804

C:\Users\torok\Dokumentumok\KiCad_projects\Digital synthesizer project\software\EWARM\software\Obj\STM32F4xx_HAL_Driver_1244631019742807970.dir: [4]
    stm32f4xx_hal.o             204        5        9
    stm32f4xx_hal_cortex.o      344
    stm32f4xx_hal_dma.o       1'152        8
    stm32f4xx_hal_gpio.o        584
    stm32f4xx_hal_i2c.o       2'042
    stm32f4xx_hal_i2s.o         986
    stm32f4xx_hal_pcd.o         384
    stm32f4xx_hal_pcd_ex.o       40
    stm32f4xx_hal_rcc.o         400
    stm32f4xx_hal_rcc_ex.o    3'516
    stm32f4xx_hal_tim.o         742
    stm32f4xx_hal_tim_ex.o      180
    stm32f4xx_hal_uart.o        748
    stm32f4xx_ll_gpio.o         378
    stm32f4xx_ll_spi.o          132
    stm32f4xx_ll_usb.o        1'060
    -------------------------------------------------
    Total:                   12'892       13        9

dl7M_tlf.a: [5]
    exit.o                        4
    low_level_init.o              4
    -------------------------------------------------
    Total:                        8

m7M_tls.a: [6]
    DblAddSub.o                 590
    DblCmpLe.o                   52
    DblDiv.o                    582
    DblMul.o                    426
    DblToS32.o                   54
    FltToDbl.o                   72
    S32ToDbl.o                   34
    U32ToDbl.o                   28
    cos_sin64.o               1'028
    floor.o                     104
    floorf.o                     60
    fpinit_M.o                   34
    math_wrappers64.o            18
    sqrtf.o                      30
    -------------------------------------------------
    Total:                    3'112

rt7M_tl.a: [7]
    ABImemcpy.o                 134
    ABImemset.o                 102
    I64DivMod.o                 560
    I64DivZer.o                   2
    cexit.o                      10
    cmain.o                      30
    copy_init3.o                 42
    cstartup_M.o                 28
    data_init.o                  40
    memset.o                     20
    zero_init3.o                 56
    -------------------------------------------------
    Total:                    1'024

shb_l.a: [8]
    exit.o                       20
    -------------------------------------------------
    Total:                       20

    Gaps                         24        2
    Linker created                        40    1'024
-----------------------------------------------------
    Grand Total:             22'676      568   59'712


*******************************************************************************
*** ENTRY LIST
***

Entry                       Address    Size  Type      Object
-----                       -------    ----  ----      ------
.iar.init_table$$Base    0x800'58a0           --   Gb  - Linker created -
.iar.init_table$$Limit   0x800'58c4           --   Gb  - Linker created -
?main                    0x800'58c5          Code  Gb  cmain.o [7]
ADC_IRQHandler           0x800'59c5          Code  Wk  startup_stm32f446xx.o [3]
AHBPrescTable            0x800'5928    0x10  Data  Gb  system_stm32f4xx.o [1]
APBPrescTable            0x800'596c     0x8  Data  Gb  system_stm32f4xx.o [1]
BusFault_Handler         0x800'580f     0x2  Code  Gb  stm32f4xx_it.o [2]
CAN1_RX0_IRQHandler      0x800'59cd          Code  Wk  startup_stm32f446xx.o [3]
CAN1_RX1_IRQHandler      0x800'59d1          Code  Wk  startup_stm32f446xx.o [3]
CAN1_SCE_IRQHandler      0x800'59d5          Code  Wk  startup_stm32f446xx.o [3]
CAN1_TX_IRQHandler       0x800'59c9          Code  Wk  startup_stm32f446xx.o [3]
CAN2_RX0_IRQHandler      0x800'5a6d          Code  Wk  startup_stm32f446xx.o [3]
CAN2_RX1_IRQHandler      0x800'5a71          Code  Wk  startup_stm32f446xx.o [3]
CAN2_SCE_IRQHandler      0x800'5a75          Code  Wk  startup_stm32f446xx.o [3]
CAN2_TX_IRQHandler       0x800'5a69          Code  Wk  startup_stm32f446xx.o [3]
CEC_IRQHandler           0x800'5abd          Code  Wk  startup_stm32f446xx.o [3]
CSTACK$$Base            0x2000'e548           --   Gb  - Linker created -
CSTACK$$Limit           0x2000'e948           --   Gb  - Linker created -
DCMI_IRQHandler          0x800'5aa5          Code  Wk  startup_stm32f446xx.o [3]
DMA1_Stream0_IRQHandler
                         0x800'59a9          Code  Wk  startup_stm32f446xx.o [3]
DMA1_Stream1_IRQHandler
                         0x800'59ad          Code  Wk  startup_stm32f446xx.o [3]
DMA1_Stream2_IRQHandler
                         0x800'59b1          Code  Wk  startup_stm32f446xx.o [3]
DMA1_Stream3_IRQHandler
                         0x800'59b5          Code  Wk  startup_stm32f446xx.o [3]
DMA1_Stream4_IRQHandler
                         0x800'59b9          Code  Wk  startup_stm32f446xx.o [3]
DMA1_Stream5_IRQHandler
                         0x800'59bd          Code  Wk  startup_stm32f446xx.o [3]
DMA1_Stream6_IRQHandler
                         0x800'59c1          Code  Wk  startup_stm32f446xx.o [3]
DMA1_Stream7_IRQHandler
                         0x800'5a39          Code  Wk  startup_stm32f446xx.o [3]
DMA2_Stream0_IRQHandler
                         0x800'5a59          Code  Wk  startup_stm32f446xx.o [3]
DMA2_Stream1_IRQHandler
                         0x800'5a5d          Code  Wk  startup_stm32f446xx.o [3]
DMA2_Stream2_IRQHandler
                         0x800'5a61          Code  Wk  startup_stm32f446xx.o [3]
DMA2_Stream3_IRQHandler
                         0x800'582b     0xa  Code  Gb  stm32f4xx_it.o [2]
DMA2_Stream4_IRQHandler
                         0x800'5a65          Code  Wk  startup_stm32f446xx.o [3]
DMA2_Stream5_IRQHandler
                         0x800'5a7d          Code  Wk  startup_stm32f446xx.o [3]
DMA2_Stream6_IRQHandler
                         0x800'5a81          Code  Wk  startup_stm32f446xx.o [3]
DMA2_Stream7_IRQHandler
                         0x800'5a85          Code  Wk  startup_stm32f446xx.o [3]
DMA_CalcBaseAndBitshift
                         0x800'2c27    0x30  Code  Lc  stm32f4xx_hal_dma.o [4]
DMA_CalcBaseAndBitshift::flagBitshiftOffset
                         0x800'5964     0x8  Data  Lc  stm32f4xx_hal_dma.o [4]
DMA_CheckFifoParam       0x800'2c65    0x9c  Code  Lc  stm32f4xx_hal_dma.o [4]
DMA_SetConfig            0x800'2bf9    0x2e  Code  Lc  stm32f4xx_hal_dma.o [4]
DebugMon_Handler         0x800'5815     0x2  Code  Gb  stm32f4xx_it.o [2]
EXTI0_IRQHandler         0x800'5995          Code  Wk  startup_stm32f446xx.o [3]
EXTI15_10_IRQHandler     0x800'5a1d          Code  Wk  startup_stm32f446xx.o [3]
EXTI1_IRQHandler         0x800'5999          Code  Wk  startup_stm32f446xx.o [3]
EXTI2_IRQHandler         0x800'599d          Code  Wk  startup_stm32f446xx.o [3]
EXTI3_IRQHandler         0x800'59a1          Code  Wk  startup_stm32f446xx.o [3]
EXTI4_IRQHandler         0x800'59a5          Code  Wk  startup_stm32f446xx.o [3]
EXTI9_5_IRQHandler       0x800'59d9          Code  Wk  startup_stm32f446xx.o [3]
Error_Handler            0x800'287d     0x4  Code  Gb  main.o [2]
FLASH_IRQHandler         0x800'598d          Code  Wk  startup_stm32f446xx.o [3]
FMC_IRQHandler           0x800'5a3d          Code  Wk  startup_stm32f446xx.o [3]
FMPI2C1_ER_IRQHandler    0x800'5ac9          Code  Wk  startup_stm32f446xx.o [3]
FMPI2C1_EV_IRQHandler    0x800'5ac5          Code  Wk  startup_stm32f446xx.o [3]
FPU_IRQHandler           0x800'5aa9          Code  Wk  startup_stm32f446xx.o [3]
HAL_DMA_IRQHandler       0x800'29f1   0x208  Code  Gb  stm32f4xx_hal_dma.o [4]
HAL_DMA_Init             0x800'2881    0xe4  Code  Gb  stm32f4xx_hal_dma.o [4]
HAL_DMA_Start_IT         0x800'2965    0x8c  Code  Gb  stm32f4xx_hal_dma.o [4]
HAL_Delay                0x800'2f0d    0x28  Code  Wk  stm32f4xx_hal.o [4]
HAL_GPIO_Init            0x800'1f15   0x1f8  Code  Gb  stm32f4xx_hal_gpio.o [4]
HAL_GPIO_WritePin        0x800'210d    0x1a  Code  Gb  stm32f4xx_hal_gpio.o [4]
HAL_GetTick              0x800'0f81     0xc  Code  Wk  stm32f4xx_hal.o [4]
HAL_I2C_Init             0x800'11e9   0x1d2  Code  Gb  stm32f4xx_hal_i2c.o [4]
HAL_I2C_Master_Receive   0x800'13bb   0x2f8  Code  Gb  stm32f4xx_hal_i2c.o [4]
HAL_I2C_MspInit          0x800'1a1f    0x70  Code  Gb  stm32f4xx_hal_msp.o [2]
HAL_I2S_ErrorCallback    0x800'4a63     0x2  Code  Wk  stm32f4xx_hal_i2s.o [4]
HAL_I2S_Init             0x800'372d   0x154  Code  Gb  stm32f4xx_hal_i2s.o [4]
HAL_I2S_MspInit          0x800'1a8f   0x11a  Code  Gb  stm32f4xx_hal_msp.o [2]
HAL_I2S_RxCpltCallback   0x800'4a65     0x2  Code  Wk  stm32f4xx_hal_i2s.o [4]
HAL_I2S_Transmit_DMA     0x800'388d    0xdc  Code  Gb  stm32f4xx_hal_i2s.o [4]
HAL_I2S_TxCpltCallback   0x800'228d    0x1a  Code  Gb  main.o [2]
HAL_I2S_TxHalfCpltCallback
                         0x800'2237    0x56  Code  Gb  main.o [2]
HAL_IncTick              0x800'583d    0x18  Code  Wk  stm32f4xx_hal.o [4]
HAL_Init                 0x800'36f9    0x30  Code  Gb  stm32f4xx_hal.o [4]
HAL_InitTick             0x800'2e59    0x4c  Code  Wk  stm32f4xx_hal.o [4]
HAL_MspInit              0x800'19e5    0x3a  Code  Gb  stm32f4xx_hal_msp.o [2]
HAL_NVIC_EnableIRQ       0x800'2e1f     0xe  Code  Gb  stm32f4xx_hal_cortex.o [4]
HAL_NVIC_SetPriority     0x800'2df5    0x2a  Code  Gb  stm32f4xx_hal_cortex.o [4]
HAL_NVIC_SetPriorityGrouping
                         0x800'2de9     0xc  Code  Gb  stm32f4xx_hal_cortex.o [4]
HAL_PCDEx_ActivateLPM    0x800'4f21    0x28  Code  Gb  stm32f4xx_hal_pcd_ex.o [4]
HAL_PCD_Init             0x800'437d   0x180  Code  Gb  stm32f4xx_hal_pcd.o [4]
HAL_PCD_MspInit          0x800'1ca1    0x96  Code  Gb  stm32f4xx_hal_msp.o [2]
HAL_RCCEx_GetPeriphCLKFreq
                         0x800'066f   0x39a  Code  Gb  stm32f4xx_hal_rcc_ex.o [4]
HAL_RCCEx_PeriphCLKConfig
                         0x800'01c5   0x4aa  Code  Gb  stm32f4xx_hal_rcc_ex.o [4]
HAL_RCC_ClockConfig      0x800'1d71   0x140  Code  Gb  stm32f4xx_hal_rcc.o [4]
HAL_RCC_GetHCLKFreq      0x800'1eb1     0x6  Code  Gb  stm32f4xx_hal_rcc.o [4]
HAL_RCC_GetPCLK1Freq     0x800'1eb7    0x16  Code  Gb  stm32f4xx_hal_rcc.o [4]
HAL_RCC_GetPCLK2Freq     0x800'1ecd    0x16  Code  Gb  stm32f4xx_hal_rcc.o [4]
HAL_RCC_GetSysClockFreq
                         0x800'0a09    0xfa  Code  Gb  stm32f4xx_hal_rcc_ex.o [4]
HAL_RCC_OscConfig        0x800'0b3d   0x410  Code  Gb  stm32f4xx_hal_rcc_ex.o [4]
HAL_SYSTICK_Config       0x800'2e2d     0xc  Code  Gb  stm32f4xx_hal_cortex.o [4]
HAL_TIMEx_BreakCallback
                         0x800'4a6f     0x2  Code  Wk  stm32f4xx_hal_tim_ex.o [4]
HAL_TIMEx_CommutCallback
                         0x800'4a73     0x2  Code  Wk  stm32f4xx_hal_tim_ex.o [4]
HAL_TIMEx_MasterConfigSynchronization
                         0x800'3fe1    0x90  Code  Gb  stm32f4xx_hal_tim_ex.o [4]
HAL_TIM_Base_Init        0x800'3d05    0x6e  Code  Gb  stm32f4xx_hal_tim.o [4]
HAL_TIM_Base_MspInit     0x800'1ba9    0x36  Code  Gb  stm32f4xx_hal_msp.o [2]
HAL_TIM_IC_CaptureCallback
                         0x800'4a67     0x2  Code  Wk  stm32f4xx_hal_tim.o [4]
HAL_TIM_IRQHandler       0x800'3d73   0x176  Code  Gb  stm32f4xx_hal_tim.o [4]
HAL_TIM_OC_DelayElapsedCallback
                         0x800'4a69     0x2  Code  Wk  stm32f4xx_hal_tim.o [4]
HAL_TIM_PWM_PulseFinishedCallback
                         0x800'4a6b     0x2  Code  Wk  stm32f4xx_hal_tim.o [4]
HAL_TIM_PeriodElapsedCallback
                         0x800'4a6d     0x2  Code  Wk  stm32f4xx_hal_tim.o [4]
HAL_TIM_TriggerCallback
                         0x800'4a71     0x2  Code  Wk  stm32f4xx_hal_tim.o [4]
HAL_UART_Init            0x800'4091    0x76  Code  Gb  stm32f4xx_hal_uart.o [4]
HAL_UART_MspInit         0x800'1bdf    0xc2  Code  Gb  stm32f4xx_hal_msp.o [2]
HardFault_Handler        0x800'580b     0x2  Code  Gb  stm32f4xx_it.o [2]
I2C1_ER_IRQHandler       0x800'59fd          Code  Wk  startup_stm32f446xx.o [3]
I2C1_EV_IRQHandler       0x800'59f9          Code  Wk  startup_stm32f446xx.o [3]
I2C2_ER_IRQHandler       0x800'5a05          Code  Wk  startup_stm32f446xx.o [3]
I2C2_EV_IRQHandler       0x800'5a01          Code  Wk  startup_stm32f446xx.o [3]
I2C3_ER_IRQHandler       0x800'5a91          Code  Wk  startup_stm32f446xx.o [3]
I2C3_EV_IRQHandler       0x800'5a8d          Code  Wk  startup_stm32f446xx.o [3]
I2C_MasterRequestRead    0x800'16d9   0x146  Code  Lc  stm32f4xx_hal_i2c.o [4]
I2C_WaitOnFlagUntilTimeout
                         0x800'181f    0x8a  Code  Lc  stm32f4xx_hal_i2c.o [4]
I2C_WaitOnMasterAddressFlagUntilTimeout
                         0x800'18a9    0xba  Code  Lc  stm32f4xx_hal_i2c.o [4]
I2C_WaitOnRXNEFlagUntilTimeout
                         0x800'1971    0x72  Code  Lc  stm32f4xx_hal_i2c.o [4]
I2S_DMAError             0x800'39a5    0x30  Code  Lc  stm32f4xx_hal_i2s.o [4]
I2S_DMATxCplt            0x800'3969    0x2a  Code  Lc  stm32f4xx_hal_i2s.o [4]
I2S_DMATxHalfCplt        0x800'3995     0xe  Code  Lc  stm32f4xx_hal_i2s.o [4]
I2S_IRQHandler           0x800'3a45    0xbe  Code  Lc  stm32f4xx_hal_i2s.o [4]
I2S_Receive_IT           0x800'3a0d    0x38  Code  Lc  stm32f4xx_hal_i2s.o [4]
I2S_Transmit_IT          0x800'39d5    0x38  Code  Lc  stm32f4xx_hal_i2s.o [4]
LL_AHB1_GRP1_EnableClock
                         0x800'217b    0x18  Code  Lc  main.o [2]
LL_APB1_GRP1_EnableClock
                         0x800'2193    0x18  Code  Lc  main.o [2]
LL_GPIO_Init             0x800'3bf1    0x8e  Code  Gb  stm32f4xx_ll_gpio.o [4]
LL_GPIO_SetAFPin_0_7     0x800'3b95    0x2a  Code  Lc  stm32f4xx_ll_gpio.o [4]
LL_GPIO_SetAFPin_8_15    0x800'3bbf    0x32  Code  Lc  stm32f4xx_ll_gpio.o [4]
LL_GPIO_SetPinMode       0x800'3b05    0x2a  Code  Lc  stm32f4xx_ll_gpio.o [4]
LL_GPIO_SetPinOutputType
                         0x800'3b2f    0x12  Code  Lc  stm32f4xx_ll_gpio.o [4]
LL_GPIO_SetPinPull       0x800'3b6b    0x2a  Code  Lc  stm32f4xx_ll_gpio.o [4]
LL_GPIO_SetPinSpeed      0x800'3b41    0x2a  Code  Lc  stm32f4xx_ll_gpio.o [4]
LL_SPI_Enable            0x800'215d     0xa  Code  Lc  main.o [2]
LL_SPI_Init              0x800'3c93    0x6e  Code  Gb  stm32f4xx_ll_spi.o [4]
LL_SPI_IsEnabled         0x800'3c81     0xa  Code  Lc  stm32f4xx_ll_spi.o [4]
LL_SPI_SetCRCPolynomial
                         0x800'3c8b     0x8  Code  Lc  stm32f4xx_ll_spi.o [4]
LL_SPI_SetStandard       0x800'2167     0xc  Code  Lc  main.o [2]
LL_SPI_TransmitData16    0x800'2173     0x8  Code  Lc  main.o [2]
MX_DMA_Init              0x800'272d    0x2c  Code  Lc  main.o [2]
MX_GPIO_Init             0x800'2759    0x96  Code  Lc  main.o [2]
MX_I2C1_Init             0x800'2513    0x38  Code  Lc  main.o [2]
MX_I2S1_Init             0x800'254b    0x38  Code  Lc  main.o [2]
MX_SPI2_Init             0x800'2583    0xb8  Code  Lc  main.o [2]
MX_TIM6_Init             0x800'263b    0x4e  Code  Lc  main.o [2]
MX_USART1_UART_Init      0x800'2689    0x34  Code  Lc  main.o [2]
MX_USART3_UART_Init      0x800'26bd    0x34  Code  Lc  main.o [2]
MX_USB_OTG_FS_PCD_Init   0x800'26f1    0x3c  Code  Lc  main.o [2]
MemManage_Handler        0x800'580d     0x2  Code  Gb  stm32f4xx_it.o [2]
NMI_Handler              0x800'5809     0x2  Code  Gb  stm32f4xx_it.o [2]
NVIC_EncodePriority      0x800'2d79    0x40  Code  Lc  stm32f4xx_hal_cortex.o [4]
OTG_FS_IRQHandler        0x800'5a79          Code  Wk  startup_stm32f446xx.o [3]
OTG_FS_WKUP_IRQHandler   0x800'5a25          Code  Wk  startup_stm32f446xx.o [3]
OTG_HS_EP1_IN_IRQHandler
                         0x800'5a99          Code  Wk  startup_stm32f446xx.o [3]
OTG_HS_EP1_OUT_IRQHandler
                         0x800'5a95          Code  Wk  startup_stm32f446xx.o [3]
OTG_HS_IRQHandler        0x800'5aa1          Code  Wk  startup_stm32f446xx.o [3]
OTG_HS_WKUP_IRQHandler   0x800'5a9d          Code  Wk  startup_stm32f446xx.o [3]
PVD_IRQHandler           0x800'5981          Code  Wk  startup_stm32f446xx.o [3]
PendSV_Handler           0x800'5817     0x2  Code  Gb  stm32f4xx_it.o [2]
QUADSPI_IRQHandler       0x800'5ab9          Code  Wk  startup_stm32f446xx.o [3]
RCC_IRQHandler           0x800'5991          Code  Wk  startup_stm32f446xx.o [3]
RTC_Alarm_IRQHandler     0x800'5a21          Code  Wk  startup_stm32f446xx.o [3]
RTC_WKUP_IRQHandler      0x800'5989          Code  Wk  startup_stm32f446xx.o [3]
Region$$Table$$Base      0x800'58a0           --   Gb  - Linker created -
Region$$Table$$Limit     0x800'58c4           --   Gb  - Linker created -
Reset_Handler            0x800'5939          Code  Wk  startup_stm32f446xx.o [3]
RxData                  0x2000'e524     0x4  Data  Gb  main.o [2]
SAI1_IRQHandler          0x800'5ab1          Code  Wk  startup_stm32f446xx.o [3]
SAI2_IRQHandler          0x800'5ab5          Code  Wk  startup_stm32f446xx.o [3]
SDIO_IRQHandler          0x800'5a41          Code  Wk  startup_stm32f446xx.o [3]
SPDIF_RX_IRQHandler      0x800'5ac1          Code  Wk  startup_stm32f446xx.o [3]
SPI1_IRQHandler          0x800'5a09          Code  Wk  startup_stm32f446xx.o [3]
SPI2_IRQHandler          0x800'5a0d          Code  Wk  startup_stm32f446xx.o [3]
SPI3_IRQHandler          0x800'5a49          Code  Wk  startup_stm32f446xx.o [3]
SPI4_IRQHandler          0x800'5aad          Code  Wk  startup_stm32f446xx.o [3]
SPI_SETUP_REG            0x800'5958     0xc  Data  Gb  main.o [2]
SVC_Handler              0x800'5813     0x2  Code  Gb  stm32f4xx_it.o [2]
SysTick_Config           0x800'2db9    0x30  Code  Lc  stm32f4xx_hal_cortex.o [4]
SysTick_Handler          0x800'5819     0x8  Code  Gb  stm32f4xx_it.o [2]
SystemClock_Config       0x800'245d    0xb6  Code  Gb  main.o [2]
SystemCoreClock         0x2000'01d4     0x4  Data  Gb  system_stm32f4xx.o [1]
SystemInit               0x800'5949     0xc  Code  Gb  system_stm32f4xx.o [1]
TAMP_STAMP_IRQHandler    0x800'5985          Code  Wk  startup_stm32f446xx.o [3]
TIM1_BRK_TIM9_IRQHandler
                         0x800'59dd          Code  Wk  startup_stm32f446xx.o [3]
TIM1_CC_IRQHandler       0x800'59e9          Code  Wk  startup_stm32f446xx.o [3]
TIM1_TRG_COM_TIM11_IRQHandler
                         0x800'59e5          Code  Wk  startup_stm32f446xx.o [3]
TIM1_UP_TIM10_IRQHandler
                         0x800'59e1          Code  Wk  startup_stm32f446xx.o [3]
TIM2_IRQHandler          0x800'59ed          Code  Wk  startup_stm32f446xx.o [3]
TIM3_IRQHandler          0x800'59f1          Code  Wk  startup_stm32f446xx.o [3]
TIM4_IRQHandler          0x800'59f5          Code  Wk  startup_stm32f446xx.o [3]
TIM5_IRQHandler          0x800'5a45          Code  Wk  startup_stm32f446xx.o [3]
TIM6_DAC_IRQHandler      0x800'5821     0xa  Code  Gb  stm32f4xx_it.o [2]
TIM7_IRQHandler          0x800'5a55          Code  Wk  startup_stm32f446xx.o [3]
TIM8_BRK_TIM12_IRQHandler
                         0x800'5a29          Code  Wk  startup_stm32f446xx.o [3]
TIM8_CC_IRQHandler       0x800'5a35          Code  Wk  startup_stm32f446xx.o [3]
TIM8_TRG_COM_TIM14_IRQHandler
                         0x800'5a31          Code  Wk  startup_stm32f446xx.o [3]
TIM8_UP_TIM13_IRQHandler
                         0x800'5a2d          Code  Wk  startup_stm32f446xx.o [3]
TIM_Base_SetConfig       0x800'3ee9    0xc8  Code  Gb  stm32f4xx_hal_tim.o [4]
UART4_IRQHandler         0x800'5a4d          Code  Wk  startup_stm32f446xx.o [3]
UART5_IRQHandler         0x800'5a51          Code  Wk  startup_stm32f446xx.o [3]
UART_SetConfig           0x800'4107   0x266  Code  Lc  stm32f4xx_hal_uart.o [4]
USART1_IRQHandler        0x800'5a11          Code  Wk  startup_stm32f446xx.o [3]
USART2_IRQHandler        0x800'5a15          Code  Wk  startup_stm32f446xx.o [3]
USART3_IRQHandler        0x800'5a19          Code  Wk  startup_stm32f446xx.o [3]
USART6_IRQHandler        0x800'5a89          Code  Wk  startup_stm32f446xx.o [3]
USB_CoreInit             0x800'4a75    0x80  Code  Gb  stm32f4xx_ll_usb.o [4]
USB_CoreReset            0x800'4e49    0x4a  Code  Lc  stm32f4xx_ll_usb.o [4]
USB_DevDisconnect        0x800'4e19    0x28  Code  Gb  stm32f4xx_ll_usb.o [4]
USB_DevInit              0x800'4b73   0x1ec  Code  Gb  stm32f4xx_ll_usb.o [4]
USB_DisableGlobalInt     0x800'4af5     0xe  Code  Gb  stm32f4xx_ll_usb.o [4]
USB_FlushRxFifo          0x800'4da9    0x46  Code  Gb  stm32f4xx_ll_usb.o [4]
USB_FlushTxFifo          0x800'4d5f    0x4a  Code  Gb  stm32f4xx_ll_usb.o [4]
USB_GetMode              0x800'4e41     0x8  Code  Gb  stm32f4xx_ll_usb.o [4]
USB_SetCurrentMode       0x800'4b03    0x70  Code  Gb  stm32f4xx_ll_usb.o [4]
USB_SetDevSpeed          0x800'4def    0x1e  Code  Gb  stm32f4xx_ll_usb.o [4]
UsageFault_Handler       0x800'5811     0x2  Code  Gb  stm32f4xx_it.o [2]
WWDG_IRQHandler          0x800'597d          Code  Wk  startup_stm32f446xx.o [3]
__NVIC_EnableIRQ         0x800'2d2f    0x1e  Code  Lc  stm32f4xx_hal_cortex.o [4]
__NVIC_GetPriorityGrouping
                         0x800'2d23     0xc  Code  Lc  stm32f4xx_hal_cortex.o [4]
__NVIC_SetPriority       0x800'2d4d    0x2c  Code  Lc  stm32f4xx_hal_cortex.o [4]
__NVIC_SetPriorityGrouping
                         0x800'2d01    0x22  Code  Lc  stm32f4xx_hal_cortex.o [4]
__aeabi_cdcmple          0x800'534d          Code  Gb  DblCmpLe.o [6]
__aeabi_d2iz             0x800'4921          Code  Gb  DblToS32.o [6]
__aeabi_dadd             0x800'5381          Code  Gb  DblAddSub.o [6]
__aeabi_ddiv             0x800'46c5          Code  Gb  DblDiv.o [6]
__aeabi_dmul             0x800'4519          Code  Gb  DblMul.o [6]
__aeabi_f2d              0x800'4995          Code  Gb  FltToDbl.o [6]
__aeabi_i2d              0x800'55d1          Code  Gb  S32ToDbl.o [6]
__aeabi_ldiv0            0x800'11bd          Code  Gb  I64DivZer.o [7]
__aeabi_memcpy4          0x800'4e99          Code  Gb  ABImemcpy.o [7]
__aeabi_memcpy8          0x800'4e99          Code  Gb  ABImemcpy.o [7]
__aeabi_memset           0x800'2ea5          Code  Gb  ABImemset.o [7]
__aeabi_ui2d             0x800'44fd          Code  Gb  U32ToDbl.o [6]
__aeabi_uldivmod         0x800'0f8d          Code  Gb  I64DivMod.o [7]
__cmain                  0x800'58c5          Code  Gb  cmain.o [7]
__exit                   0x800'58f9    0x14  Code  Gb  exit.o [8]
__iar_Memset             0x800'2ea5          Code  Gb  ABImemset.o [7]
__iar_Memset_word        0x800'2ead          Code  Gb  ABImemset.o [7]
__iar_Sin64              0x800'4f49   0x370  Code  Lc  cos_sin64.o [6]
__iar_copy_init3         0x800'11bf    0x2a  Code  Gb  copy_init3.o [7]
__iar_data_init3         0x800'5855    0x28  Code  Gb  data_init.o [7]
__iar_floor32            0x800'4969          Code  Gb  floorf.o [6]
__iar_floor64            0x800'49ed          Code  Gb  floor.o [6]
__iar_init_vfp           0x800'587d          Code  Gb  fpinit_M.o [6]
__iar_program_start      0x800'590d          Code  Gb  cstartup_M.o [7]
__iar_sin64              0x800'5349     0x4  Code  Gb  cos_sin64.o [6]
__iar_sin_medium         0x800'5349     0x4  Code  Gb  cos_sin64.o [6]
__iar_sin_medium64       0x800'5349     0x4  Code  Gb  cos_sin64.o [6]
__iar_sin_mediuml        0x800'5349     0x4  Code  Gb  cos_sin64.o [6]
__iar_sqrt32             0x800'4a45          Code  Gb  sqrtf.o [6]
__iar_vfp___iar_floor32
                         0x800'4959          Code  Gb  floorf.o [6]
__iar_vfp___iar_floor64
                         0x800'49dd          Code  Gb  floor.o [6]
__iar_vfp_floor          0x800'49dd          Code  Gb  floor.o [6]
__iar_vfp_floorf         0x800'4959          Code  Gb  floorf.o [6]
__iar_vfp_floorl         0x800'49dd          Code  Gb  floor.o [6]
__iar_vfp_sin            0x800'4913     0xc  Code  Gb  math_wrappers64.o [6]
__iar_zero_init3         0x800'57d1    0x38  Code  Gb  zero_init3.o [7]
__low_level_init         0x800'58e3     0x4  Code  Gb  low_level_init.o [5]
__vector_table           0x800'0000          Data  Gb  startup_stm32f446xx.o [3]
_call_main               0x800'58d1          Code  Gb  cmain.o [7]
_exit                    0x800'58ed          Code  Gb  cexit.o [7]
adsr                     0x800'3279   0x170  Code  Gb  digitalsynth_dsp.o [2]
arrfFreqs               0x2000'0000   0x1b0  Data  Gb  digitalsynth_dsp.o [2]
arri32AudioBuffer       0x2000'9e1c  0x1000  Data  Gb  main.o [2]
arri32AudioBuffer2      0x2000'ae1c  0x1000  Data  Gb  main.o [2]
arri32AudioBuffer22     0x2000'e514     0x4  Data  Gb  digitalsynth_dsp.o [2]
arri32AudioBuffer22saw  0x2000'ce1c   0x800  Data  Gb  digitalsynth_dsp.o [2]
arri32AudioBuffer22sin  0x2000'be1c   0x800  Data  Gb  digitalsynth_dsp.o [2]
arri32AudioBuffer22sqr  0x2000'c61c   0x800  Data  Gb  digitalsynth_dsp.o [2]
arri32AudioBuffer22tri  0x2000'd61c   0x800  Data  Gb  digitalsynth_dsp.o [2]
dsp                      0x800'3615    0x9c  Code  Gb  digitalsynth_dsp.o [2]
dsp2                     0x800'30e1   0x18e  Code  Gb  digitalsynth_dsp.o [2]
endianness32b            0x800'2f35    0x10  Code  Gb  digitalsynth_dsp.o [2]
exit                     0x800'58e7     0x4  Code  Gb  exit.o [5]
fDdsNum                 0x2000'e51c     0x4  Data  Gb  digitalsynth_dsp.o [2]
fd                      0x2000'e518     0x4  Data  Gb  digitalsynth_dsp.o [2]
floor                    0x800'49ed          Code  Gb  floor.o [6]
floorf                   0x800'4969          Code  Gb  floorf.o [6]
floorl                   0x800'49ed          Code  Gb  floor.o [6]
hdma_spi1_tx            0x2000'e328    0x60  Data  Gb  main.o [2]
hi2c1                   0x2000'e388    0x54  Data  Gb  main.o [2]
hi2s1                   0x2000'e3dc    0x48  Data  Gb  main.o [2]
hpcd_USB_OTG_FS         0x2000'de1c   0x50c  Data  Gb  main.o [2]
htim6                   0x2000'e424    0x48  Data  Gb  main.o [2]
huart1                  0x2000'e46c    0x44  Data  Gb  main.o [2]
huart3                  0x2000'e4b0    0x44  Data  Gb  main.o [2]
i2cRxSize               0x2000'e53f     0x1  Data  Gb  main.o [2]
i32AudioData            0x2000'e510     0x4  Data  Gb  digitalsynth_dsp.o [2]
i32AudioDatatest        0x2000'01dc  0x9c40  Data  Gb  digitalsynth_dsp.o [2]
ll_send_data             0x800'21c3    0x74  Code  Gb  main.o [2]
ll_spi_setup             0x800'21ab    0x18  Code  Gb  main.o [2]
main                     0x800'22a7   0x1b6  Code  Gb  main.o [2]
memset                   0x800'1f01    0x14  Code  Gb  memset.o [7]
pAudioBuffer            0x2000'e530     0x4  Data  Gb  main.o [2]
sawgen                   0x800'3541    0x82  Code  Gb  digitalsynth_dsp.o [2]
sawgen_def               0x800'2fed    0x62  Code  Gb  digitalsynth_dsp.o [2]
sin                      0x800'5349     0x4  Code  Gb  cos_sin64.o [6]
singen                   0x800'33ed    0x88  Code  Gb  digitalsynth_dsp.o [2]
singen_def               0x800'2f45    0x66  Code  Gb  digitalsynth_dsp.o [2]
sinl                     0x800'5349     0x4  Code  Gb  cos_sin64.o [6]
slaveADDR               0x2000'e53a     0x2  Data  Gb  main.o [2]
sqrgen                   0x800'35c3    0x52  Code  Gb  digitalsynth_dsp.o [2]
sqrgen_def               0x800'2fab    0x40  Code  Gb  digitalsynth_dsp.o [2]
sqrtf                    0x800'4a45          Code  Gb  sqrtf.o [6]
test                    0x2000'e520     0x4  Data  Gb  digitalsynth_dsp.o [2]
testkey                 0x2000'01b0    0x20  Data  Gb  digitalsynth_dsp.o [2]
trigen                   0x800'3475    0xc6  Code  Gb  digitalsynth_dsp.o [2]
trigen_def               0x800'3051    0x8e  Code  Gb  digitalsynth_dsp.o [2]
u16Index                0x2000'e538     0x2  Data  Gb  digitalsynth_dsp.o [2]
u16WaveformNum          0x2000'e53c     0x2  Data  Gb  main.o [2]
u32AudioAmp             0x2000'e52c     0x4  Data  Gb  main.o [2]
u32LastReadTick         0x2000'e528     0x4  Data  Gb  main.o [2]
u8PButton               0x2000'e541     0x1  Data  Gb  main.o [2]
u8Range                 0x2000'01d8     0x1  Data  Gb  main.o [2]
u8TimerI2C_counter      0x2000'e53e     0x1  Data  Gb  main.o [2]
u8Waveform              0x2000'e540     0x1  Data  Gb  main.o [2]
ui2cControl             0x2000'e4f4    0x1c  Data  Gb  main.o [2]
uwTick                  0x2000'e534     0x4  Data  Gb  stm32f4xx_hal.o [4]
uwTickFreq              0x2000'01d9     0x1  Data  Gb  stm32f4xx_hal.o [4]
uwTickPrio              0x2000'01d0     0x4  Data  Gb  stm32f4xx_hal.o [4]


[1] = C:\Users\torok\Dokumentumok\KiCad_projects\Digital synthesizer project\software\EWARM\software\Obj\CMSIS_6603591812247902717.dir
[2] = C:\Users\torok\Dokumentumok\KiCad_projects\Digital synthesizer project\software\EWARM\software\Obj\Core_13247989168731456611.dir
[3] = C:\Users\torok\Dokumentumok\KiCad_projects\Digital synthesizer project\software\EWARM\software\Obj\EWARM_18443280873093131863.dir
[4] = C:\Users\torok\Dokumentumok\KiCad_projects\Digital synthesizer project\software\EWARM\software\Obj\STM32F4xx_HAL_Driver_1244631019742807970.dir
[5] = dl7M_tlf.a
[6] = m7M_tls.a
[7] = rt7M_tl.a
[8] = shb_l.a

  22'676 bytes of readonly  code memory
     568 bytes of readonly  data memory
  59'712 bytes of readwrite data memory

Errors: none
Warnings: none
