###############################################################################
#
# IAR ELF Linker V9.40.1.364/W64 for ARM                  30/Oct/2023  09:04:39
# Copyright 2007-2023 IAR Systems AB.
#
#    Output file  =
#        C:\Users\torok\Dokumentumok\KiCad_projects\Digital synthesizer
#        project\software_slidepot\EWARM\software_slidepot\Exe\software_slidepot.out
#    Map file     =
#        C:\Users\torok\Dokumentumok\KiCad_projects\Digital synthesizer
#        project\software_slidepot\EWARM\software_slidepot\List\software_slidepot.map
#    Command line =
#        -f "C:\Users\torok\Dokumentumok\KiCad_projects\Digital synthesizer
#        project\software_slidepot\EWARM\software_slidepot\Exe\software_slidepot.out.rsp"
#        ("C:\Users\torok\Dokumentumok\KiCad_projects\Digital synthesizer
#        project\software_slidepot\EWARM\software_slidepot\Obj\Core_13247989168731456611.dir\digitalsynth_slide_butt.o"
#        "C:\Users\torok\Dokumentumok\KiCad_projects\Digital synthesizer
#        project\software_slidepot\EWARM\software_slidepot\Obj\Core_13247989168731456611.dir\digitalsynth_slide_i2c.o"
#        "C:\Users\torok\Dokumentumok\KiCad_projects\Digital synthesizer
#        project\software_slidepot\EWARM\software_slidepot\Obj\Core_13247989168731456611.dir\main.o"
#        "C:\Users\torok\Dokumentumok\KiCad_projects\Digital synthesizer
#        project\software_slidepot\EWARM\software_slidepot\Obj\EWARM_18443280873093131863.dir\startup_stm32g030xx.o"
#        "C:\Users\torok\Dokumentumok\KiCad_projects\Digital synthesizer
#        project\software_slidepot\EWARM\software_slidepot\Obj\STM32G0xx_HAL_Driver_14800413719917403617.dir\stm32g0xx_hal.o"
#        "C:\Users\torok\Dokumentumok\KiCad_projects\Digital synthesizer
#        project\software_slidepot\EWARM\software_slidepot\Obj\STM32G0xx_HAL_Driver_14800413719917403617.dir\stm32g0xx_hal_adc.o"
#        "C:\Users\torok\Dokumentumok\KiCad_projects\Digital synthesizer
#        project\software_slidepot\EWARM\software_slidepot\Obj\STM32G0xx_HAL_Driver_14800413719917403617.dir\stm32g0xx_hal_adc_ex.o"
#        "C:\Users\torok\Dokumentumok\KiCad_projects\Digital synthesizer
#        project\software_slidepot\EWARM\software_slidepot\Obj\STM32G0xx_HAL_Driver_14800413719917403617.dir\stm32g0xx_hal_cortex.o"
#        "C:\Users\torok\Dokumentumok\KiCad_projects\Digital synthesizer
#        project\software_slidepot\EWARM\software_slidepot\Obj\STM32G0xx_HAL_Driver_14800413719917403617.dir\stm32g0xx_hal_dma.o"
#        "C:\Users\torok\Dokumentumok\KiCad_projects\Digital synthesizer
#        project\software_slidepot\EWARM\software_slidepot\Obj\STM32G0xx_HAL_Driver_14800413719917403617.dir\stm32g0xx_hal_dma_ex.o"
#        "C:\Users\torok\Dokumentumok\KiCad_projects\Digital synthesizer
#        project\software_slidepot\EWARM\software_slidepot\Obj\STM32G0xx_HAL_Driver_14800413719917403617.dir\stm32g0xx_hal_exti.o"
#        "C:\Users\torok\Dokumentumok\KiCad_projects\Digital synthesizer
#        project\software_slidepot\EWARM\software_slidepot\Obj\STM32G0xx_HAL_Driver_14800413719917403617.dir\stm32g0xx_hal_flash.o"
#        "C:\Users\torok\Dokumentumok\KiCad_projects\Digital synthesizer
#        project\software_slidepot\EWARM\software_slidepot\Obj\STM32G0xx_HAL_Driver_14800413719917403617.dir\stm32g0xx_hal_flash_ex.o"
#        "C:\Users\torok\Dokumentumok\KiCad_projects\Digital synthesizer
#        project\software_slidepot\EWARM\software_slidepot\Obj\STM32G0xx_HAL_Driver_14800413719917403617.dir\stm32g0xx_hal_gpio.o"
#        "C:\Users\torok\Dokumentumok\KiCad_projects\Digital synthesizer
#        project\software_slidepot\EWARM\software_slidepot\Obj\STM32G0xx_HAL_Driver_14800413719917403617.dir\stm32g0xx_hal_i2c.o"
#        "C:\Users\torok\Dokumentumok\KiCad_projects\Digital synthesizer
#        project\software_slidepot\EWARM\software_slidepot\Obj\STM32G0xx_HAL_Driver_14800413719917403617.dir\stm32g0xx_hal_i2c_ex.o"
#        "C:\Users\torok\Dokumentumok\KiCad_projects\Digital synthesizer
#        project\software_slidepot\EWARM\software_slidepot\Obj\Core_13247989168731456611.dir\stm32g0xx_hal_msp.o"
#        "C:\Users\torok\Dokumentumok\KiCad_projects\Digital synthesizer
#        project\software_slidepot\EWARM\software_slidepot\Obj\STM32G0xx_HAL_Driver_14800413719917403617.dir\stm32g0xx_hal_pwr.o"
#        "C:\Users\torok\Dokumentumok\KiCad_projects\Digital synthesizer
#        project\software_slidepot\EWARM\software_slidepot\Obj\STM32G0xx_HAL_Driver_14800413719917403617.dir\stm32g0xx_hal_pwr_ex.o"
#        "C:\Users\torok\Dokumentumok\KiCad_projects\Digital synthesizer
#        project\software_slidepot\EWARM\software_slidepot\Obj\STM32G0xx_HAL_Driver_14800413719917403617.dir\stm32g0xx_hal_rcc.o"
#        "C:\Users\torok\Dokumentumok\KiCad_projects\Digital synthesizer
#        project\software_slidepot\EWARM\software_slidepot\Obj\STM32G0xx_HAL_Driver_14800413719917403617.dir\stm32g0xx_hal_rcc_ex.o"
#        "C:\Users\torok\Dokumentumok\KiCad_projects\Digital synthesizer
#        project\software_slidepot\EWARM\software_slidepot\Obj\STM32G0xx_HAL_Driver_14800413719917403617.dir\stm32g0xx_hal_tim.o"
#        "C:\Users\torok\Dokumentumok\KiCad_projects\Digital synthesizer
#        project\software_slidepot\EWARM\software_slidepot\Obj\STM32G0xx_HAL_Driver_14800413719917403617.dir\stm32g0xx_hal_tim_ex.o"
#        "C:\Users\torok\Dokumentumok\KiCad_projects\Digital synthesizer
#        project\software_slidepot\EWARM\software_slidepot\Obj\Core_13247989168731456611.dir\stm32g0xx_it.o"
#        "C:\Users\torok\Dokumentumok\KiCad_projects\Digital synthesizer
#        project\software_slidepot\EWARM\software_slidepot\Obj\STM32G0xx_HAL_Driver_14800413719917403617.dir\stm32g0xx_ll_adc.o"
#        "C:\Users\torok\Dokumentumok\KiCad_projects\Digital synthesizer
#        project\software_slidepot\EWARM\software_slidepot\Obj\STM32G0xx_HAL_Driver_14800413719917403617.dir\stm32g0xx_ll_dma.o"
#        "C:\Users\torok\Dokumentumok\KiCad_projects\Digital synthesizer
#        project\software_slidepot\EWARM\software_slidepot\Obj\STM32G0xx_HAL_Driver_14800413719917403617.dir\stm32g0xx_ll_rcc.o"
#        "C:\Users\torok\Dokumentumok\KiCad_projects\Digital synthesizer
#        project\software_slidepot\EWARM\software_slidepot\Obj\CMSIS_6603591812247902717.dir\system_stm32g0xx.o"
#        --no_out_extension -o
#        "C:\Users\torok\Dokumentumok\KiCad_projects\Digital synthesizer
#        project\software_slidepot\EWARM\software_slidepot\Exe\software_slidepot.out"
#        --redirect _Printf=_PrintfFullNoMb --redirect _Scanf=_ScanfFullNoMb
#        --map "C:\Users\torok\Dokumentumok\KiCad_projects\Digital synthesizer
#        project\software_slidepot\EWARM\software_slidepot\List\software_slidepot.map"
#        --config "C:\Users\torok\Dokumentumok\KiCad_projects\Digital
#        synthesizer project\software_slidepot\EWARM/stm32g030xx_flash.icf"
#        --semihosting --entry __iar_program_start --vfe --text_out locale
#        --cpu=Cortex-M0+ --fpu=None) --dependencies=n
#        "C:\Users\torok\Dokumentumok\KiCad_projects\Digital synthesizer
#        project\software_slidepot\EWARM\software_slidepot\Exe\software_slidepot.out.iar_deps"
#
###############################################################################

*******************************************************************************
*** RUNTIME MODEL ATTRIBUTES
***

CppFlavor       = *
__CPP_Runtime   = 1
__SystemLibrary = DLib
__dlib_version  = 6


*******************************************************************************
*** HEAP SELECTION
***

The basic heap was selected because --advanced_heap
was not specified and the application did not appear to
be primarily optimized for speed.


*******************************************************************************
*** PLACEMENT SUMMARY
***

"A0":  place at address 0x800'0000 { ro section .intvec };
"P1":  place in [from 0x800'0000 to 0x800'ffff] { ro };
define block CSTACK with size = 1K, alignment = 8 { };
define block HEAP with size = 512, alignment = 8 { };
"P2":  place in [from 0x2000'0000 to 0x2000'1fff] {
          rw, block CSTACK, block HEAP };
initialize by copy { rw };

  Section            Kind         Address    Size  Object
  -------            ----         -------    ----  ------
"A0":                                        0xc0
  .intvec            ro code   0x800'0000    0xc0  startup_stm32g030xx.o [3]
                             - 0x800'00c0    0xc0

"P1":                                      0x350a
  .text              ro code   0x800'00c0   0x7a4  stm32g0xx_hal_tim.o [4]
  .text              ro code   0x800'0864   0x1fc  stm32g0xx_hal_msp.o [2]
  .text              ro code   0x800'0a60     0x2  stm32g0xx_hal_tim.o [4]
  .text              ro code   0x800'0a62     0x2  stm32g0xx_hal_tim.o [4]
  .text              ro code   0x800'0a64     0x2  stm32g0xx_hal_tim.o [4]
  .text              ro code   0x800'0a66     0x2  startup_stm32g030xx.o [3]
  .text              ro code   0x800'0a68   0x586  main.o [2]
  .text              ro code   0x800'0fee     0x2  startup_stm32g030xx.o [3]
  .text              ro code   0x800'0ff0   0x10e  digitalsynth_slide_butt.o [2]
  .text              ro code   0x800'10fe     0x2  stm32g0xx_hal_tim_ex.o [4]
  .text              ro code   0x800'1100     0x2  stm32g0xx_hal_tim_ex.o [4]
  .text              ro code   0x800'1102     0x2  stm32g0xx_hal_tim.o [4]
  .text              ro code   0x800'1104     0x2  stm32g0xx_hal_tim_ex.o [4]
  .text              ro code   0x800'1106     0x2  stm32g0xx_hal_tim.o [4]
  .text              ro code   0x800'1108    0x14  memset.o [6]
  .text              ro code   0x800'111c   0x228  stm32g0xx_hal_gpio.o [4]
  .text              ro code   0x800'1344   0x1ac  stm32g0xx_hal_rcc_ex.o [4]
  .text              ro code   0x800'14f0   0x104  stm32g0xx_hal_cortex.o [4]
  .text              ro code   0x800'15f4   0x3b0  stm32g0xx_hal_dma.o [4]
  .text              ro code   0x800'19a4    0x30  stm32g0xx_hal.o [4]
  .text              ro code   0x800'19d4     0xc  stm32g0xx_hal.o [4]
  .text              ro code   0x800'19e0   0x510  stm32g0xx_hal_i2c.o [4]
  .text              ro code   0x800'1ef0    0x58  stm32g0xx_hal_pwr_ex.o [4]
  .text              ro code   0x800'1f48   0x738  stm32g0xx_hal_rcc.o [4]
  .text              ro code   0x800'2680   0x614  stm32g0xx_hal_adc.o [4]
  .text              ro code   0x800'2c94    0xd0  stm32g0xx_hal_i2c_ex.o [4]
  .text              ro code   0x800'2d64   0x4ac  stm32g0xx_hal_tim_ex.o [4]
  .text              ro code   0x800'3210    0x2c  stm32g0xx_hal.o [4]
  .text              ro code   0x800'323c    0x4e  ABImemset.o [6]
  .text              ro code   0x800'328a    0xae  I32DivModFast.o [6]
  .text              ro code   0x800'3338    0x64  stm32g0xx_hal.o [4]
  .text              ro code   0x800'339c     0x2  stm32g0xx_hal_tim.o [4]
  .text              ro code   0x800'339e     0x2  startup_stm32g030xx.o [3]
  .text              ro code   0x800'33a0     0x2  IntDivZer.o [6]
  .text              ro code   0x800'33a2     0x2  startup_stm32g030xx.o [3]
  Initializer bytes  const     0x800'33a4    0x4c  <for P2-1>
  .text              ro code   0x800'33f0     0x2  startup_stm32g030xx.o [3]
  .rodata            const     0x800'33f4    0x40  system_stm32g0xx.o [1]
  .text              ro code   0x800'3434    0x3c  zero_init3.o [6]
  .text              ro code   0x800'3470    0x30  stm32g0xx_it.o [2]
  .text              ro code   0x800'34a0    0x18  stm32g0xx_hal.o [4]
  .text              ro code   0x800'34b8    0x30  copy_init3.o [6]
  .text              ro code   0x800'34e8    0x28  data_init.o [6]
  .iar.init_table    const     0x800'3510    0x24  - Linker created -
  .text              ro code   0x800'3534    0x1e  cmain.o [6]
  .text              ro code   0x800'3552     0x4  low_level_init.o [5]
  .text              ro code   0x800'3556     0x8  exit.o [5]
  .text              ro code   0x800'355e     0x2  startup_stm32g030xx.o [3]
  .text              ro code   0x800'3560     0xa  cexit.o [6]
  .text              ro code   0x800'356a     0x2  startup_stm32g030xx.o [3]
  .text              ro code   0x800'356c    0x14  exit.o [7]
  .text              ro code   0x800'3580    0x1c  cstartup_M.o [6]
  .text              ro code   0x800'359c    0x10  startup_stm32g030xx.o [3]
  .text              ro code   0x800'35ac     0x2  startup_stm32g030xx.o [3]
  .text              ro code   0x800'35ae     0x2  startup_stm32g030xx.o [3]
  .text              ro code   0x800'35b0     0x2  startup_stm32g030xx.o [3]
  .text              ro code   0x800'35b2     0x2  startup_stm32g030xx.o [3]
  .text              ro code   0x800'35b4     0x2  startup_stm32g030xx.o [3]
  .text              ro code   0x800'35b6     0x2  startup_stm32g030xx.o [3]
  .text              ro code   0x800'35b8     0x2  startup_stm32g030xx.o [3]
  .text              ro code   0x800'35ba     0x2  startup_stm32g030xx.o [3]
  .text              ro code   0x800'35bc     0x2  startup_stm32g030xx.o [3]
  .text              ro code   0x800'35be     0x2  startup_stm32g030xx.o [3]
  .text              ro code   0x800'35c0     0x2  startup_stm32g030xx.o [3]
  .text              ro code   0x800'35c2     0x2  startup_stm32g030xx.o [3]
  .text              ro code   0x800'35c4     0x2  startup_stm32g030xx.o [3]
  .text              ro code   0x800'35c6     0x2  startup_stm32g030xx.o [3]
  .text              ro code   0x800'35c8     0x2  system_stm32g0xx.o [1]
  .rodata            const     0x800'35ca     0x0  zero_init3.o [6]
  .rodata            const     0x800'35ca     0x0  copy_init3.o [6]
                             - 0x800'35ca  0x350a

"P2", part 1 of 3:                           0x4c
  P2-1                        0x2000'0000    0x49  <Init block>
    .data            inited   0x2000'0000     0xc  digitalsynth_slide_butt.o [2]
    .data            inited   0x2000'000c    0x14  digitalsynth_slide_butt.o [2]
    .data            inited   0x2000'0020     0xc  digitalsynth_slide_butt.o [2]
    .data            inited   0x2000'002c    0x14  digitalsynth_slide_butt.o [2]
    .data            inited   0x2000'0040     0x4  stm32g0xx_hal.o [4]
    .data            inited   0x2000'0044     0x4  system_stm32g0xx.o [1]
    .data            inited   0x2000'0048     0x1  stm32g0xx_hal.o [4]
                            - 0x2000'0049    0x49

"P2", part 2 of 3:                          0x744
  .bss               zero     0x2000'004c   0x4d8  main.o [2]
  .bss               zero     0x2000'0524    0x64  main.o [2]
  .bss               zero     0x2000'0588    0x64  main.o [2]
  .bss               zero     0x2000'05ec    0x5c  main.o [2]
  .bss               zero     0x2000'0648    0x54  main.o [2]
  .bss               zero     0x2000'069c    0x4c  main.o [2]
  .bss               zero     0x2000'06e8    0x4c  main.o [2]
  .bss               zero     0x2000'0734    0x1c  digitalsynth_slide_butt.o [2]
  .bss               zero     0x2000'0750    0x1c  digitalsynth_slide_butt.o [2]
  .bss               zero     0x2000'076c     0xc  main.o [2]
  .bss               zero     0x2000'0778     0x4  main.o [2]
  .bss               zero     0x2000'077c     0x4  main.o [2]
  .bss               zero     0x2000'0780     0x4  main.o [2]
  .bss               zero     0x2000'0784     0x4  main.o [2]
  .bss               zero     0x2000'0788     0x4  stm32g0xx_hal.o [4]
  .bss               zero     0x2000'078c     0x1  main.o [2]
  .bss               zero     0x2000'078d     0x1  main.o [2]
                            - 0x2000'078e   0x742

"P2", part 3 of 3:                          0x400
  CSTACK                      0x2000'0790   0x400  <Block>
    CSTACK           uninit   0x2000'0790   0x400  <Block tail>
                            - 0x2000'0b90   0x400

Unused ranges:

         From           To    Size
         ----           --    ----
   0x800'35ca   0x800'ffff  0xca36
  0x2000'0b90  0x2000'1fff  0x1470


*******************************************************************************
*** INIT TABLE
***

          Address      Size
          -------      ----
Zero (__iar_zero_init3)
    1 destination range, total size 0x742:
          0x2000'004c  0x742

Copy (__iar_copy_init3)
    1 source range, total size 0x4c (104% of destination):
           0x800'33a4   0x4c
    1 destination range, total size 0x49:
          0x2000'0000   0x49



*******************************************************************************
*** MODULE SUMMARY
***

    Module                     ro code  ro data  rw data
    ------                     -------  -------  -------
command line/config:
    ----------------------------------------------------
    Total:

C:\Users\torok\Dokumentumok\KiCad_projects\Digital synthesizer project\software_slidepot\EWARM\software_slidepot\Obj\CMSIS_6603591812247902717.dir: [1]
    system_stm32g0xx.o               2       68        4
    ----------------------------------------------------
    Total:                           2       68        4

C:\Users\torok\Dokumentumok\KiCad_projects\Digital synthesizer project\software_slidepot\EWARM\software_slidepot\Obj\Core_13247989168731456611.dir: [2]
    digitalsynth_slide_butt.o      270       64      120
    main.o                       1'414             1'798
    stm32g0xx_hal_msp.o            508
    stm32g0xx_it.o                  48
    ----------------------------------------------------
    Total:                       2'240       64    1'918

C:\Users\torok\Dokumentumok\KiCad_projects\Digital synthesizer project\software_slidepot\EWARM\software_slidepot\Obj\EWARM_18443280873093131863.dir: [3]
    startup_stm32g030xx.o          250
    ----------------------------------------------------
    Total:                         250

C:\Users\torok\Dokumentumok\KiCad_projects\Digital synthesizer project\software_slidepot\EWARM\software_slidepot\Obj\STM32G0xx_HAL_Driver_14800413719917403617.dir: [4]
    stm32g0xx_hal.o                228        5        9
    stm32g0xx_hal_adc.o          1'556
    stm32g0xx_hal_cortex.o         260
    stm32g0xx_hal_dma.o            944
    stm32g0xx_hal_gpio.o           552
    stm32g0xx_hal_i2c.o          1'296
    stm32g0xx_hal_i2c_ex.o         208
    stm32g0xx_hal_pwr_ex.o          88
    stm32g0xx_hal_rcc.o          1'848
    stm32g0xx_hal_rcc_ex.o         428
    stm32g0xx_hal_tim.o          1'968
    stm32g0xx_hal_tim_ex.o       1'202
    ----------------------------------------------------
    Total:                      10'578        5        9

dl6M_tln.a: [5]
    exit.o                           8
    low_level_init.o                 4
    ----------------------------------------------------
    Total:                          12

rt6M_tl.a: [6]
    ABImemset.o                     78
    I32DivModFast.o                174
    IntDivZer.o                      2
    cexit.o                         10
    cmain.o                         30
    copy_init3.o                    48
    cstartup_M.o                    28
    data_init.o                     40
    memset.o                        20
    zero_init3.o                    60
    ----------------------------------------------------
    Total:                         490

shb_l.a: [7]
    exit.o                          20
    ----------------------------------------------------
    Total:                          20

    Gaps                                      2
    Linker created                           39    1'024
--------------------------------------------------------
    Grand Total:                13'592      178    2'955


*******************************************************************************
*** ENTRY LIST
***

Entry                       Address   Size  Type      Object
-----                       -------   ----  ----      ------
.iar.init_table$$Base    0x800'3510          --   Gb  - Linker created -
.iar.init_table$$Limit   0x800'3534          --   Gb  - Linker created -
?main                    0x800'3535         Code  Gb  cmain.o [6]
ADC1_IRQHandler          0x800'35b1         Code  Wk  startup_stm32g030xx.o [3]
AHBPrescTable            0x800'33f4   0x40  Data  Gb  system_stm32g0xx.o [1]
CSTACK$$Base            0x2000'0790          --   Gb  - Linker created -
CSTACK$$Limit           0x2000'0b90          --   Gb  - Linker created -
DMA1_Ch4_5_DMAMUX1_OVR_IRQHandler
                         0x800'35af         Code  Wk  startup_stm32g030xx.o [3]
DMA1_Channel1_IRQHandler
                         0x800'3485    0xa  Code  Gb  stm32g0xx_it.o [2]
DMA1_Channel2_3_IRQHandler
                         0x800'35ad         Code  Wk  startup_stm32g030xx.o [3]
DMA_CalcDMAMUXChannelBaseAndMask
                         0x800'193d   0x2e  Code  Lc  stm32g0xx_hal_dma.o [4]
DMA_CalcDMAMUXRequestGenBaseAndMask
                         0x800'1971   0x22  Code  Lc  stm32g0xx_hal_dma.o [4]
DMA_SetConfig            0x800'18ed   0x4a  Code  Lc  stm32g0xx_hal_dma.o [4]
EXTI0_1_IRQHandler       0x800'33f1         Code  Wk  startup_stm32g030xx.o [3]
EXTI2_3_IRQHandler       0x800'355f         Code  Wk  startup_stm32g030xx.o [3]
EXTI4_15_IRQHandler      0x800'356b         Code  Wk  startup_stm32g030xx.o [3]
Error_Handler            0x800'0fe9    0x6  Code  Gb  main.o [2]
FLASH_IRQHandler         0x800'339f         Code  Wk  startup_stm32g030xx.o [3]
HAL_ADC_ConfigChannel    0x800'29e1  0x28a  Code  Gb  stm32g0xx_hal_adc.o [4]
HAL_ADC_Init             0x800'275d  0x264  Code  Gb  stm32g0xx_hal_adc.o [4]
HAL_ADC_MspInit          0x800'0891   0x58  Code  Gb  stm32g0xx_hal_msp.o [2]
HAL_DMA_Abort_IT         0x800'1761   0x8e  Code  Gb  stm32g0xx_hal_dma.o [4]
HAL_DMA_IRQHandler       0x800'17fd   0xf0  Code  Gb  stm32g0xx_hal_dma.o [4]
HAL_DMA_Init             0x800'15f5   0xb0  Code  Gb  stm32g0xx_hal_dma.o [4]
HAL_DMA_Start_IT         0x800'16a5   0xb8  Code  Gb  stm32g0xx_hal_dma.o [4]
HAL_Delay                0x800'3211   0x2c  Code  Wk  stm32g0xx_hal.o [4]
HAL_GPIO_Init            0x800'111d  0x1b8  Code  Gb  stm32g0xx_hal_gpio.o [4]
HAL_GPIO_ReadPin         0x800'12d5   0x1a  Code  Gb  stm32g0xx_hal_gpio.o [4]
HAL_GPIO_TogglePin       0x800'1309   0x1a  Code  Gb  stm32g0xx_hal_gpio.o [4]
HAL_GPIO_WritePin        0x800'12ef   0x1a  Code  Gb  stm32g0xx_hal_gpio.o [4]
HAL_GetTick              0x800'19d5    0xc  Code  Wk  stm32g0xx_hal.o [4]
HAL_I2CEx_ConfigAnalogFilter
                         0x800'2c95   0x66  Code  Gb  stm32g0xx_hal_i2c_ex.o [4]
HAL_I2CEx_ConfigDigitalFilter
                         0x800'2cfb   0x60  Code  Gb  stm32g0xx_hal_i2c_ex.o [4]
HAL_I2C_Init             0x800'19e1   0xc6  Code  Gb  stm32g0xx_hal_i2c.o [4]
HAL_I2C_MspInit          0x800'08e9   0x7e  Code  Gb  stm32g0xx_hal_msp.o [2]
HAL_I2C_Slave_Transmit   0x800'1ab5  0x1c8  Code  Gb  stm32g0xx_hal_i2c.o [4]
HAL_IncTick              0x800'34a1   0x18  Code  Wk  stm32g0xx_hal.o [4]
HAL_Init                 0x800'19a5   0x2a  Code  Gb  stm32g0xx_hal.o [4]
HAL_InitTick             0x800'3339   0x64  Code  Wk  stm32g0xx_hal.o [4]
HAL_MspInit              0x800'0865   0x2c  Code  Gb  stm32g0xx_hal_msp.o [2]
HAL_NVIC_EnableIRQ       0x800'15c3    0xe  Code  Gb  stm32g0xx_hal_cortex.o [4]
HAL_NVIC_SetPriority     0x800'15af   0x14  Code  Gb  stm32g0xx_hal_cortex.o [4]
HAL_PWREx_ControlVoltageScaling
                         0x800'1ef1   0x42  Code  Gb  stm32g0xx_hal_pwr_ex.o [4]
HAL_RCCEx_PeriphCLKConfig
                         0x800'1345  0x17e  Code  Gb  stm32g0xx_hal_rcc_ex.o [4]
HAL_RCC_ClockConfig      0x800'2405  0x17a  Code  Gb  stm32g0xx_hal_rcc.o [4]
HAL_RCC_GetSysClockFreq
                         0x800'2595   0xb4  Code  Gb  stm32g0xx_hal_rcc.o [4]
HAL_RCC_OscConfig        0x800'1f49  0x4a0  Code  Gb  stm32g0xx_hal_rcc.o [4]
HAL_SYSTICK_Config       0x800'15d1    0xc  Code  Gb  stm32g0xx_hal_cortex.o [4]
HAL_TIMEx_Break2Callback
                         0x800'1101    0x2  Code  Wk  stm32g0xx_hal_tim_ex.o [4]
HAL_TIMEx_BreakCallback
                         0x800'10ff    0x2  Code  Wk  stm32g0xx_hal_tim_ex.o [4]
HAL_TIMEx_CommutCallback
                         0x800'1105    0x2  Code  Wk  stm32g0xx_hal_tim_ex.o [4]
HAL_TIMEx_ConfigBreakDeadTime
                         0x800'3051   0xa6  Code  Gb  stm32g0xx_hal_tim_ex.o [4]
HAL_TIMEx_PWMN_Start_DMA
                         0x800'2d65  0x1d4  Code  Gb  stm32g0xx_hal_tim_ex.o [4]
HAL_TIMEx_PWMN_Stop_DMA
                         0x800'2f39   0xe8  Code  Gb  stm32g0xx_hal_tim_ex.o [4]
HAL_TIM_Base_Init        0x800'00c1   0x64  Code  Gb  stm32g0xx_hal_tim.o [4]
HAL_TIM_Base_MspInit     0x800'0967   0x8c  Code  Gb  stm32g0xx_hal_msp.o [2]
HAL_TIM_Base_Start_IT    0x800'0125   0x62  Code  Gb  stm32g0xx_hal_tim.o [4]
HAL_TIM_ErrorCallback    0x800'339d    0x2  Code  Wk  stm32g0xx_hal_tim.o [4]
HAL_TIM_IC_CaptureCallback
                         0x800'0a63    0x2  Code  Wk  stm32g0xx_hal_tim.o [4]
HAL_TIM_IRQHandler       0x800'01f9  0x1ca  Code  Gb  stm32g0xx_hal_tim.o [4]
HAL_TIM_MspPostInit      0x800'09f3   0x44  Code  Gb  stm32g0xx_hal_msp.o [2]
HAL_TIM_OC_DelayElapsedCallback
                         0x800'0a65    0x2  Code  Wk  stm32g0xx_hal_tim.o [4]
HAL_TIM_PWM_ConfigChannel
                         0x800'03c5  0x164  Code  Gb  stm32g0xx_hal_tim.o [4]
HAL_TIM_PWM_Init         0x800'0195   0x64  Code  Gb  stm32g0xx_hal_tim.o [4]
HAL_TIM_PWM_MspInit      0x800'0a61    0x2  Code  Wk  stm32g0xx_hal_tim.o [4]
HAL_TIM_PWM_PulseFinishedCallback
                         0x800'0ebd   0x14  Code  Gb  main.o [2]
HAL_TIM_PWM_PulseFinishedHalfCpltCallback
                         0x800'1107    0x2  Code  Wk  stm32g0xx_hal_tim.o [4]
HAL_TIM_PeriodElapsedCallback
                         0x800'10ed   0x12  Code  Gb  digitalsynth_slide_butt.o [2]
HAL_TIM_TriggerCallback
                         0x800'1103    0x2  Code  Wk  stm32g0xx_hal_tim.o [4]
HardFault_Handler        0x800'3475    0x4  Code  Gb  stm32g0xx_it.o [2]
I2C1_IRQHandler          0x800'35bd         Code  Wk  startup_stm32g030xx.o [3]
I2C2_IRQHandler          0x800'35bf         Code  Wk  startup_stm32g030xx.o [3]
I2C_Flush_TXDR           0x800'1c81   0x28  Code  Lc  stm32g0xx_hal_i2c.o [4]
I2C_IsErrorOccurred      0x800'1dab  0x142  Code  Lc  stm32g0xx_hal_i2c.o [4]
I2C_WaitOnFlagUntilTimeout
                         0x800'1ca9   0x58  Code  Lc  stm32g0xx_hal_i2c.o [4]
I2C_WaitOnSTOPFlagUntilTimeout
                         0x800'1d59   0x52  Code  Lc  stm32g0xx_hal_i2c.o [4]
I2C_WaitOnTXISFlagUntilTimeout
                         0x800'1d01   0x58  Code  Lc  stm32g0xx_hal_i2c.o [4]
LED_Data                0x2000'0588   0x64  Data  Gb  main.o [2]
LL_ADC_EnableInternalRegulator
                         0x800'2723   0x10  Code  Lc  stm32g0xx_hal_adc.o [4]
LL_ADC_GetCommonPathInternalCh
                         0x800'268d    0xa  Code  Lc  stm32g0xx_hal_adc.o [4]
LL_ADC_GetSamplingTimeCommonChannels
                         0x800'26b7   0x18  Code  Lc  stm32g0xx_hal_adc.o [4]
LL_ADC_IsEnabled         0x800'273d    0xa  Code  Lc  stm32g0xx_hal_adc.o [4]
LL_ADC_IsInternalRegulatorEnabled
                         0x800'2733    0xa  Code  Lc  stm32g0xx_hal_adc.o [4]
LL_ADC_REG_IsConversionOngoing
                         0x800'2747    0xa  Code  Lc  stm32g0xx_hal_adc.o [4]
LL_ADC_REG_SetSequencerChAdd
                         0x800'26f3    0xc  Code  Lc  stm32g0xx_hal_adc.o [4]
LL_ADC_REG_SetSequencerChRem
                         0x800'26ff    0xc  Code  Lc  stm32g0xx_hal_adc.o [4]
LL_ADC_REG_SetSequencerRanks
                         0x800'26cf   0x24  Code  Lc  stm32g0xx_hal_adc.o [4]
LL_ADC_SetChannelSamplingTime
                         0x800'270b   0x18  Code  Lc  stm32g0xx_hal_adc.o [4]
LL_ADC_SetCommonPathInternalCh
                         0x800'2681    0xc  Code  Lc  stm32g0xx_hal_adc.o [4]
LL_ADC_SetSamplingTimeCommonChannels
                         0x800'2697   0x20  Code  Lc  stm32g0xx_hal_adc.o [4]
MX_ADC1_Init             0x800'0c2b   0x7a  Code  Lc  main.o [2]
MX_DMA_Init              0x800'0de5   0x26  Code  Lc  main.o [2]
MX_GPIO_Init             0x800'0e15   0xa8  Code  Lc  main.o [2]
MX_I2C1_Init             0x800'0ca5   0x50  Code  Lc  main.o [2]
MX_TIM14_Init            0x800'0cf5   0x26  Code  Lc  main.o [2]
MX_TIM17_Init            0x800'0d2d   0xa8  Code  Lc  main.o [2]
NMI_Handler              0x800'3471    0x4  Code  Gb  stm32g0xx_it.o [2]
PendSV_Handler           0x800'347b    0x2  Code  Gb  stm32g0xx_it.o [2]
RCC_IRQHandler           0x800'33a3         Code  Wk  startup_stm32g030xx.o [3]
RTC_TAMP_IRQHandler      0x800'0fef         Code  Wk  startup_stm32g030xx.o [3]
Region$$Table$$Base      0x800'3510          --   Gb  - Linker created -
Region$$Table$$Limit     0x800'3534          --   Gb  - Linker created -
Reset_Handler            0x800'359d         Code  Wk  startup_stm32g030xx.o [3]
SPI1_IRQHandler          0x800'35c1         Code  Wk  startup_stm32g030xx.o [3]
SPI2_IRQHandler          0x800'35c3         Code  Wk  startup_stm32g030xx.o [3]
SVC_Handler              0x800'3479    0x2  Code  Gb  stm32g0xx_it.o [2]
Set_LED                  0x800'0ed9   0x26  Code  Gb  main.o [2]
SysTick_Config           0x800'157d   0x32  Code  Lc  stm32g0xx_hal_cortex.o [4]
SysTick_Handler          0x800'347d    0x8  Code  Gb  stm32g0xx_it.o [2]
SystemClock_Config       0x800'0bcb   0x60  Code  Gb  main.o [2]
SystemCoreClock         0x2000'0044    0x4  Data  Gb  system_stm32g0xx.o [1]
SystemInit               0x800'35c9    0x2  Code  Gb  system_stm32g0xx.o [1]
TIM14_IRQHandler         0x800'348f    0xa  Code  Gb  stm32g0xx_it.o [2]
TIM16_IRQHandler         0x800'35b9         Code  Wk  startup_stm32g030xx.o [3]
TIM17_IRQHandler         0x800'35bb         Code  Wk  startup_stm32g030xx.o [3]
TIM1_BRK_UP_TRG_COM_IRQHandler
                         0x800'35b3         Code  Wk  startup_stm32g030xx.o [3]
TIM1_CC_IRQHandler       0x800'35b5         Code  Wk  startup_stm32g030xx.o [3]
TIM3_IRQHandler          0x800'35b7         Code  Wk  startup_stm32g030xx.o [3]
TIM_Base_SetConfig       0x800'0571   0x6a  Code  Gb  stm32g0xx_hal_tim.o [4]
TIM_CCxNChannelCmd       0x800'31ed   0x24  Code  Lc  stm32g0xx_hal_tim_ex.o [4]
TIM_DMADelayPulseHalfCplt
                         0x800'0531   0x40  Code  Gb  stm32g0xx_hal_tim.o [4]
TIM_DMADelayPulseNCplt   0x800'312d   0x76  Code  Lc  stm32g0xx_hal_tim_ex.o [4]
TIM_DMAErrorCCxN         0x800'31a3   0x4a  Code  Lc  stm32g0xx_hal_tim_ex.o [4]
TIM_OC1_SetConfig        0x800'05db   0x70  Code  Lc  stm32g0xx_hal_tim.o [4]
TIM_OC2_SetConfig        0x800'064b   0x6e  Code  Gb  stm32g0xx_hal_tim.o [4]
TIM_OC3_SetConfig        0x800'06b9   0x6a  Code  Lc  stm32g0xx_hal_tim.o [4]
TIM_OC4_SetConfig        0x800'0723   0x50  Code  Lc  stm32g0xx_hal_tim.o [4]
TIM_OC5_SetConfig        0x800'0789   0x48  Code  Lc  stm32g0xx_hal_tim.o [4]
TIM_OC6_SetConfig        0x800'07d9   0x4c  Code  Lc  stm32g0xx_hal_tim.o [4]
USART1_IRQHandler        0x800'35c5         Code  Wk  startup_stm32g030xx.o [3]
USART2_IRQHandler        0x800'35c7         Code  Wk  startup_stm32g030xx.o [3]
WS2812_Send              0x800'0f0d   0x82  Code  Gb  main.o [2]
WWDG_IRQHandler          0x800'0a67         Code  Wk  startup_stm32g030xx.o [3]
__ICFEDIT_region_RAM_end__ {Abs}
                        0x2000'1fff         Data  Gb  <internal module>
__ICFEDIT_region_RAM_start__ {Abs}
                        0x2000'0000         Data  Gb  <internal module>
__NVIC_EnableIRQ         0x800'14f1   0x18  Code  Lc  stm32g0xx_hal_cortex.o [4]
__NVIC_SetPriority       0x800'1509   0x74  Code  Lc  stm32g0xx_hal_cortex.o [4]
__aeabi_idiv0            0x800'33a1         Code  Gb  IntDivZer.o [6]
__aeabi_memset           0x800'323d         Code  Gb  ABImemset.o [6]
__aeabi_uidiv            0x800'328b         Code  Gb  I32DivModFast.o [6]
__aeabi_uidivmod         0x800'328b         Code  Gb  I32DivModFast.o [6]
__cmain                  0x800'3535         Code  Gb  cmain.o [6]
__exit                   0x800'356d   0x14  Code  Gb  exit.o [7]
__iar_Memset4_word       0x800'325d         Code  Gb  ABImemset.o [6]
__iar_Memset_word        0x800'3249         Code  Gb  ABImemset.o [6]
__iar_copy_init3         0x800'34b9   0x30  Code  Gb  copy_init3.o [6]
__iar_data_init3         0x800'34e9   0x28  Code  Gb  data_init.o [6]
__iar_program_start      0x800'3581         Code  Gb  cstartup_M.o [6]
__iar_zero_init3         0x800'3435   0x3c  Code  Gb  zero_init3.o [6]
__low_level_init         0x800'3553    0x4  Code  Gb  low_level_init.o [5]
__vector_table           0x800'0000         Data  Gb  startup_stm32g030xx.o [3]
_call_main               0x800'3541         Code  Gb  cmain.o [6]
_exit                    0x800'3561         Code  Gb  cexit.o [6]
bButtonStateCurr        0x2000'0734   0x1c  Data  Gb  digitalsynth_slide_butt.o [2]
bButtonStateOld         0x2000'0750   0x1c  Data  Gb  digitalsynth_slide_butt.o [2]
datasentflag            0x2000'0778    0x4  Data  Gb  main.o [2]
exit                     0x800'3557    0x8  Code  Gb  exit.o [5]
getNewState              0x800'0ff1   0x5c  Code  Gb  digitalsynth_slide_butt.o [2]
gpioColPort             0x2000'002c   0x14  Data  Gb  digitalsynth_slide_butt.o [2]
gpioRowPort             0x2000'000c   0x14  Data  Gb  digitalsynth_slide_butt.o [2]
hadc1                   0x2000'0524   0x64  Data  Gb  main.o [2]
hdma_tim17_ch1          0x2000'05ec   0x5c  Data  Gb  main.o [2]
hi2c1                   0x2000'0648   0x54  Data  Gb  main.o [2]
htim14                  0x2000'069c   0x4c  Data  Gb  main.o [2]
htim17                  0x2000'06e8   0x4c  Data  Gb  main.o [2]
i2c_reset                0x800'0f95   0x2a  Code  Gb  main.o [2]
main                     0x800'0a69  0x162  Code  Gb  main.o [2]
memset                   0x800'1109   0x14  Code  Gb  memset.o [6]
pwmData                 0x2000'004c  0x4d8  Data  Gb  main.o [2]
refreshOldState          0x800'10a1   0x2e  Code  Gb  digitalsynth_slide_butt.o [2]
sCont                   0x2000'076c    0xc  Data  Gb  main.o [2]
setButtonState           0x800'104d   0x54  Code  Gb  digitalsynth_slide_butt.o [2]
status                  0x2000'078c    0x1  Data  Gb  main.o [2]
u16ColPin               0x2000'0020    0xc  Data  Gb  digitalsynth_slide_butt.o [2]
u16RowPin               0x2000'0000    0xc  Data  Gb  digitalsynth_slide_butt.o [2]
u32ErrorTick            0x2000'0784    0x4  Data  Gb  main.o [2]
u32LastButtTick         0x2000'0780    0x4  Data  Gb  main.o [2]
u32LastToggleTick       0x2000'077c    0x4  Data  Gb  main.o [2]
u8ErrorFlag             0x2000'078d    0x1  Data  Gb  main.o [2]
uwTick                  0x2000'0788    0x4  Data  Gb  stm32g0xx_hal.o [4]
uwTickFreq              0x2000'0048    0x1  Data  Gb  stm32g0xx_hal.o [4]
uwTickPrio              0x2000'0040    0x4  Data  Gb  stm32g0xx_hal.o [4]


[1] = C:\Users\torok\Dokumentumok\KiCad_projects\Digital synthesizer project\software_slidepot\EWARM\software_slidepot\Obj\CMSIS_6603591812247902717.dir
[2] = C:\Users\torok\Dokumentumok\KiCad_projects\Digital synthesizer project\software_slidepot\EWARM\software_slidepot\Obj\Core_13247989168731456611.dir
[3] = C:\Users\torok\Dokumentumok\KiCad_projects\Digital synthesizer project\software_slidepot\EWARM\software_slidepot\Obj\EWARM_18443280873093131863.dir
[4] = C:\Users\torok\Dokumentumok\KiCad_projects\Digital synthesizer project\software_slidepot\EWARM\software_slidepot\Obj\STM32G0xx_HAL_Driver_14800413719917403617.dir
[5] = dl6M_tln.a
[6] = rt6M_tl.a
[7] = shb_l.a

  13'592 bytes of readonly  code memory
     178 bytes of readonly  data memory
   2'955 bytes of readwrite data memory

Errors: none
Warnings: none
